2026-01-10T07:55:20.555Z| Launching Executor
2026-01-10T07:55:20.555Z| Setting up Executor - Reset Requested
2026-01-10T07:55:20.561Z| BmcInfoImpl: Retrieve Version information failed
2026-01-10T07:55:20.568Z| ignoring plugin 'tls-advanced-option' because version '6.7.0'  has already been run.
2026-01-10T07:55:20.617Z| executing start plugin: check-required-memory
2026-01-10T07:55:20.636Z| executing start plugin: restore-configuration
2026-01-10T07:55:20.749Z| executing start plugin: vmkeventd
2026-01-10T07:55:20.816Z| executing start plugin: lfHelper
2026-01-10T07:55:20.995Z| executing start plugin: autodeploy-enabled
2026-01-10T07:55:21.045Z| executing start plugin: advanced-user-configuration-options
2026-01-10T07:55:21.169Z| executing start plugin: vsan-early
2026-01-10T07:55:21.231Z| executing start plugin: restore-advanced-configuration
2026-01-10T07:55:22.195Z| executing start plugin: PSA-boot-config
2026-01-10T07:55:22.202Z| executing start plugin: vprobe
2026-01-10T07:55:22.219Z| executing start plugin: vmkapi-mgmt
2026-01-10T07:55:22.231Z| executing start plugin: iodm
2026-01-10T07:55:22.241Z| executing start plugin: dma-engine
2026-01-10T07:55:22.294Z| executing start plugin: hardware-config
2026-01-10T07:55:22.438Z| executing start plugin: mgmt-vmkapi-compatibility
2026-01-10T07:55:22.525Z| executing start plugin: vmkernel-vmkapi-compatibility
2026-01-10T07:55:22.637Z| executing start plugin: driver-status-check
2026-01-10T07:55:22.686Z| executing start plugin: lineage-tags
2026-01-10T07:55:22.775Z| executing start plugin: restore-software-devices
2026-01-10T07:55:22.775Z| executing start plugin: vmklinux
2026-01-10T07:55:22.775Z| executing start plugin: vmkdevmgr
2026-01-10T07:55:24.649Z| executing start plugin: register-vmw-satp
2026-01-10T07:55:24.651Z| executing start plugin: register-vmw-mpp
2026-01-10T07:55:24.651Z| executing start plugin: register-vmw-psp
2026-01-10T07:55:24.651Z| executing start plugin: etherswitch
2026-01-10T07:55:24.795Z| executing start plugin: aslr
2026-01-10T07:55:24.796Z| executing start plugin: random
2026-01-10T07:55:24.796Z| executing start plugin: storage-early-config-dev-settings
2026-01-10T07:55:24.853Z| executing start plugin: networking-drivers
2026-01-10T07:55:25.058Z| executing start plugin: register-vmw-vaai
2026-01-10T07:55:25.059Z| executing start plugin: usb
2026-01-10T07:55:25.109Z| executing start plugin: local-storage
2026-01-10T07:55:25.222Z| executing start plugin: psa-mask-paths
2026-01-10T07:55:25.224Z| executing start plugin: network-uplink-init
2026-01-10T07:55:25.859Z| executing start plugin: psa-nmp-pre-claim-config
2026-01-10T07:55:26.038Z| executing start plugin: vmci
2026-01-10T07:55:26.054Z| executing start plugin: psa-filter-pre-claim-config
2026-01-10T07:55:26.168Z| executing start plugin: restore-system-uuid
2026-01-10T07:55:26.173Z| executing start plugin: restore-storage-multipathing
2026-01-10T07:55:26.178Z| executing start plugin: network-support
2026-01-10T07:55:26.560Z| executing start plugin: psa-load-rules
2026-01-10T07:55:26.575Z| executing start plugin: vds-vmkapi-compatibility
2026-01-10T07:55:26.575Z| executing start plugin: psa-filter-post-claim-config
2026-01-10T07:55:26.575Z| executing start plugin: psa-nmp-post-claim-config
2026-01-10T07:55:26.575Z| executing start plugin: vmkdrbg
2026-01-10T07:55:26.611Z| executing start plugin: mlx4_en
2026-01-10T07:55:26.611Z| executing start plugin: dvfilters-vmkapi-compatibility
2026-01-10T07:55:26.730Z| executing start plugin: vds-config
2026-01-10T07:55:26.730Z| executing start plugin: storage-drivers
2026-01-10T07:55:27.123Z| executing start plugin: vxlan-base
2026-01-10T07:55:27.123Z| executing start plugin: firewall
2026-01-10T07:55:27.154Z| executing start plugin: vmkcrypto
2026-01-10T07:55:27.553Z| executing start plugin: dvfilter-config
2026-01-10T07:55:27.553Z| executing start plugin: dvfilter-generic-fastpath
2026-01-10T07:55:27.570Z| executing start plugin: lacp-daemon
2026-01-10T07:55:27.661Z| executing start plugin: storage-psa-init
2026-01-10T07:55:27.717Z| executing start plugin: restore-networking
2026-01-10T07:55:27.810Z| executing start plugin: random-seed
2026-01-10T07:55:27.829Z| executing start plugin: dvfilters
2026-01-10T07:55:27.879Z| executing start plugin: restore-pxe-marker
2026-01-10T07:55:27.879Z| executing start plugin: auto-configure-networking
2026-01-10T07:55:27.880Z| executing start plugin: storage-early-configuration
2026-01-10T07:55:28.004Z| executing start plugin: bnx2fc
2026-01-10T07:55:28.005Z| executing start plugin: software-iscsi
2026-01-10T07:55:28.018Z| executing start plugin: mount-filesystems
2026-01-10T07:55:28.040Z| executing start plugin: fcoe-config
2026-01-10T07:55:28.061Z| executing start plugin: storage-path-claim
2026-01-10T07:55:36.087Z| executing start plugin: vfat
2026-01-10T07:55:36.098Z| executing start plugin: restore-paths
2026-01-10T07:55:36.100Z| executing start plugin: filesystem-drivers
2026-01-10T07:55:36.150Z| executing start plugin: restore-bootbanks
2026-01-10T07:55:36.196Z| executing start plugin: vsan-base
2026-01-10T07:55:36.196Z| executing start plugin: restore-resource-groups
2026-01-10T07:55:36.197Z| executing start plugin: gss
2026-01-10T07:55:36.209Z| executing start plugin: vsan-devel
2026-01-10T07:55:36.291Z| executing start plugin: vmfs
2026-01-10T07:55:36.399Z| executing start plugin: dump-partition
2026-01-10T07:55:36.401Z| executing start plugin: rpc
2026-01-10T07:55:36.414Z| executing start plugin: vsan
2026-01-10T07:55:36.433Z| executing start plugin: krb5
2026-01-10T07:55:36.462Z| executing start plugin: etc-hosts
2026-01-10T07:55:36.462Z| executing start plugin: nfs
2026-01-10T07:55:36.476Z| executing start plugin: nfs41
2026-01-10T07:55:36.498Z| executing start plugin: mount-disk-fs
2026-01-10T07:55:37.729Z| executing start plugin: auto-configure-pmem
2026-01-10T07:55:38.337Z| executing start plugin: restore-nfs-volumes
2026-01-10T07:55:38.339Z| executing start plugin: auto-configure-storage
2026-01-10T07:55:38.339Z| executing start plugin: configure-locker
2026-01-10T07:55:38.496Z| executing start plugin: restore-host-cache
2026-01-10T07:55:38.506Z| executing start plugin: pciPassthru
2026-01-10T07:55:38.536Z| executing start plugin: vflash
2026-01-10T07:55:38.563Z| executing start plugin: dump-file
2026-01-10T07:55:38.615Z| executing start plugin: coredump-partition-boot-device-expand
2026-01-10T07:55:38.795Z| executing start plugin: iofilters
2026-01-10T07:55:38.823Z| executing start plugin: vsan-late
2026-01-10T07:55:38.829Z| executing start plugin: restore-system-swap
2026-01-10T07:55:39.045Z| executing start plugin: bootimgdb
2026-01-10T07:55:39.102Z| executing start plugin: oem-modules
2026-01-10T07:55:39.153Z| executing start plugin: procMisc
2026-01-10T07:55:39.163Z| executing start plugin: restore-security-policies
2026-01-10T07:55:39.228Z| executing start plugin: apei
2026-01-10T07:55:39.303Z| executing start plugin: crond
2026-01-10T07:55:39.324Z| executing start plugin: rdma-vmkapi-compatibility
2026-01-10T07:55:39.463Z| executing start plugin: ipmi
2026-01-10T07:55:39.565Z| executing start plugin: restore-keymap
2026-01-10T07:55:39.566Z| executing start plugin: nmp-vmkapi-compatibility
2026-01-10T07:55:39.678Z| executing start plugin: iscsi-vmkapi-compatibility
2026-01-10T07:55:39.794Z| executing start plugin: vrdma
2026-01-10T07:55:39.822Z| executing start plugin: balloonVMCI
2026-01-10T07:55:39.852Z| executing start plugin: hbr
2026-01-10T07:55:39.882Z| executing start plugin: ftcpt
2026-01-10T07:55:39.919Z| executing start plugin: tpm
2026-01-10T07:55:39.968Z| Method invocation failed: tpm->start() failed: exited with code 1
2026-01-10T07:55:39.968Z| executing start plugin: cbrc
2026-01-10T07:55:40.020Z| executing start plugin: autodeploy-setpassword
2026-01-10T07:55:40.075Z| executing start plugin: inetd
2026-01-10T07:55:40.094Z| executing start plugin: tag-boot-bank
2026-01-10T07:55:40.151Z| executing start plugin: bootloader-update-check
2026-01-10T07:55:41.175Z| executing start plugin: set-acceptance-level
2026-01-10T07:55:42.678Z| executing start plugin: system-image-cache
2026-01-10T07:55:42.679Z| executing start plugin: vmotion
2026-01-10T07:55:42.726Z| executing start plugin: pcipassthrupool
2026-01-10T07:55:42.776Z| executing start plugin: vfc
2026-01-10T07:55:42.794Z| executing start plugin: coredump-configuration
2026-01-10T07:55:43.514Z| executing start plugin: iofilters_castore
2026-01-10T07:55:43.533Z| executing start plugin: vit
2026-01-10T07:55:43.534Z| executing start plugin: nvme-nguid-config
2026-01-10T07:55:43.906Z| executing start plugin: scratch-storage
2026-01-10T07:55:44.576Z| executing start plugin: pingback
2026-01-10T07:55:44.627Z| executing start plugin: vmswapcleanup
2026-01-10T07:55:44.631Z| Executor has been Successfully Stopped
2026-01-10T07:55:45.626Z| executing start plugin: SSH
2026-01-10T07:55:45.832Z| executing start plugin: DCUI
2026-01-10T07:55:46.037Z| executing start plugin: esxui
2026-01-10T07:55:46.848Z| executing start plugin: usbarbitrator
2026-01-10T07:55:48.667Z| executing start plugin: iofilterd-spm
2026-01-10T07:55:51.289Z| executing start plugin: swapobjd
2026-01-10T07:55:51.696Z| executing start plugin: iofilterd-vmwarevmcrypt
2026-01-10T07:55:51.899Z| executing start plugin: vvold
2026-01-10T07:55:53.517Z| executing start plugin: hostdCgiServer
2026-01-10T07:55:53.722Z| executing start plugin: hostd
2026-01-10T07:55:54.533Z| executing start plugin: rhttpproxy
2026-01-10T07:55:54.939Z| executing start plugin: sdrsInjector
2026-01-10T07:55:55.144Z| executing start plugin: storageRM
2026-01-10T07:55:55.349Z| executing start plugin: sensord
2026-01-10T07:55:55.754Z| executing start plugin: lbtd
2026-01-10T07:55:55.959Z| executing start plugin: nfcd
2026-01-10T07:55:56.164Z| executing start plugin: vmfstraced
2026-01-10T07:55:56.369Z| executing start plugin: rabbitmqproxy
2026-01-10T07:55:56.978Z| executing start plugin: slpd
2026-01-10T07:55:57.183Z| executing start plugin: dcbd
2026-01-10T07:55:57.388Z| executing start plugin: cdp
2026-01-10T07:55:57.593Z| executing start plugin: nscd
2026-01-10T07:55:57.798Z| executing start plugin: nicmgmtd
2026-01-10T07:55:58.204Z| executing start plugin: lacp
2026-01-10T07:55:58.409Z| executing start plugin: memscrubd
2026-01-10T07:55:58.614Z| executing start plugin: smartd
2026-01-10T07:55:58.819Z| executing start plugin: vpxa
2026-01-10T07:55:59.024Z| executing start plugin: sfcbd-watchdog
2026-01-10T07:55:59.429Z| executing start plugin: wsman
2026-01-10T07:55:59.634Z| executing start plugin: snmpd
2026-01-10T07:56:00.039Z| Jumpstart failed to start: snmpd reason: Execution of command: /etc/init.d/snmpd start failed with status: 1
2026-01-10T07:56:00.041Z| executing start plugin: xorg
2026-01-10T07:56:00.447Z| executing start plugin: vmtoolsd
