VMKernel Initialization Time: 15000000
[2026-01-10 07:55:24.649244 - 2026-01-10 07:55:24.651093] sysboot: register-vmw-satp
[2026-01-10 07:55:39.102518 - 2026-01-10 07:55:39.153570] sysboot: oem-modules
[2026-01-10 07:55:22.231726 - 2026-01-10 07:55:22.241794] sysboot: iodm
[2026-01-10 07:55:38.795730 - 2026-01-10 07:55:38.823827] sysboot: iofilters
[2026-01-10 07:55:39.153621 - 2026-01-10 07:55:39.163503] sysboot: procMisc
[2026-01-10 07:55:27.154924 - 2026-01-10 07:55:27.553612] sysboot: vmkcrypto
[2026-01-10 07:55:22.195959 - 2026-01-10 07:55:22.202185] sysboot: PSA-boot-config
[2026-01-10 07:55:24.853058 - 2026-01-10 07:55:25.058346] sysboot: networking-drivers
[2026-01-10 07:55:36.401545 - 2026-01-10 07:55:36.414934] sysboot: rpc
[2026-01-10 07:55:40.151521 - 2026-01-10 07:55:41.175131] sysboot: bootloader-update-check
[2026-01-10 07:55:39.565914 - 2026-01-10 07:55:39.566463] sysboot: restore-keymap
[2026-01-10 07:55:22.202210 - 2026-01-10 07:55:22.219640] sysboot: vprobe
[2026-01-10 07:55:24.651134 - 2026-01-10 07:55:24.651454] sysboot: register-vmw-mpp
[2026-01-10 07:55:43.514198 - 2026-01-10 07:55:43.533222] sysboot: iofilters_castore
[2026-01-10 07:55:22.241818 - 2026-01-10 07:55:22.294460] sysboot: dma-engine
[2026-01-10 07:55:27.880128 - 2026-01-10 07:55:28.004630] sysboot: storage-early-configuration
[2026-01-10 07:55:27.661568 - 2026-01-10 07:55:27.717454] sysboot: storage-psa-init
[2026-01-10 07:55:36.462814 - 2026-01-10 07:55:36.462860] sysboot: etc-hosts
[2026-01-10 07:55:43.534319 - 2026-01-10 07:55:43.906359] sysboot: nvme-nguid-config
[2026-01-10 07:55:27.553675 - 2026-01-10 07:55:27.553724] sysboot: dvfilter-config
[2026-01-10 07:55:39.852591 - 2026-01-10 07:55:39.882717] sysboot: hbr
[2026-01-10 07:55:22.438763 - 2026-01-10 07:55:22.524964] sysboot: mgmt-vmkapi-compatibility
[2026-01-10 07:55:39.324423 - 2026-01-10 07:55:39.463887] sysboot: rdma-vmkapi-compatibility
[2026-01-10 07:55:36.087407 - 2026-01-10 07:55:36.098246] sysboot: vfat
[2026-01-10 07:55:38.339226 - 2026-01-10 07:55:38.496727] sysboot: configure-locker
[1970-01-01 00:00:00.000000 - 1970-01-01 00:00:00.000000] sysboot: tls-advanced-option
[2026-01-10 07:55:24.651936 - 2026-01-10 07:55:24.795286] sysboot: etherswitch
[2026-01-10 07:55:36.100460 - 2026-01-10 07:55:36.150162] sysboot: filesystem-drivers
[2026-01-10 07:55:36.196640 - 2026-01-10 07:55:36.197909] sysboot: restore-resource-groups
[2026-01-10 07:55:36.462897 - 2026-01-10 07:55:36.476129] sysboot: nfs
[2026-01-10 07:55:26.575088 - 2026-01-10 07:55:26.575109] sysboot: psa-filter-post-claim-config
[2026-01-10 07:55:36.098278 - 2026-01-10 07:55:36.100426] sysboot: restore-paths
[2026-01-10 07:55:22.637971 - 2026-01-10 07:55:22.686840] sysboot: driver-status-check
[2026-01-10 07:55:38.496771 - 2026-01-10 07:55:38.506277] sysboot: restore-host-cache
[2026-01-10 07:55:28.018705 - 2026-01-10 07:55:28.040401] sysboot: mount-filesystems
[2026-01-10 07:55:26.177996 - 2026-01-10 07:55:26.560402] sysboot: network-support
[2026-01-10 07:55:26.575126 - 2026-01-10 07:55:26.575146] sysboot: psa-nmp-post-claim-config
[2026-01-10 07:55:42.794795 - 2026-01-10 07:55:43.514137] sysboot: coredump-configuration
[2026-01-10 07:55:26.611850 - 2026-01-10 07:55:26.730107] sysboot: dvfilters-vmkapi-compatibility
[2026-01-10 07:55:39.882744 - 2026-01-10 07:55:39.919295] sysboot: ftcpt
[2026-01-10 07:55:38.337925 - 2026-01-10 07:55:38.339025] sysboot: restore-nfs-volumes
[2026-01-10 07:55:39.919323 - 2026-01-10 07:55:39.968917] sysboot: tpm
[2026-01-10 07:55:39.163544 - 2026-01-10 07:55:39.228439] sysboot: restore-security-policies
[2026-01-10 07:55:25.224347 - 2026-01-10 07:55:25.859072] sysboot: network-uplink-init
[2026-01-10 07:55:21.045552 - 2026-01-10 07:55:21.169138] sysboot: advanced-user-configuration-options
[2026-01-10 07:55:38.563568 - 2026-01-10 07:55:38.615327] sysboot: dump-file
[2026-01-10 07:55:28.061391 - 2026-01-10 07:55:36.087310] sysboot: storage-path-claim
[2026-01-10 07:55:38.339059 - 2026-01-10 07:55:38.339190] sysboot: auto-configure-storage
[2026-01-10 07:55:26.560449 - 2026-01-10 07:55:26.575012] sysboot: psa-load-rules
[2026-01-10 07:55:25.058417 - 2026-01-10 07:55:25.059553] sysboot: register-vmw-vaai
[2026-01-10 07:55:26.054747 - 2026-01-10 07:55:26.168949] sysboot: psa-filter-pre-claim-config
[2026-01-10 07:55:27.879636 - 2026-01-10 07:55:27.879864] sysboot: restore-pxe-marker
[2026-01-10 07:55:22.219705 - 2026-01-10 07:55:22.231701] sysboot: vmkapi-mgmt
[2026-01-10 07:55:26.575168 - 2026-01-10 07:55:26.611598] sysboot: vmkdrbg
[2026-01-10 07:55:39.228488 - 2026-01-10 07:55:39.303273] sysboot: apei
[2026-01-10 07:55:42.678895 - 2026-01-10 07:55:42.679160] sysboot: system-image-cache
[2026-01-10 07:55:28.005051 - 2026-01-10 07:55:28.018666] sysboot: software-iscsi
[2026-01-10 07:55:25.222550 - 2026-01-10 07:55:25.224325] sysboot: psa-mask-paths
[2026-01-10 07:55:22.525019 - 2026-01-10 07:55:22.637924] sysboot: vmkernel-vmkapi-compatibility
[2026-01-10 07:55:39.678427 - 2026-01-10 07:55:39.794940] sysboot: iscsi-vmkapi-compatibility
[2026-01-10 07:55:42.726773 - 2026-01-10 07:55:42.776801] sysboot: pcipassthrupool
[2026-01-10 07:55:36.433441 - 2026-01-10 07:55:36.462775] sysboot: krb5
[2026-01-10 07:55:39.463952 - 2026-01-10 07:55:39.565856] sysboot: ipmi
[2026-01-10 07:55:22.686891 - 2026-01-10 07:55:22.775005] sysboot: lineage-tags
[2026-01-10 07:55:36.498658 - 2026-01-10 07:55:37.729851] sysboot: mount-disk-fs
[2026-01-10 07:55:26.173441 - 2026-01-10 07:55:26.177968] sysboot: restore-storage-multipathing
[2026-01-10 07:55:27.829927 - 2026-01-10 07:55:27.879556] sysboot: dvfilters
[2026-01-10 07:55:20.749051 - 2026-01-10 07:55:20.816562] sysboot: vmkeventd
[2026-01-10 07:55:40.075126 - 2026-01-10 07:55:40.094033] sysboot: inetd
[2026-01-10 07:55:26.730235 - 2026-01-10 07:55:27.123305] sysboot: storage-drivers
[2026-01-10 07:55:37.729946 - 2026-01-10 07:55:38.337832] sysboot: auto-configure-pmem
[2026-01-10 07:55:40.094057 - 2026-01-10 07:55:40.151460] sysboot: tag-boot-bank
[2026-01-10 07:55:27.717505 - 2026-01-10 07:55:27.810737] sysboot: restore-networking
[2026-01-10 07:55:40.020481 - 2026-01-10 07:55:40.075073] sysboot: autodeploy-setpassword
[2026-01-10 07:55:22.775462 - 2026-01-10 07:55:24.649092] sysboot: vmkdevmgr
[2026-01-10 07:55:41.175223 - 2026-01-10 07:55:42.678797] sysboot: set-acceptance-level
[2026-01-10 07:55:26.730164 - 2026-01-10 07:55:26.730220] sysboot: vds-config
[2026-01-10 07:55:36.399928 - 2026-01-10 07:55:36.401500] sysboot: dump-partition
[2026-01-10 07:55:38.829331 - 2026-01-10 07:55:39.045007] sysboot: restore-system-swap
[2026-01-10 07:55:39.794972 - 2026-01-10 07:55:39.822092] sysboot: vrdma
[2026-01-10 07:55:42.776854 - 2026-01-10 07:55:42.794775] sysboot: vfc
[2026-01-10 07:55:25.109236 - 2026-01-10 07:55:25.222505] sysboot: local-storage
[2026-01-10 07:55:22.775037 - 2026-01-10 07:55:22.775383] sysboot: restore-software-devices
[2026-01-10 07:55:38.506309 - 2026-01-10 07:55:38.536567] sysboot: pciPassthru
[2026-01-10 07:55:24.651481 - 2026-01-10 07:55:24.651916] sysboot: register-vmw-psp
[2026-01-10 07:55:38.615365 - 2026-01-10 07:55:38.795666] sysboot: coredump-partition-boot-device-expand
[2026-01-10 07:55:20.816642 - 2026-01-10 07:55:20.995381] sysboot: lfHelper
[2026-01-10 07:55:25.059573 - 2026-01-10 07:55:25.109167] sysboot: usb
[2026-01-10 07:55:39.566488 - 2026-01-10 07:55:39.678391] sysboot: nmp-vmkapi-compatibility
[2026-01-10 07:55:27.123386 - 2026-01-10 07:55:27.123454] sysboot: vxlan-base
[2026-01-10 07:55:22.294491 - 2026-01-10 07:55:22.438725] sysboot: hardware-config
[2026-01-10 07:55:26.575047 - 2026-01-10 07:55:26.575075] sysboot: vds-vmkapi-compatibility
[2026-01-10 07:55:44.627374 - 2026-01-10 07:55:44.627874] sysboot: vmswapcleanup
[2026-01-10 07:55:25.859160 - 2026-01-10 07:55:26.038324] sysboot: psa-nmp-pre-claim-config
[2026-01-10 07:55:36.476156 - 2026-01-10 07:55:36.498627] sysboot: nfs41
[2026-01-10 07:55:43.906469 - 2026-01-10 07:55:44.576011] sysboot: scratch-storage
[2026-01-10 07:55:27.570538 - 2026-01-10 07:55:27.661495] sysboot: lacp-daemon
[2026-01-10 07:55:44.576080 - 2026-01-10 07:55:44.627352] sysboot: pingback
[2026-01-10 07:55:22.775405 - 2026-01-10 07:55:22.775434] sysboot: vmklinux
[2026-01-10 07:55:26.038377 - 2026-01-10 07:55:26.054722] sysboot: vmci
[2026-01-10 07:55:36.197929 - 2026-01-10 07:55:36.209466] sysboot: gss
[2026-01-10 07:55:26.168977 - 2026-01-10 07:55:26.173423] sysboot: restore-system-uuid
[2026-01-10 07:55:27.810795 - 2026-01-10 07:55:27.829894] sysboot: random-seed
[2026-01-10 07:55:21.231198 - 2026-01-10 07:55:22.195896] sysboot: restore-advanced-configuration
[2026-01-10 07:55:20.636258 - 2026-01-10 07:55:20.749010] sysboot: restore-configuration
[2026-01-10 07:55:20.995445 - 2026-01-10 07:55:21.045496] sysboot: autodeploy-enabled
[2026-01-10 07:55:20.617313 - 2026-01-10 07:55:20.636205] sysboot: check-required-memory
[2026-01-10 07:55:39.968956 - 2026-01-10 07:55:40.020422] sysboot: cbrc
[2026-01-10 07:55:39.303321 - 2026-01-10 07:55:39.324392] sysboot: crond
[2026-01-10 07:55:27.123469 - 2026-01-10 07:55:27.154885] sysboot: firewall
[2026-01-10 07:55:39.822119 - 2026-01-10 07:55:39.852524] sysboot: balloonVMCI
[2026-01-10 07:55:24.795355 - 2026-01-10 07:55:24.796791] sysboot: aslr
[2026-01-10 07:55:36.150185 - 2026-01-10 07:55:36.196549] sysboot: restore-bootbanks
[2026-01-10 07:55:24.796820 - 2026-01-10 07:55:24.796848] sysboot: random
[2026-01-10 07:55:27.879893 - 2026-01-10 07:55:27.880092] sysboot: auto-configure-networking
[2026-01-10 07:55:24.796866 - 2026-01-10 07:55:24.852986] sysboot: storage-early-config-dev-settings
[2026-01-10 07:55:39.045062 - 2026-01-10 07:55:39.102480] sysboot: bootimgdb
[2026-01-10 07:55:36.291586 - 2026-01-10 07:55:36.399874] sysboot: vmfs
[2026-01-10 07:55:38.536598 - 2026-01-10 07:55:38.563534] sysboot: vflash
[2026-01-10 07:55:28.040428 - 2026-01-10 07:55:28.061364] sysboot: fcoe-config
[2026-01-10 07:55:42.679178 - 2026-01-10 07:55:42.726736] sysboot: vmotion
[2026-01-10 07:55:26.611627 - 2026-01-10 07:55:26.611828] sysboot: mlx4_en
[2026-01-10 07:55:28.004699 - 2026-01-10 07:55:28.005015] sysboot: bnx2fc
[2026-01-10 07:55:27.553747 - 2026-01-10 07:55:27.570507] sysboot: dvfilter-generic-fastpath
[2026-01-10 07:55:38.823922 - 2026-01-10 07:55:38.829280] sysboot: vsan-late
[2026-01-10 07:55:43.533273 - 2026-01-10 07:55:43.534294] sysboot: vit
[2026-01-10 07:55:36.414961 - 2026-01-10 07:55:36.433407] sysboot: vsan
[2026-01-10 07:55:36.196583 - 2026-01-10 07:55:36.196624] sysboot: vsan-base
[2026-01-10 07:55:21.169168 - 2026-01-10 07:55:21.231169] sysboot: vsan-early
[2026-01-10 07:55:36.209492 - 2026-01-10 07:55:36.291557] sysboot: vsan-devel
=== Jumpstart configuration info ===
 Start: 2026-01-10 07:55:20.252719
 End: 2026-01-10 07:55:44.630747
 Verbose: 0
 Parallel: 0
 Randomize: 0
 Interactive Mode: 0
 Random Seed: 1768031720
