2001-01-01T01:16:58Z storageRM[2099059]: PREF early PreferenceGet(log.syslogID), using default
2001-01-01T01:16:58Z storageRM[2099059]: PREF early PreferenceGet(storageRM.log.syslogID), using default
2001-01-01T01:16:58Z storageRM[2099059]: PREF early PreferenceGet(log.syslogLevel), using default
2001-01-01T01:16:58Z storageRM[2099059]: PREF early PreferenceGet(storageRM.log.syslogLevel), using default
2001-01-01T01:16:58Z storageRM[2099059]: PREF early PreferenceGet(log.syslogMinLevel), using default
2001-01-01T01:16:58Z storageRM[2099059]: PREF early PreferenceGet(storageRM.log.syslogMinLevel), using default
2001-01-01T01:16:58Z storageRM[2099059]: PREF early PreferenceGet(log.stderrLevel), using default
2001-01-01T01:16:58Z storageRM[2099059]: PREF early PreferenceGet(storageRM.log.stderrLevel), using default
2001-01-01T01:16:58Z storageRM[2099059]: PREF early PreferenceGet(log.stderrMinLevel), using default
2001-01-01T01:16:58Z storageRM[2099059]: PREF early PreferenceGet(storageRM.log.stderrMinLevel), using default
2001-01-01T01:16:58Z storageRM[2099059]: host Uuid: 3a4fce74-dcaf-bab0-d120-5cf3fce846f8
2001-01-01T01:16:58Z storageRM[2099059]: Storage I/O Control: connection with vobd succeeded
2001-01-01T01:16:58Z storageRM[2099059]: Storage I/O Control: Starting module...
2001-01-01T00:02:31Z storageRM[2098938]: PREF early PreferenceGet(log.syslogID), using default
2001-01-01T00:02:31Z storageRM[2098938]: PREF early PreferenceGet(storageRM.log.syslogID), using default
2001-01-01T00:02:31Z storageRM[2098938]: PREF early PreferenceGet(log.syslogLevel), using default
2001-01-01T00:02:31Z storageRM[2098938]: PREF early PreferenceGet(storageRM.log.syslogLevel), using default
2001-01-01T00:02:31Z storageRM[2098938]: PREF early PreferenceGet(log.syslogMinLevel), using default
2001-01-01T00:02:31Z storageRM[2098938]: PREF early PreferenceGet(storageRM.log.syslogMinLevel), using default
2001-01-01T00:02:31Z storageRM[2098938]: PREF early PreferenceGet(log.stderrLevel), using default
2001-01-01T00:02:31Z storageRM[2098938]: PREF early PreferenceGet(storageRM.log.stderrLevel), using default
2001-01-01T00:02:31Z storageRM[2098938]: PREF early PreferenceGet(log.stderrMinLevel), using default
2001-01-01T00:02:31Z storageRM[2098938]: PREF early PreferenceGet(storageRM.log.stderrMinLevel), using default
2001-01-01T00:02:31Z storageRM[2098938]: host Uuid: 3a4fce74-dcaf-bab0-d120-5cf3fce846f8
2001-01-01T00:02:31Z storageRM[2098938]: Storage I/O Control: connection with vobd succeeded
2001-01-01T00:02:31Z storageRM[2098938]: Storage I/O Control: Starting module...
2001-01-01T00:02:29Z storageRM[2098936]: PREF early PreferenceGet(log.syslogID), using default
2001-01-01T00:02:29Z storageRM[2098936]: PREF early PreferenceGet(storageRM.log.syslogID), using default
2001-01-01T00:02:29Z storageRM[2098936]: PREF early PreferenceGet(log.syslogLevel), using default
2001-01-01T00:02:29Z storageRM[2098936]: PREF early PreferenceGet(storageRM.log.syslogLevel), using default
2001-01-01T00:02:29Z storageRM[2098936]: PREF early PreferenceGet(log.syslogMinLevel), using default
2001-01-01T00:02:29Z storageRM[2098936]: PREF early PreferenceGet(storageRM.log.syslogMinLevel), using default
2001-01-01T00:02:29Z storageRM[2098936]: PREF early PreferenceGet(log.stderrLevel), using default
2001-01-01T00:02:29Z storageRM[2098936]: PREF early PreferenceGet(storageRM.log.stderrLevel), using default
2001-01-01T00:02:29Z storageRM[2098936]: PREF early PreferenceGet(log.stderrMinLevel), using default
2001-01-01T00:02:29Z storageRM[2098936]: PREF early PreferenceGet(storageRM.log.stderrMinLevel), using default
2001-01-01T00:02:29Z storageRM[2098936]: host Uuid: 3a4fce74-dcaf-bab0-d120-5cf3fce846f8
2001-01-01T00:02:29Z storageRM[2098936]: Storage I/O Control: connection with vobd succeeded
2001-01-01T00:02:29Z storageRM[2098936]: Storage I/O Control: Starting module...
2001-01-01T00:02:35Z storageRM[2098972]: PREF early PreferenceGet(log.syslogID), using default
2001-01-01T00:02:35Z storageRM[2098972]: PREF early PreferenceGet(storageRM.log.syslogID), using default
2001-01-01T00:02:35Z storageRM[2098972]: PREF early PreferenceGet(log.syslogLevel), using default
2001-01-01T00:02:35Z storageRM[2098972]: PREF early PreferenceGet(storageRM.log.syslogLevel), using default
2001-01-01T00:02:35Z storageRM[2098972]: PREF early PreferenceGet(log.syslogMinLevel), using default
2001-01-01T00:02:35Z storageRM[2098972]: PREF early PreferenceGet(storageRM.log.syslogMinLevel), using default
2001-01-01T00:02:35Z storageRM[2098972]: PREF early PreferenceGet(log.stderrLevel), using default
2001-01-01T00:02:35Z storageRM[2098972]: PREF early PreferenceGet(storageRM.log.stderrLevel), using default
2001-01-01T00:02:35Z storageRM[2098972]: PREF early PreferenceGet(log.stderrMinLevel), using default
2001-01-01T00:02:35Z storageRM[2098972]: PREF early PreferenceGet(storageRM.log.stderrMinLevel), using default
2001-01-01T00:02:35Z storageRM[2098972]: host Uuid: 3a4fce74-dcaf-bab0-d120-5cf3fce846f8
2001-01-01T00:02:35Z storageRM[2098972]: Storage I/O Control: connection with vobd succeeded
2001-01-01T00:02:35Z storageRM[2098972]: Storage I/O Control: Starting module...
2025-09-02T10:59:08Z storageRM[2098974]: PREF early PreferenceGet(log.syslogID), using default
2025-09-02T10:59:08Z storageRM[2098974]: PREF early PreferenceGet(storageRM.log.syslogID), using default
2025-09-02T10:59:08Z storageRM[2098974]: PREF early PreferenceGet(log.syslogLevel), using default
2025-09-02T10:59:08Z storageRM[2098974]: PREF early PreferenceGet(storageRM.log.syslogLevel), using default
2025-09-02T10:59:08Z storageRM[2098974]: PREF early PreferenceGet(log.syslogMinLevel), using default
2025-09-02T10:59:08Z storageRM[2098974]: PREF early PreferenceGet(storageRM.log.syslogMinLevel), using default
2025-09-02T10:59:08Z storageRM[2098974]: PREF early PreferenceGet(log.stderrLevel), using default
2025-09-02T10:59:08Z storageRM[2098974]: PREF early PreferenceGet(storageRM.log.stderrLevel), using default
2025-09-02T10:59:08Z storageRM[2098974]: PREF early PreferenceGet(log.stderrMinLevel), using default
2025-09-02T10:59:08Z storageRM[2098974]: PREF early PreferenceGet(storageRM.log.stderrMinLevel), using default
2025-09-02T10:59:08Z storageRM[2098974]: host Uuid: 3a4fce74-dcaf-bab0-d120-5cf3fce846f8
2025-09-02T10:59:08Z storageRM[2098974]: Storage I/O Control: connection with vobd succeeded
2025-09-02T10:59:08Z storageRM[2098974]: Storage I/O Control: Starting module...
2001-01-01T00:02:37Z storageRM[2098972]: PREF early PreferenceGet(log.syslogID), using default
2001-01-01T00:02:37Z storageRM[2098972]: PREF early PreferenceGet(storageRM.log.syslogID), using default
2001-01-01T00:02:37Z storageRM[2098972]: PREF early PreferenceGet(log.syslogLevel), using default
2001-01-01T00:02:37Z storageRM[2098972]: PREF early PreferenceGet(storageRM.log.syslogLevel), using default
2001-01-01T00:02:37Z storageRM[2098972]: PREF early PreferenceGet(log.syslogMinLevel), using default
2001-01-01T00:02:37Z storageRM[2098972]: PREF early PreferenceGet(storageRM.log.syslogMinLevel), using default
2001-01-01T00:02:37Z storageRM[2098972]: PREF early PreferenceGet(log.stderrLevel), using default
2001-01-01T00:02:37Z storageRM[2098972]: PREF early PreferenceGet(storageRM.log.stderrLevel), using default
2001-01-01T00:02:37Z storageRM[2098972]: PREF early PreferenceGet(log.stderrMinLevel), using default
2001-01-01T00:02:37Z storageRM[2098972]: PREF early PreferenceGet(storageRM.log.stderrMinLevel), using default
2001-01-01T00:02:37Z storageRM[2098972]: host Uuid: 3a4fce74-dcaf-bab0-d120-5cf3fce846f8
2001-01-01T00:02:37Z storageRM[2098972]: Storage I/O Control: connection with vobd succeeded
2001-01-01T00:02:37Z storageRM[2098972]: Storage I/O Control: Starting module...
2001-01-01T00:02:35Z storageRM[2098972]: PREF early PreferenceGet(log.syslogID), using default
2001-01-01T00:02:35Z storageRM[2098972]: PREF early PreferenceGet(storageRM.log.syslogID), using default
2001-01-01T00:02:35Z storageRM[2098972]: PREF early PreferenceGet(log.syslogLevel), using default
2001-01-01T00:02:35Z storageRM[2098972]: PREF early PreferenceGet(storageRM.log.syslogLevel), using default
2001-01-01T00:02:35Z storageRM[2098972]: PREF early PreferenceGet(log.syslogMinLevel), using default
2001-01-01T00:02:35Z storageRM[2098972]: PREF early PreferenceGet(storageRM.log.syslogMinLevel), using default
2001-01-01T00:02:35Z storageRM[2098972]: PREF early PreferenceGet(log.stderrLevel), using default
2001-01-01T00:02:35Z storageRM[2098972]: PREF early PreferenceGet(storageRM.log.stderrLevel), using default
2001-01-01T00:02:35Z storageRM[2098972]: PREF early PreferenceGet(log.stderrMinLevel), using default
2001-01-01T00:02:35Z storageRM[2098972]: PREF early PreferenceGet(storageRM.log.stderrMinLevel), using default
2001-01-01T00:02:35Z storageRM[2098972]: host Uuid: 3a4fce74-dcaf-bab0-d120-5cf3fce846f8
2001-01-01T00:02:35Z storageRM[2098972]: Storage I/O Control: connection with vobd succeeded
2001-01-01T00:02:35Z storageRM[2098972]: Storage I/O Control: Starting module...
2001-01-01T00:02:36Z storageRM[2098972]: PREF early PreferenceGet(log.syslogID), using default
2001-01-01T00:02:36Z storageRM[2098972]: PREF early PreferenceGet(storageRM.log.syslogID), using default
2001-01-01T00:02:36Z storageRM[2098972]: PREF early PreferenceGet(log.syslogLevel), using default
2001-01-01T00:02:36Z storageRM[2098972]: PREF early PreferenceGet(storageRM.log.syslogLevel), using default
2001-01-01T00:02:36Z storageRM[2098972]: PREF early PreferenceGet(log.syslogMinLevel), using default
2001-01-01T00:02:36Z storageRM[2098972]: PREF early PreferenceGet(storageRM.log.syslogMinLevel), using default
2001-01-01T00:02:36Z storageRM[2098972]: PREF early PreferenceGet(log.stderrLevel), using default
2001-01-01T00:02:36Z storageRM[2098972]: PREF early PreferenceGet(storageRM.log.stderrLevel), using default
2001-01-01T00:02:36Z storageRM[2098972]: PREF early PreferenceGet(log.stderrMinLevel), using default
2001-01-01T00:02:36Z storageRM[2098972]: PREF early PreferenceGet(storageRM.log.stderrMinLevel), using default
2001-01-01T00:02:36Z storageRM[2098972]: host Uuid: 3a4fce74-dcaf-bab0-d120-5cf3fce846f8
2001-01-01T00:02:36Z storageRM[2098972]: Storage I/O Control: connection with vobd succeeded
2001-01-01T00:02:36Z storageRM[2098972]: Storage I/O Control: Starting module...
2001-01-01T00:02:36Z storageRM[2098972]: PREF early PreferenceGet(log.syslogID), using default
2001-01-01T00:02:36Z storageRM[2098972]: PREF early PreferenceGet(storageRM.log.syslogID), using default
2001-01-01T00:02:36Z storageRM[2098972]: PREF early PreferenceGet(log.syslogLevel), using default
2001-01-01T00:02:36Z storageRM[2098972]: PREF early PreferenceGet(storageRM.log.syslogLevel), using default
2001-01-01T00:02:36Z storageRM[2098972]: PREF early PreferenceGet(log.syslogMinLevel), using default
2001-01-01T00:02:36Z storageRM[2098972]: PREF early PreferenceGet(storageRM.log.syslogMinLevel), using default
2001-01-01T00:02:36Z storageRM[2098972]: PREF early PreferenceGet(log.stderrLevel), using default
2001-01-01T00:02:36Z storageRM[2098972]: PREF early PreferenceGet(storageRM.log.stderrLevel), using default
2001-01-01T00:02:36Z storageRM[2098972]: PREF early PreferenceGet(log.stderrMinLevel), using default
2001-01-01T00:02:36Z storageRM[2098972]: PREF early PreferenceGet(storageRM.log.stderrMinLevel), using default
2001-01-01T00:02:36Z storageRM[2098972]: host Uuid: 3a4fce74-dcaf-bab0-d120-5cf3fce846f8
2001-01-01T00:02:36Z storageRM[2098972]: Storage I/O Control: connection with vobd succeeded
2001-01-01T00:02:36Z storageRM[2098972]: Storage I/O Control: Starting module...
2001-01-01T00:02:30Z storageRM[2098940]: PREF early PreferenceGet(log.syslogID), using default
2001-01-01T00:02:30Z storageRM[2098940]: PREF early PreferenceGet(storageRM.log.syslogID), using default
2001-01-01T00:02:30Z storageRM[2098940]: PREF early PreferenceGet(log.syslogLevel), using default
2001-01-01T00:02:30Z storageRM[2098940]: PREF early PreferenceGet(storageRM.log.syslogLevel), using default
2001-01-01T00:02:30Z storageRM[2098940]: PREF early PreferenceGet(log.syslogMinLevel), using default
2001-01-01T00:02:30Z storageRM[2098940]: PREF early PreferenceGet(storageRM.log.syslogMinLevel), using default
2001-01-01T00:02:30Z storageRM[2098940]: PREF early PreferenceGet(log.stderrLevel), using default
2001-01-01T00:02:30Z storageRM[2098940]: PREF early PreferenceGet(storageRM.log.stderrLevel), using default
2001-01-01T00:02:30Z storageRM[2098940]: PREF early PreferenceGet(log.stderrMinLevel), using default
2001-01-01T00:02:30Z storageRM[2098940]: PREF early PreferenceGet(storageRM.log.stderrMinLevel), using default
2001-01-01T00:02:30Z storageRM[2098940]: host Uuid: 3a4fce74-dcaf-bab0-d120-5cf3fce846f8
2001-01-01T00:02:30Z storageRM[2098940]: Storage I/O Control: connection with vobd succeeded
2001-01-01T00:02:30Z storageRM[2098940]: Storage I/O Control: Starting module...
2001-01-01T00:02:29Z storageRM[2098940]: PREF early PreferenceGet(log.syslogID), using default
2001-01-01T00:02:29Z storageRM[2098940]: PREF early PreferenceGet(storageRM.log.syslogID), using default
2001-01-01T00:02:29Z storageRM[2098940]: PREF early PreferenceGet(log.syslogLevel), using default
2001-01-01T00:02:29Z storageRM[2098940]: PREF early PreferenceGet(storageRM.log.syslogLevel), using default
2001-01-01T00:02:29Z storageRM[2098940]: PREF early PreferenceGet(log.syslogMinLevel), using default
2001-01-01T00:02:29Z storageRM[2098940]: PREF early PreferenceGet(storageRM.log.syslogMinLevel), using default
2001-01-01T00:02:29Z storageRM[2098940]: PREF early PreferenceGet(log.stderrLevel), using default
2001-01-01T00:02:29Z storageRM[2098940]: PREF early PreferenceGet(storageRM.log.stderrLevel), using default
2001-01-01T00:02:29Z storageRM[2098940]: PREF early PreferenceGet(log.stderrMinLevel), using default
2001-01-01T00:02:29Z storageRM[2098940]: PREF early PreferenceGet(storageRM.log.stderrMinLevel), using default
2001-01-01T00:02:29Z storageRM[2098940]: host Uuid: 3a4fce74-dcaf-bab0-d120-5cf3fce846f8
2001-01-01T00:02:29Z storageRM[2098940]: Storage I/O Control: connection with vobd succeeded
2001-01-01T00:02:29Z storageRM[2098940]: Storage I/O Control: Starting module...
2001-01-01T00:02:31Z storageRM[2098940]: PREF early PreferenceGet(log.syslogID), using default
2001-01-01T00:02:31Z storageRM[2098940]: PREF early PreferenceGet(storageRM.log.syslogID), using default
2001-01-01T00:02:31Z storageRM[2098940]: PREF early PreferenceGet(log.syslogLevel), using default
2001-01-01T00:02:31Z storageRM[2098940]: PREF early PreferenceGet(storageRM.log.syslogLevel), using default
2001-01-01T00:02:31Z storageRM[2098940]: PREF early PreferenceGet(log.syslogMinLevel), using default
2001-01-01T00:02:31Z storageRM[2098940]: PREF early PreferenceGet(storageRM.log.syslogMinLevel), using default
2001-01-01T00:02:31Z storageRM[2098940]: PREF early PreferenceGet(log.stderrLevel), using default
2001-01-01T00:02:31Z storageRM[2098940]: PREF early PreferenceGet(storageRM.log.stderrLevel), using default
2001-01-01T00:02:31Z storageRM[2098940]: PREF early PreferenceGet(log.stderrMinLevel), using default
2001-01-01T00:02:31Z storageRM[2098940]: PREF early PreferenceGet(storageRM.log.stderrMinLevel), using default
2001-01-01T00:02:31Z storageRM[2098940]: host Uuid: 3a4fce74-dcaf-bab0-d120-5cf3fce846f8
2001-01-01T00:02:31Z storageRM[2098940]: Storage I/O Control: connection with vobd succeeded
2001-01-01T00:02:31Z storageRM[2098940]: Storage I/O Control: Starting module...
2001-01-01T00:42:05Z storageRM[2098940]: PREF early PreferenceGet(log.syslogID), using default
2001-01-01T00:42:05Z storageRM[2098940]: PREF early PreferenceGet(storageRM.log.syslogID), using default
2001-01-01T00:42:05Z storageRM[2098940]: PREF early PreferenceGet(log.syslogLevel), using default
2001-01-01T00:42:05Z storageRM[2098940]: PREF early PreferenceGet(storageRM.log.syslogLevel), using default
2001-01-01T00:42:05Z storageRM[2098940]: PREF early PreferenceGet(log.syslogMinLevel), using default
2001-01-01T00:42:05Z storageRM[2098940]: PREF early PreferenceGet(storageRM.log.syslogMinLevel), using default
2001-01-01T00:42:05Z storageRM[2098940]: PREF early PreferenceGet(log.stderrLevel), using default
2001-01-01T00:42:05Z storageRM[2098940]: PREF early PreferenceGet(storageRM.log.stderrLevel), using default
2001-01-01T00:42:05Z storageRM[2098940]: PREF early PreferenceGet(log.stderrMinLevel), using default
2001-01-01T00:42:05Z storageRM[2098940]: PREF early PreferenceGet(storageRM.log.stderrMinLevel), using default
2001-01-01T00:42:05Z storageRM[2098940]: host Uuid: 3a4fce74-dcaf-bab0-d120-5cf3fce846f8
2001-01-01T00:42:05Z storageRM[2098940]: Storage I/O Control: connection with vobd succeeded
2001-01-01T00:42:05Z storageRM[2098940]: Storage I/O Control: Starting module...
2001-01-01T00:06:51Z storageRM[2098942]: PREF early PreferenceGet(log.syslogID), using default
2001-01-01T00:06:51Z storageRM[2098942]: PREF early PreferenceGet(storageRM.log.syslogID), using default
2001-01-01T00:06:51Z storageRM[2098942]: PREF early PreferenceGet(log.syslogLevel), using default
2001-01-01T00:06:51Z storageRM[2098942]: PREF early PreferenceGet(storageRM.log.syslogLevel), using default
2001-01-01T00:06:51Z storageRM[2098942]: PREF early PreferenceGet(log.syslogMinLevel), using default
2001-01-01T00:06:51Z storageRM[2098942]: PREF early PreferenceGet(storageRM.log.syslogMinLevel), using default
2001-01-01T00:06:51Z storageRM[2098942]: PREF early PreferenceGet(log.stderrLevel), using default
2001-01-01T00:06:51Z storageRM[2098942]: PREF early PreferenceGet(storageRM.log.stderrLevel), using default
2001-01-01T00:06:51Z storageRM[2098942]: PREF early PreferenceGet(log.stderrMinLevel), using default
2001-01-01T00:06:51Z storageRM[2098942]: PREF early PreferenceGet(storageRM.log.stderrMinLevel), using default
2001-01-01T00:06:51Z storageRM[2098942]: host Uuid: 3a4fce74-dcaf-bab0-d120-5cf3fce846f8
2001-01-01T00:06:51Z storageRM[2098942]: Storage I/O Control: connection with vobd succeeded
2001-01-01T00:06:51Z storageRM[2098942]: Storage I/O Control: Starting module...
2001-01-01T00:02:31Z storageRM[2098940]: PREF early PreferenceGet(log.syslogID), using default
2001-01-01T00:02:31Z storageRM[2098940]: PREF early PreferenceGet(storageRM.log.syslogID), using default
2001-01-01T00:02:31Z storageRM[2098940]: PREF early PreferenceGet(log.syslogLevel), using default
2001-01-01T00:02:31Z storageRM[2098940]: PREF early PreferenceGet(storageRM.log.syslogLevel), using default
2001-01-01T00:02:31Z storageRM[2098940]: PREF early PreferenceGet(log.syslogMinLevel), using default
2001-01-01T00:02:31Z storageRM[2098940]: PREF early PreferenceGet(storageRM.log.syslogMinLevel), using default
2001-01-01T00:02:31Z storageRM[2098940]: PREF early PreferenceGet(log.stderrLevel), using default
2001-01-01T00:02:31Z storageRM[2098940]: PREF early PreferenceGet(storageRM.log.stderrLevel), using default
2001-01-01T00:02:31Z storageRM[2098940]: PREF early PreferenceGet(log.stderrMinLevel), using default
2001-01-01T00:02:31Z storageRM[2098940]: PREF early PreferenceGet(storageRM.log.stderrMinLevel), using default
2001-01-01T00:02:31Z storageRM[2098940]: host Uuid: 3a4fce74-dcaf-bab0-d120-5cf3fce846f8
2001-01-01T00:02:31Z storageRM[2098940]: Storage I/O Control: connection with vobd succeeded
2001-01-01T00:02:31Z storageRM[2098940]: Storage I/O Control: Starting module...
2001-01-01T00:02:28Z storageRM[2098940]: PREF early PreferenceGet(log.syslogID), using default
2001-01-01T00:02:28Z storageRM[2098940]: PREF early PreferenceGet(storageRM.log.syslogID), using default
2001-01-01T00:02:28Z storageRM[2098940]: PREF early PreferenceGet(log.syslogLevel), using default
2001-01-01T00:02:28Z storageRM[2098940]: PREF early PreferenceGet(storageRM.log.syslogLevel), using default
2001-01-01T00:02:28Z storageRM[2098940]: PREF early PreferenceGet(log.syslogMinLevel), using default
2001-01-01T00:02:28Z storageRM[2098940]: PREF early PreferenceGet(storageRM.log.syslogMinLevel), using default
2001-01-01T00:02:28Z storageRM[2098940]: PREF early PreferenceGet(log.stderrLevel), using default
2001-01-01T00:02:28Z storageRM[2098940]: PREF early PreferenceGet(storageRM.log.stderrLevel), using default
2001-01-01T00:02:28Z storageRM[2098940]: PREF early PreferenceGet(log.stderrMinLevel), using default
2001-01-01T00:02:28Z storageRM[2098940]: PREF early PreferenceGet(storageRM.log.stderrMinLevel), using default
2001-01-01T00:02:28Z storageRM[2098940]: host Uuid: 3a4fce74-dcaf-bab0-d120-5cf3fce846f8
2001-01-01T00:02:28Z storageRM[2098940]: Storage I/O Control: connection with vobd succeeded
2001-01-01T00:02:28Z storageRM[2098940]: Storage I/O Control: Starting module...
2025-11-15T00:23:04Z storageRM[2098942]: PREF early PreferenceGet(log.syslogID), using default
2025-11-15T00:23:04Z storageRM[2098942]: PREF early PreferenceGet(storageRM.log.syslogID), using default
2025-11-15T00:23:04Z storageRM[2098942]: PREF early PreferenceGet(log.syslogLevel), using default
2025-11-15T00:23:04Z storageRM[2098942]: PREF early PreferenceGet(storageRM.log.syslogLevel), using default
2025-11-15T00:23:04Z storageRM[2098942]: PREF early PreferenceGet(log.syslogMinLevel), using default
2025-11-15T00:23:04Z storageRM[2098942]: PREF early PreferenceGet(storageRM.log.syslogMinLevel), using default
2025-11-15T00:23:04Z storageRM[2098942]: PREF early PreferenceGet(log.stderrLevel), using default
2025-11-15T00:23:04Z storageRM[2098942]: PREF early PreferenceGet(storageRM.log.stderrLevel), using default
2025-11-15T00:23:04Z storageRM[2098942]: PREF early PreferenceGet(log.stderrMinLevel), using default
2025-11-15T00:23:04Z storageRM[2098942]: PREF early PreferenceGet(storageRM.log.stderrMinLevel), using default
2025-11-15T00:23:04Z storageRM[2098942]: host Uuid: 3a4fce74-dcaf-bab0-d120-5cf3fce846f8
2025-11-15T00:23:04Z storageRM[2098942]: Storage I/O Control: connection with vobd succeeded
2025-11-15T00:23:04Z storageRM[2098942]: Storage I/O Control: Starting module...
2025-11-15T06:07:04Z storageRM[2098940]: PREF early PreferenceGet(log.syslogID), using default
2025-11-15T06:07:04Z storageRM[2098940]: PREF early PreferenceGet(storageRM.log.syslogID), using default
2025-11-15T06:07:04Z storageRM[2098940]: PREF early PreferenceGet(log.syslogLevel), using default
2025-11-15T06:07:04Z storageRM[2098940]: PREF early PreferenceGet(storageRM.log.syslogLevel), using default
2025-11-15T06:07:04Z storageRM[2098940]: PREF early PreferenceGet(log.syslogMinLevel), using default
2025-11-15T06:07:04Z storageRM[2098940]: PREF early PreferenceGet(storageRM.log.syslogMinLevel), using default
2025-11-15T06:07:04Z storageRM[2098940]: PREF early PreferenceGet(log.stderrLevel), using default
2025-11-15T06:07:04Z storageRM[2098940]: PREF early PreferenceGet(storageRM.log.stderrLevel), using default
2025-11-15T06:07:04Z storageRM[2098940]: PREF early PreferenceGet(log.stderrMinLevel), using default
2025-11-15T06:07:04Z storageRM[2098940]: PREF early PreferenceGet(storageRM.log.stderrMinLevel), using default
2025-11-15T06:07:04Z storageRM[2098940]: host Uuid: 3a4fce74-dcaf-bab0-d120-5cf3fce846f8
2025-11-15T06:07:04Z storageRM[2098940]: Storage I/O Control: connection with vobd succeeded
2025-11-15T06:07:04Z storageRM[2098940]: Storage I/O Control: Starting module...
2025-11-15T20:03:31Z storageRM[2098940]: PREF early PreferenceGet(log.syslogID), using default
2025-11-15T20:03:31Z storageRM[2098940]: PREF early PreferenceGet(storageRM.log.syslogID), using default
2025-11-15T20:03:31Z storageRM[2098940]: PREF early PreferenceGet(log.syslogLevel), using default
2025-11-15T20:03:31Z storageRM[2098940]: PREF early PreferenceGet(storageRM.log.syslogLevel), using default
2025-11-15T20:03:31Z storageRM[2098940]: PREF early PreferenceGet(log.syslogMinLevel), using default
2025-11-15T20:03:31Z storageRM[2098940]: PREF early PreferenceGet(storageRM.log.syslogMinLevel), using default
2025-11-15T20:03:31Z storageRM[2098940]: PREF early PreferenceGet(log.stderrLevel), using default
2025-11-15T20:03:31Z storageRM[2098940]: PREF early PreferenceGet(storageRM.log.stderrLevel), using default
2025-11-15T20:03:31Z storageRM[2098940]: PREF early PreferenceGet(log.stderrMinLevel), using default
2025-11-15T20:03:31Z storageRM[2098940]: PREF early PreferenceGet(storageRM.log.stderrMinLevel), using default
2025-11-15T20:03:31Z storageRM[2098940]: host Uuid: 3a4fce74-dcaf-bab0-d120-5cf3fce846f8
2025-11-15T20:03:31Z storageRM[2098940]: Storage I/O Control: connection with vobd succeeded
2025-11-15T20:03:31Z storageRM[2098940]: Storage I/O Control: Starting module...
2025-11-16T05:14:33Z storageRM[2098940]: PREF early PreferenceGet(log.syslogID), using default
2025-11-16T05:14:33Z storageRM[2098940]: PREF early PreferenceGet(storageRM.log.syslogID), using default
2025-11-16T05:14:33Z storageRM[2098940]: PREF early PreferenceGet(log.syslogLevel), using default
2025-11-16T05:14:33Z storageRM[2098940]: PREF early PreferenceGet(storageRM.log.syslogLevel), using default
2025-11-16T05:14:33Z storageRM[2098940]: PREF early PreferenceGet(log.syslogMinLevel), using default
2025-11-16T05:14:33Z storageRM[2098940]: PREF early PreferenceGet(storageRM.log.syslogMinLevel), using default
2025-11-16T05:14:33Z storageRM[2098940]: PREF early PreferenceGet(log.stderrLevel), using default
2025-11-16T05:14:33Z storageRM[2098940]: PREF early PreferenceGet(storageRM.log.stderrLevel), using default
2025-11-16T05:14:33Z storageRM[2098940]: PREF early PreferenceGet(log.stderrMinLevel), using default
2025-11-16T05:14:33Z storageRM[2098940]: PREF early PreferenceGet(storageRM.log.stderrMinLevel), using default
2025-11-16T05:14:33Z storageRM[2098940]: host Uuid: 3a4fce74-dcaf-bab0-d120-5cf3fce846f8
2025-11-16T05:14:33Z storageRM[2098940]: Storage I/O Control: connection with vobd succeeded
2025-11-16T05:14:33Z storageRM[2098940]: Storage I/O Control: Starting module...
2025-12-06T23:50:32Z storageRM[2098940]: PREF early PreferenceGet(log.syslogID), using default
2025-12-06T23:50:32Z storageRM[2098940]: PREF early PreferenceGet(storageRM.log.syslogID), using default
2025-12-06T23:50:32Z storageRM[2098940]: PREF early PreferenceGet(log.syslogLevel), using default
2025-12-06T23:50:32Z storageRM[2098940]: PREF early PreferenceGet(storageRM.log.syslogLevel), using default
2025-12-06T23:50:32Z storageRM[2098940]: PREF early PreferenceGet(log.syslogMinLevel), using default
2025-12-06T23:50:32Z storageRM[2098940]: PREF early PreferenceGet(storageRM.log.syslogMinLevel), using default
2025-12-06T23:50:32Z storageRM[2098940]: PREF early PreferenceGet(log.stderrLevel), using default
2025-12-06T23:50:32Z storageRM[2098940]: PREF early PreferenceGet(storageRM.log.stderrLevel), using default
2025-12-06T23:50:32Z storageRM[2098940]: PREF early PreferenceGet(log.stderrMinLevel), using default
2025-12-06T23:50:32Z storageRM[2098940]: PREF early PreferenceGet(storageRM.log.stderrMinLevel), using default
2025-12-06T23:50:32Z storageRM[2098940]: host Uuid: 3a4fce74-dcaf-bab0-d120-5cf3fce846f8
2025-12-06T23:50:32Z storageRM[2098940]: Storage I/O Control: connection with vobd succeeded
2025-12-06T23:50:32Z storageRM[2098940]: Storage I/O Control: Starting module...
2025-12-08T11:31:41Z storageRM[2098940]: PREF early PreferenceGet(log.syslogID), using default
2025-12-08T11:31:41Z storageRM[2098940]: PREF early PreferenceGet(storageRM.log.syslogID), using default
2025-12-08T11:31:41Z storageRM[2098940]: PREF early PreferenceGet(log.syslogLevel), using default
2025-12-08T11:31:41Z storageRM[2098940]: PREF early PreferenceGet(storageRM.log.syslogLevel), using default
2025-12-08T11:31:41Z storageRM[2098940]: PREF early PreferenceGet(log.syslogMinLevel), using default
2025-12-08T11:31:41Z storageRM[2098940]: PREF early PreferenceGet(storageRM.log.syslogMinLevel), using default
2025-12-08T11:31:41Z storageRM[2098940]: PREF early PreferenceGet(log.stderrLevel), using default
2025-12-08T11:31:41Z storageRM[2098940]: PREF early PreferenceGet(storageRM.log.stderrLevel), using default
2025-12-08T11:31:41Z storageRM[2098940]: PREF early PreferenceGet(log.stderrMinLevel), using default
2025-12-08T11:31:41Z storageRM[2098940]: PREF early PreferenceGet(storageRM.log.stderrMinLevel), using default
2025-12-08T11:31:41Z storageRM[2098940]: host Uuid: 3a4fce74-dcaf-bab0-d120-5cf3fce846f8
2025-12-08T11:31:41Z storageRM[2098940]: Storage I/O Control: connection with vobd succeeded
2025-12-08T11:31:41Z storageRM[2098940]: Storage I/O Control: Starting module...
2025-12-08T19:31:26Z storageRM[2098940]: PREF early PreferenceGet(log.syslogID), using default
2025-12-08T19:31:26Z storageRM[2098940]: PREF early PreferenceGet(storageRM.log.syslogID), using default
2025-12-08T19:31:26Z storageRM[2098940]: PREF early PreferenceGet(log.syslogLevel), using default
2025-12-08T19:31:26Z storageRM[2098940]: PREF early PreferenceGet(storageRM.log.syslogLevel), using default
2025-12-08T19:31:26Z storageRM[2098940]: PREF early PreferenceGet(log.syslogMinLevel), using default
2025-12-08T19:31:26Z storageRM[2098940]: PREF early PreferenceGet(storageRM.log.syslogMinLevel), using default
2025-12-08T19:31:26Z storageRM[2098940]: PREF early PreferenceGet(log.stderrLevel), using default
2025-12-08T19:31:26Z storageRM[2098940]: PREF early PreferenceGet(storageRM.log.stderrLevel), using default
2025-12-08T19:31:26Z storageRM[2098940]: PREF early PreferenceGet(log.stderrMinLevel), using default
2025-12-08T19:31:26Z storageRM[2098940]: PREF early PreferenceGet(storageRM.log.stderrMinLevel), using default
2025-12-08T19:31:26Z storageRM[2098940]: host Uuid: 3a4fce74-dcaf-bab0-d120-5cf3fce846f8
2025-12-08T19:31:26Z storageRM[2098940]: Storage I/O Control: connection with vobd succeeded
2025-12-08T19:31:26Z storageRM[2098940]: Storage I/O Control: Starting module...
2025-12-10T13:08:52Z storageRM[2098940]: PREF early PreferenceGet(log.syslogID), using default
2025-12-10T13:08:52Z storageRM[2098940]: PREF early PreferenceGet(storageRM.log.syslogID), using default
2025-12-10T13:08:52Z storageRM[2098940]: PREF early PreferenceGet(log.syslogLevel), using default
2025-12-10T13:08:52Z storageRM[2098940]: PREF early PreferenceGet(storageRM.log.syslogLevel), using default
2025-12-10T13:08:52Z storageRM[2098940]: PREF early PreferenceGet(log.syslogMinLevel), using default
2025-12-10T13:08:52Z storageRM[2098940]: PREF early PreferenceGet(storageRM.log.syslogMinLevel), using default
2025-12-10T13:08:52Z storageRM[2098940]: PREF early PreferenceGet(log.stderrLevel), using default
2025-12-10T13:08:52Z storageRM[2098940]: PREF early PreferenceGet(storageRM.log.stderrLevel), using default
2025-12-10T13:08:52Z storageRM[2098940]: PREF early PreferenceGet(log.stderrMinLevel), using default
2025-12-10T13:08:52Z storageRM[2098940]: PREF early PreferenceGet(storageRM.log.stderrMinLevel), using default
2025-12-10T13:08:52Z storageRM[2098940]: host Uuid: 3a4fce74-dcaf-bab0-d120-5cf3fce846f8
2025-12-10T13:08:52Z storageRM[2098940]: Storage I/O Control: connection with vobd succeeded
2025-12-10T13:08:52Z storageRM[2098940]: Storage I/O Control: Starting module...
2025-12-11T06:46:27Z storageRM[2098940]: PREF early PreferenceGet(log.syslogID), using default
2025-12-11T06:46:27Z storageRM[2098940]: PREF early PreferenceGet(storageRM.log.syslogID), using default
2025-12-11T06:46:27Z storageRM[2098940]: PREF early PreferenceGet(log.syslogLevel), using default
2025-12-11T06:46:27Z storageRM[2098940]: PREF early PreferenceGet(storageRM.log.syslogLevel), using default
2025-12-11T06:46:27Z storageRM[2098940]: PREF early PreferenceGet(log.syslogMinLevel), using default
2025-12-11T06:46:27Z storageRM[2098940]: PREF early PreferenceGet(storageRM.log.syslogMinLevel), using default
2025-12-11T06:46:27Z storageRM[2098940]: PREF early PreferenceGet(log.stderrLevel), using default
2025-12-11T06:46:27Z storageRM[2098940]: PREF early PreferenceGet(storageRM.log.stderrLevel), using default
2025-12-11T06:46:27Z storageRM[2098940]: PREF early PreferenceGet(log.stderrMinLevel), using default
2025-12-11T06:46:27Z storageRM[2098940]: PREF early PreferenceGet(storageRM.log.stderrMinLevel), using default
2025-12-11T06:46:27Z storageRM[2098940]: host Uuid: 3a4fce74-dcaf-bab0-d120-5cf3fce846f8
2025-12-11T06:46:27Z storageRM[2098940]: Storage I/O Control: connection with vobd succeeded
2025-12-11T06:46:27Z storageRM[2098940]: Storage I/O Control: Starting module...
2025-12-18T19:29:29Z storageRM[2098940]: PREF early PreferenceGet(log.syslogID), using default
2025-12-18T19:29:29Z storageRM[2098940]: PREF early PreferenceGet(storageRM.log.syslogID), using default
2025-12-18T19:29:29Z storageRM[2098940]: PREF early PreferenceGet(log.syslogLevel), using default
2025-12-18T19:29:29Z storageRM[2098940]: PREF early PreferenceGet(storageRM.log.syslogLevel), using default
2025-12-18T19:29:29Z storageRM[2098940]: PREF early PreferenceGet(log.syslogMinLevel), using default
2025-12-18T19:29:29Z storageRM[2098940]: PREF early PreferenceGet(storageRM.log.syslogMinLevel), using default
2025-12-18T19:29:29Z storageRM[2098940]: PREF early PreferenceGet(log.stderrLevel), using default
2025-12-18T19:29:29Z storageRM[2098940]: PREF early PreferenceGet(storageRM.log.stderrLevel), using default
2025-12-18T19:29:29Z storageRM[2098940]: PREF early PreferenceGet(log.stderrMinLevel), using default
2025-12-18T19:29:29Z storageRM[2098940]: PREF early PreferenceGet(storageRM.log.stderrMinLevel), using default
2025-12-18T19:29:29Z storageRM[2098940]: host Uuid: 3a4fce74-dcaf-bab0-d120-5cf3fce846f8
2025-12-18T19:29:29Z storageRM[2098940]: Storage I/O Control: connection with vobd succeeded
2025-12-18T19:29:29Z storageRM[2098940]: Storage I/O Control: Starting module...
2025-12-18T19:56:11Z storageRM[2098940]: PREF early PreferenceGet(log.syslogID), using default
2025-12-18T19:56:11Z storageRM[2098940]: PREF early PreferenceGet(storageRM.log.syslogID), using default
2025-12-18T19:56:11Z storageRM[2098940]: PREF early PreferenceGet(log.syslogLevel), using default
2025-12-18T19:56:11Z storageRM[2098940]: PREF early PreferenceGet(storageRM.log.syslogLevel), using default
2025-12-18T19:56:11Z storageRM[2098940]: PREF early PreferenceGet(log.syslogMinLevel), using default
2025-12-18T19:56:11Z storageRM[2098940]: PREF early PreferenceGet(storageRM.log.syslogMinLevel), using default
2025-12-18T19:56:11Z storageRM[2098940]: PREF early PreferenceGet(log.stderrLevel), using default
2025-12-18T19:56:11Z storageRM[2098940]: PREF early PreferenceGet(storageRM.log.stderrLevel), using default
2025-12-18T19:56:11Z storageRM[2098940]: PREF early PreferenceGet(log.stderrMinLevel), using default
2025-12-18T19:56:11Z storageRM[2098940]: PREF early PreferenceGet(storageRM.log.stderrMinLevel), using default
2025-12-18T19:56:11Z storageRM[2098940]: host Uuid: 3a4fce74-dcaf-bab0-d120-5cf3fce846f8
2025-12-18T19:56:11Z storageRM[2098940]: Storage I/O Control: connection with vobd succeeded
2025-12-18T19:56:11Z storageRM[2098940]: Storage I/O Control: Starting module...
2025-12-27T00:20:56Z storageRM[2098955]: PREF early PreferenceGet(log.syslogID), using default
2025-12-27T00:20:56Z storageRM[2098955]: PREF early PreferenceGet(storageRM.log.syslogID), using default
2025-12-27T00:20:56Z storageRM[2098955]: PREF early PreferenceGet(log.syslogLevel), using default
2025-12-27T00:20:56Z storageRM[2098955]: PREF early PreferenceGet(storageRM.log.syslogLevel), using default
2025-12-27T00:20:56Z storageRM[2098955]: PREF early PreferenceGet(log.syslogMinLevel), using default
2025-12-27T00:20:56Z storageRM[2098955]: PREF early PreferenceGet(storageRM.log.syslogMinLevel), using default
2025-12-27T00:20:56Z storageRM[2098955]: PREF early PreferenceGet(log.stderrLevel), using default
2025-12-27T00:20:56Z storageRM[2098955]: PREF early PreferenceGet(storageRM.log.stderrLevel), using default
2025-12-27T00:20:56Z storageRM[2098955]: PREF early PreferenceGet(log.stderrMinLevel), using default
2025-12-27T00:20:56Z storageRM[2098955]: PREF early PreferenceGet(storageRM.log.stderrMinLevel), using default
2025-12-27T00:20:56Z storageRM[2098955]: host Uuid: 3a4fce74-dcaf-bab0-d120-5cf3fce846f8
2025-12-27T00:20:56Z storageRM[2098955]: Storage I/O Control: connection with vobd succeeded
2025-12-27T00:20:56Z storageRM[2098955]: Storage I/O Control: Starting module...
2025-12-27T00:44:44Z storageRM[2098954]: PREF early PreferenceGet(log.syslogID), using default
2025-12-27T00:44:44Z storageRM[2098954]: PREF early PreferenceGet(storageRM.log.syslogID), using default
2025-12-27T00:44:44Z storageRM[2098954]: PREF early PreferenceGet(log.syslogLevel), using default
2025-12-27T00:44:44Z storageRM[2098954]: PREF early PreferenceGet(storageRM.log.syslogLevel), using default
2025-12-27T00:44:44Z storageRM[2098954]: PREF early PreferenceGet(log.syslogMinLevel), using default
2025-12-27T00:44:44Z storageRM[2098954]: PREF early PreferenceGet(storageRM.log.syslogMinLevel), using default
2025-12-27T00:44:44Z storageRM[2098954]: PREF early PreferenceGet(log.stderrLevel), using default
2025-12-27T00:44:44Z storageRM[2098954]: PREF early PreferenceGet(storageRM.log.stderrLevel), using default
2025-12-27T00:44:44Z storageRM[2098954]: PREF early PreferenceGet(log.stderrMinLevel), using default
2025-12-27T00:44:44Z storageRM[2098954]: PREF early PreferenceGet(storageRM.log.stderrMinLevel), using default
2025-12-27T00:44:44Z storageRM[2098954]: host Uuid: 3a4fce74-dcaf-bab0-d120-5cf3fce846f8
2025-12-27T00:44:44Z storageRM[2098954]: Storage I/O Control: connection with vobd succeeded
2025-12-27T00:44:44Z storageRM[2098954]: Storage I/O Control: Starting module...
2026-01-10T07:55:55Z storageRM[2098954]: PREF early PreferenceGet(log.syslogID), using default
2026-01-10T07:55:55Z storageRM[2098954]: PREF early PreferenceGet(storageRM.log.syslogID), using default
2026-01-10T07:55:55Z storageRM[2098954]: PREF early PreferenceGet(log.syslogLevel), using default
2026-01-10T07:55:55Z storageRM[2098954]: PREF early PreferenceGet(storageRM.log.syslogLevel), using default
2026-01-10T07:55:55Z storageRM[2098954]: PREF early PreferenceGet(log.syslogMinLevel), using default
2026-01-10T07:55:55Z storageRM[2098954]: PREF early PreferenceGet(storageRM.log.syslogMinLevel), using default
2026-01-10T07:55:55Z storageRM[2098954]: PREF early PreferenceGet(log.stderrLevel), using default
2026-01-10T07:55:55Z storageRM[2098954]: PREF early PreferenceGet(storageRM.log.stderrLevel), using default
2026-01-10T07:55:55Z storageRM[2098954]: PREF early PreferenceGet(log.stderrMinLevel), using default
2026-01-10T07:55:55Z storageRM[2098954]: PREF early PreferenceGet(storageRM.log.stderrMinLevel), using default
2026-01-10T07:55:55Z storageRM[2098954]: host Uuid: 3a4fce74-dcaf-bab0-d120-5cf3fce846f8
2026-01-10T07:55:55Z storageRM[2098954]: Storage I/O Control: connection with vobd succeeded
2026-01-10T07:55:55Z storageRM[2098954]: Storage I/O Control: Starting module...
