2001-01-01T01:17:06Z bootstop: Host has booted
2001-01-01T02:00:00Z heartbeat: up 0d0h43m56s, 0 VMs; [] []
2001-01-01T03:00:00Z heartbeat: up 0d1h43m56s, 0 VMs; [] []
2001-01-01T04:00:00Z heartbeat: up 0d2h43m56s, 1 VM; [] []
2001-01-01T05:00:00Z heartbeat: up 0d3h43m56s, 1 VM; [] []
2001-01-01T06:00:01Z heartbeat: up 0d4h43m56s, 2 VMs; [] []
2001-01-01T07:00:01Z heartbeat: up 0d5h43m56s, 5 VMs; [] []
2001-01-01T08:00:00Z heartbeat: up 0d6h43m55s, 5 VMs; [] []
2001-01-01T09:00:00Z heartbeat: up 0d7h43m56s, 5 VMs; [] []
2001-01-01T09:56:22Z bootstop: Host is powering off
2001-01-01T00:02:38Z bootstop: Host has booted
2001-01-01T01:00:01Z heartbeat: up 0d0h58m17s, 1 VM; [] []
2001-08-31T01:57:16Z bootstop: Host is powering off
2001-01-01T00:02:37Z bootstop: Host has booted
2001-01-01T01:00:00Z heartbeat: up 0d0h58m18s, 1 VM; [] []
2001-09-01T03:00:00Z heartbeat: up 0d1h36m43s, 2 VMs; [] []
2001-09-01T04:00:00Z heartbeat: up 0d2h36m50s, 2 VMs; [] []
2001-09-01T05:00:00Z heartbeat: up 0d3h36m50s, 3 VMs; [] []
2001-09-01T05:43:12Z bootstop: Host is powering off
2001-01-01T00:02:43Z bootstop: Host has booted
2025-09-02T10:59:16Z bootstop: Host has booted
2025-09-02T11:00:00Z heartbeat: up 0d0h1m46s, 0 VMs; [] []
2025-09-02T12:00:00Z heartbeat: up 0d1h1m46s, 2 VMs; [] []
2025-09-02T12:38:35Z bootstop: Host is powering off
2001-01-01T00:02:45Z bootstop: Host has booted
2001-09-03T01:00:00Z heartbeat: up 0d0h58m36s, 3 VMs; [] []
2001-09-03T02:00:00Z heartbeat: up 0d1h58m36s, 3 VMs; [] []
2001-09-03T03:00:00Z heartbeat: up 0d2h58m36s, 3 VMs; [] []
2001-09-03T04:00:01Z heartbeat: up 0d3h58m36s, 3 VMs; [] []
2001-09-03T05:00:00Z heartbeat: up 0d4h58m36s, 3 VMs; [] []
2001-09-03T06:00:00Z heartbeat: up 0d5h58m36s, 3 VMs; [] []
2001-09-03T07:00:00Z heartbeat: up 0d6h58m36s, 3 VMs; [] []
2001-09-03T08:00:00Z heartbeat: up 0d7h58m36s, 3 VMs; [] []
2001-09-03T09:00:00Z heartbeat: up 0d8h58m36s, 4 VMs; [] []
2001-09-03T09:26:43Z bootstop: Host is powering off
2001-01-01T00:02:43Z bootstop: Host has booted
2001-09-04T01:00:00Z heartbeat: up 0d0h58m52s, 3 VMs; [] []
2001-09-04T02:00:00Z heartbeat: up 0d1h58m52s, 3 VMs; [] []
2001-09-04T02:44:51Z bootstop: Host is powering off
2001-01-01T00:02:44Z bootstop: Host has booted
2001-01-01T01:00:00Z heartbeat: up 0d0h58m17s, 2 VMs; [] []
2001-01-01T02:00:01Z heartbeat: up 0d1h58m17s, 5 VMs; [] []
2001-01-01T03:00:01Z heartbeat: up 0d2h58m17s, 3 VMs; [] []
2001-01-01T04:00:00Z heartbeat: up 0d3h58m16s, 3 VMs; [] []
2001-01-01T05:00:00Z heartbeat: up 0d4h58m17s, 4 VMs; [] []
2001-01-01T06:00:00Z heartbeat: up 0d5h58m17s, 4 VMs; [] []
2001-01-01T07:00:00Z heartbeat: up 0d6h58m17s, 4 VMs; [] []
2001-01-01T08:00:00Z heartbeat: up 0d7h58m17s, 4 VMs; [] []
2001-01-01T09:00:00Z heartbeat: up 0d8h58m17s, 4 VMs; [] []
2001-01-01T10:00:01Z heartbeat: up 0d9h58m17s, 5 VMs; [] []
2001-01-01T11:00:00Z heartbeat: up 0d10h58m16s, 6 VMs; [] []
2001-01-01T12:00:00Z heartbeat: up 0d11h58m17s, 6 VMs; [] []
2001-01-01T13:00:00Z heartbeat: up 0d12h58m17s, 6 VMs; [] []
2001-01-01T14:00:00Z heartbeat: up 0d13h58m17s, 7 VMs; [] []
2001-01-01T14:19:31Z bootstop: Host is powering off
2001-01-01T00:02:44Z bootstop: Host has booted
2001-09-07T13:00:01Z heartbeat: up 0d0h17m14s, 2 VMs; [] []
2001-09-07T14:00:00Z heartbeat: up 0d1h17m13s, 2 VMs; [] []
2001-09-07T15:00:00Z heartbeat: up 0d2h17m13s, 3 VMs; [] []
2001-09-07T16:00:00Z heartbeat: up 0d3h17m13s, 4 VMs; [] []
2001-09-07T16:13:02Z bootstop: Host is powering off
2001-01-01T00:02:38Z bootstop: Host has booted
2001-01-01T01:00:00Z heartbeat: up 0d0h58m17s, 0 VMs; [] []
2001-09-19T09:00:00Z heartbeat: up 0d1h12m3s, 3 VMs; [] []
2001-09-19T10:00:00Z heartbeat: up 0d2h12m3s, 4 VMs; [] []
2001-09-12T11:00:00Z heartbeat: up 0d3h12m15s, 5 VMs; [] []
2001-09-12T12:00:00Z heartbeat: up 0d4h12m15s, 6 VMs; [] []
2001-09-12T13:00:00Z heartbeat: up 0d5h12m16s, 7 VMs; [] []
2001-09-12T14:00:01Z heartbeat: up 0d6h12m16s, 6 VMs; [] []
2001-09-12T15:00:00Z heartbeat: up 0d7h12m15s, 4 VMs; [] []
2001-09-12T16:00:00Z heartbeat: up 0d8h12m15s, 5 VMs; [] []
2001-09-12T17:00:00Z heartbeat: up 0d9h12m15s, 7 VMs; [] []
2001-09-12T18:00:00Z heartbeat: up 0d10h12m15s, 7 VMs; [] []
2001-09-12T18:33:35Z bootstop: Host is powering off
2001-01-01T00:02:37Z bootstop: Host has booted
2001-09-13T06:00:00Z heartbeat: up 0d0h28m31s, 0 VMs; [] []
2001-09-13T07:00:00Z heartbeat: up 0d1h28m31s, 6 VMs; [] []
2001-09-13T08:00:00Z heartbeat: up 0d2h28m31s, 6 VMs; [] []
2001-09-13T09:00:00Z heartbeat: up 0d3h28m31s, 8 VMs; [] []
2001-09-13T10:00:00Z heartbeat: up 0d4h28m31s, 8 VMs; [] []
2001-09-13T11:00:00Z heartbeat: up 0d5h28m32s, 8 VMs; [] []
2001-09-13T12:00:00Z heartbeat: up 0d6h28m32s, 9 VMs; [] []
2001-09-13T13:00:01Z heartbeat: up 0d7h28m32s, 8 VMs; [] []
2001-09-13T14:00:01Z heartbeat: up 0d8h28m32s, 10 VMs; [] []
2001-09-13T15:00:00Z heartbeat: up 0d9h28m31s, 11 VMs; [] []
2001-09-13T16:00:00Z heartbeat: up 0d10h28m31s, 9 VMs; [] []
2001-09-13T16:22:41Z bootstop: Host is powering off
2001-01-01T00:02:38Z bootstop: Host has booted
2001-10-24T01:00:00Z heartbeat: up 0d0h58m40s, 5 VMs; [] []
2001-01-01T00:42:13Z bootstop: Host has booted
2001-11-09T01:00:00Z heartbeat: up 0d0h19m25s, 4 VMs; [] []
2001-11-09T02:00:00Z heartbeat: up 0d1h19m25s, 5 VMs; [] []
2001-11-09T02:25:22Z bootstop: Host is powering off
2001-01-01T00:06:58Z bootstop: Host has booted
2001-01-01T01:00:00Z heartbeat: up 0d0h53m57s, 6 VMs; [] []
2001-01-01T02:00:01Z heartbeat: up 0d1h53m57s, 6 VMs; [] []
2001-01-01T03:00:01Z heartbeat: up 0d2h53m57s, 6 VMs; [] []
2001-01-01T04:00:00Z heartbeat: up 0d3h53m56s, 6 VMs; [] []
2001-01-01T05:00:00Z heartbeat: up 0d4h53m57s, 6 VMs; [] []
2001-01-01T06:00:00Z heartbeat: up 0d5h53m57s, 6 VMs; [] []
2001-01-01T07:00:00Z heartbeat: up 0d6h53m57s, 6 VMs; [] []
2001-01-01T08:00:00Z heartbeat: up 0d7h53m57s, 8 VMs; [] []
2001-01-01T09:00:00Z heartbeat: up 0d8h53m57s, 8 VMs; [] []
2001-01-01T10:00:01Z heartbeat: up 0d9h53m57s, 8 VMs; [] []
2001-01-01T11:00:00Z heartbeat: up 0d10h53m56s, 8 VMs; [] []
2001-01-01T12:00:00Z heartbeat: up 0d11h53m57s, 8 VMs; [] []
2001-01-01T13:00:00Z heartbeat: up 0d12h53m57s, 8 VMs; [] []
2001-01-01T13:06:53Z bootstop: Host is powering off
2001-01-01T00:02:38Z bootstop: Host has booted
2001-11-15T02:00:00Z heartbeat: up 0d1h17m56s, 4 VMs; [] []
2001-11-15T03:00:00Z heartbeat: up 0d2h17m56s, 3 VMs; [] []
2001-11-15T03:14:23Z bootstop: Host is powering off
2001-01-01T00:02:36Z bootstop: Host has booted
2001-11-15T00:18:46Z bootstop: Host is rebooting
2025-11-15T00:23:11Z bootstop: Host has booted
2025-11-15T01:00:00Z heartbeat: up 0d0h37m44s, 0 VMs; [] []
2025-11-15T02:00:00Z heartbeat: up 0d1h37m44s, 4 VMs; [] []
2025-11-15T03:00:01Z heartbeat: up 0d2h37m44s, 2 VMs; [] []
2025-11-15T03:02:39Z bootstop: Host is powering off
2025-11-15T06:07:12Z bootstop: Host has booted
2025-11-15T07:00:00Z heartbeat: up 0d0h53m43s, 5 VMs; [] []
2025-11-15T08:00:00Z heartbeat: up 0d1h53m44s, 5 VMs; [] []
2025-11-15T09:00:00Z heartbeat: up 0d2h53m44s, 8 VMs; [] []
2025-11-15T10:00:00Z heartbeat: up 0d3h53m44s, 9 VMs; [] []
2025-11-15T10:45:46Z bootstop: Host is powering off
2025-11-15T20:03:39Z bootstop: Host has booted
2025-11-15T21:00:00Z heartbeat: up 0d0h57m16s, 7 VMs; [] []
2025-11-15T22:00:00Z heartbeat: up 0d1h57m16s, 10 VMs; [] []
2025-11-15T23:00:01Z heartbeat: up 0d2h57m16s, 10 VMs; [] []
2025-11-16T00:00:01Z heartbeat: up 0d3h57m16s, 10 VMs; [] []
2025-11-16T00:58:56Z bootstop: Host is powering off
2025-11-16T05:14:40Z bootstop: Host has booted
2025-11-16T06:00:00Z heartbeat: up 0d0h46m15s, 5 VMs; [] []
2025-11-16T07:00:01Z heartbeat: up 0d1h46m15s, 0 VMs; [] []
2025-11-16T07:01:10Z bootstop: Host is powering off
2025-12-06T23:50:40Z bootstop: Host has booted
2025-12-07T00:00:00Z heartbeat: up 0d0h10m15s, 0 VMs; [] []
2025-12-07T01:00:00Z heartbeat: up 0d1h10m15s, 5 VMs; [] []
2025-12-07T02:00:01Z heartbeat: up 0d2h10m15s, 5 VMs; [] []
2025-12-07T03:00:01Z heartbeat: up 0d3h10m15s, 5 VMs; [] []
2025-12-07T04:00:00Z heartbeat: up 0d4h10m14s, 5 VMs; [] []
2025-12-07T05:00:00Z heartbeat: up 0d5h10m15s, 5 VMs; [] []
2025-12-07T06:00:00Z heartbeat: up 0d6h10m15s, 5 VMs; [] []
2025-12-07T07:00:00Z heartbeat: up 0d7h10m15s, 5 VMs; [] []
2025-12-07T08:00:00Z heartbeat: up 0d8h10m15s, 5 VMs; [] []
2025-12-07T09:00:00Z heartbeat: up 0d9h10m15s, 9 VMs; [] []
2025-12-07T09:30:15Z bootstop: Host is powering off
2025-12-08T11:31:49Z bootstop: Host has booted
2025-12-08T12:00:00Z heartbeat: up 0d0h29m6s, 3 VMs; [] []
2025-12-08T13:00:01Z heartbeat: up 0d1h29m6s, 4 VMs; [] []
2025-12-08T13:34:21Z bootstop: Host is powering off
2025-12-08T19:31:34Z bootstop: Host has booted
2025-12-08T20:00:00Z heartbeat: up 0d0h29m21s, 6 VMs; [] []
2025-12-08T21:00:00Z heartbeat: up 0d1h29m21s, 6 VMs; [] []
2025-12-08T22:00:00Z heartbeat: up 0d2h29m21s, 6 VMs; [] []
2025-12-08T23:00:00Z heartbeat: up 0d3h29m21s, 6 VMs; [] []
2025-12-09T00:00:01Z heartbeat: up 0d4h29m21s, 6 VMs; [] []
2025-12-09T01:00:00Z heartbeat: up 0d5h29m20s, 6 VMs; [] []
2025-12-09T02:00:00Z heartbeat: up 0d6h29m21s, 6 VMs; [] []
2025-12-09T03:00:00Z heartbeat: up 0d7h29m21s, 6 VMs; [] []
2025-12-09T04:00:00Z heartbeat: up 0d8h29m21s, 6 VMs; [] []
2025-12-09T05:00:00Z heartbeat: up 0d9h29m21s, 6 VMs; [] []
2025-12-09T06:00:00Z heartbeat: up 0d10h29m21s, 6 VMs; [] []
2025-12-09T07:00:01Z heartbeat: up 0d11h29m21s, 6 VMs; [] []
2025-12-09T08:00:01Z heartbeat: up 0d12h29m21s, 6 VMs; [] []
2025-12-09T09:00:00Z heartbeat: up 0d13h29m20s, 6 VMs; [] []
2025-12-09T10:00:00Z heartbeat: up 0d14h29m21s, 6 VMs; [] []
2025-12-09T10:56:15Z bootstop: Host is powering off
2025-12-10T13:09:00Z bootstop: Host has booted
2025-12-10T14:00:00Z heartbeat: up 0d0h51m55s, 2 VMs; [] []
2025-12-10T14:01:21Z bootstop: Host is powering off
2025-12-11T06:46:35Z bootstop: Host has booted
2025-12-11T07:00:00Z heartbeat: up 0d0h14m21s, 4 VMs; [] []
2025-12-11T08:00:00Z heartbeat: up 0d1h14m21s, 4 VMs; [] []
2025-12-11T09:00:00Z heartbeat: up 0d2h14m21s, 4 VMs; [] []
2025-12-11T10:00:01Z heartbeat: up 0d3h14m21s, 0 VMs; [] []
2025-12-11T10:29:49Z bootstop: Host is powering off
2025-12-18T19:29:37Z bootstop: Host has booted
2025-12-18T19:51:53Z bootstop: Host is rebooting
2025-12-18T19:56:19Z bootstop: Host has booted
2025-12-18T20:00:00Z heartbeat: up 0d0h4m36s, 0 VMs; [] []
2025-12-18T21:00:00Z heartbeat: up 0d1h4m36s, 5 VMs; [] []
2025-12-27T00:21:04Z bootstop: Host has booted
2025-12-27T00:36:20Z bootstop: Host is rebooting
2025-12-27T00:44:52Z bootstop: Host has booted
2025-12-27T01:00:00Z heartbeat: up 0d0h16m4s, 0 VMs; [] []
2025-12-27T02:00:01Z heartbeat: up 0d1h16m4s, 5 VMs; [] []
2025-12-27T03:00:01Z heartbeat: up 0d2h16m4s, 7 VMs; [] []
2025-12-27T04:00:00Z heartbeat: up 0d3h16m3s, 7 VMs; [] []
2025-12-27T05:00:00Z heartbeat: up 0d4h16m4s, 7 VMs; [] []
2025-12-27T05:33:46Z bootstop: Host is powering off
2026-01-10T07:56:03Z bootstop: Host has booted
2026-01-10T08:00:00Z heartbeat: up 0d0h4m53s, 2 VMs; [] []
2026-01-10T09:00:00Z heartbeat: up 0d1h4m53s, 5 VMs; [] []
