regtype=native,bus=pci,id=14e41604..............,driver=bnxtnet
regtype=native,bus=pci,id=14e4160414e4d140......,driver=bnxtnet
regtype=native,bus=pci,id=14e4160414e4d340......,driver=bnxtnet
regtype=native,bus=pci,id=14e41605..............,driver=bnxtnet
regtype=native,bus=pci,id=14e4160514e4d140......,driver=bnxtnet
regtype=native,bus=pci,id=14e4160514e4d340......,driver=bnxtnet
regtype=native,bus=pci,id=14e41606..............,driver=bnxtnet
regtype=native,bus=pci,id=14e41609..............,driver=bnxtnet
regtype=native,bus=pci,id=14e4160914e4d140......,driver=bnxtnet
regtype=native,bus=pci,id=14e4160914e4d340......,driver=bnxtnet
regtype=native,bus=pci,id=14e41614..............,driver=bnxtnet
regtype=native,bus=pci,id=14e4161414e4d140......,driver=bnxtnet
regtype=native,bus=pci,id=14e4161414e4d340......,driver=bnxtnet
regtype=native,bus=pci,id=14e41614152d8b11......,driver=bnxtnet
regtype=native,bus=pci,id=14e4161417aa4047......,driver=bnxtnet
regtype=native,bus=pci,id=14e4161417aa4100......,driver=bnxtnet
regtype=native,bus=pci,id=14e4161417aa4101......,driver=bnxtnet
regtype=native,bus=pci,id=14e4161417aa4102......,driver=bnxtnet
regtype=native,bus=pci,id=14e416c0..............,driver=bnxtnet
regtype=native,bus=pci,id=14e416c1..............,driver=bnxtnet
regtype=native,bus=pci,id=14e416cc..............,driver=bnxtnet
regtype=native,bus=pci,id=14e416ce..............,driver=bnxtnet
regtype=native,bus=pci,id=14e416cf..............,driver=bnxtnet
regtype=native,bus=pci,id=14e416d6..............,driver=bnxtnet
regtype=native,bus=pci,id=14e416d614e44125......,driver=bnxtnet
regtype=native,bus=pci,id=14e416d614e44126......,driver=bnxtnet
regtype=native,bus=pci,id=14e416d6159002c5......,driver=bnxtnet
regtype=native,bus=pci,id=14e416d617aa4120......,driver=bnxtnet
regtype=native,bus=pci,id=14e416d7..............,driver=bnxtnet
regtype=native,bus=pci,id=14e416d714e44145......,driver=bnxtnet
regtype=native,bus=pci,id=14e416d714e44146......,driver=bnxtnet
regtype=native,bus=pci,id=14e416d7159002c3......,driver=bnxtnet
regtype=native,bus=pci,id=14e416d7159002c5......,driver=bnxtnet
regtype=native,bus=pci,id=14e416d717aa4103......,driver=bnxtnet
regtype=native,bus=pci,id=14e416d717aa4105......,driver=bnxtnet
regtype=native,bus=pci,id=14e416d717aa4140......,driver=bnxtnet
regtype=native,bus=pci,id=14e416d8..............,driver=bnxtnet
regtype=native,bus=pci,id=14e416d810281feb......,driver=bnxtnet
regtype=native,bus=pci,id=14e416d814e44165......,driver=bnxtnet
regtype=native,bus=pci,id=14e416d814e44166......,driver=bnxtnet
regtype=native,bus=pci,id=14e416d8159002c2......,driver=bnxtnet
regtype=native,bus=pci,id=14e416d817aa4048......,driver=bnxtnet
regtype=native,bus=pci,id=14e416d817aa4160......,driver=bnxtnet
regtype=native,bus=pci,id=14e416d817aa4161......,driver=bnxtnet
regtype=native,bus=pci,id=14e416d817aa4162......,driver=bnxtnet
regtype=native,bus=pci,id=14e416d817aa4163......,driver=bnxtnet
regtype=native,bus=pci,id=14e416d9..............,driver=bnxtnet
regtype=native,bus=pci,id=14e416dc..............,driver=bnxtnet
regtype=native,bus=pci,id=14e416de..............,driver=bnxtnet
regtype=native,bus=pci,id=14e416df..............,driver=bnxtnet
regtype=native,bus=pci,id=14e416e0..............,driver=bnxtnet
regtype=native,bus=pci,id=14e416e1..............,driver=bnxtnet
regtype=native,bus=pci,id=14e416e2..............,driver=bnxtnet
regtype=native,bus=pci,id=14e416e3..............,driver=bnxtnet
regtype=native,bus=pci,id=14e416e4..............,driver=bnxtnet
regtype=native,bus=pci,id=14e416e5..............,driver=bnxtnet
regtype=native,bus=pci,id=14e416eb..............,driver=bnxtnet
regtype=native,bus=pci,id=14e416ec..............,driver=bnxtnet
regtype=native,bus=pci,id=14e416ed..............,driver=bnxtnet
regtype=native,bus=pci,id=14e416ee..............,driver=bnxtnet
regtype=native,bus=pci,id=14e416ef..............,driver=bnxtnet
regtype=native,bus=pci,id=14e41750..............,driver=bnxtnet
regtype=native,bus=pci,id=14e4175014e42100......,driver=bnxtnet
regtype=native,bus=pci,id=14e4175014e45208......,driver=bnxtnet
regtype=native,bus=pci,id=14e4175014e45209......,driver=bnxtnet
regtype=native,bus=pci,id=14e4175014e4d124......,driver=bnxtnet
regtype=native,bus=pci,id=14e4175014e4df24......,driver=bnxtnet
regtype=native,bus=pci,id=14e4175017aa404c......,driver=bnxtnet
regtype=native,bus=pci,id=14e41751..............,driver=bnxtnet
regtype=native,bus=pci,id=14e4175114e41100......,driver=bnxtnet
regtype=native,bus=pci,id=14e4175114e41598......,driver=bnxtnet
regtype=native,bus=pci,id=14e4175114e41599......,driver=bnxtnet
regtype=native,bus=pci,id=14e4175114e44250......,driver=bnxtnet
regtype=native,bus=pci,id=14e4175114e45045......,driver=bnxtnet
regtype=native,bus=pci,id=14e4175114e45046......,driver=bnxtnet
regtype=native,bus=pci,id=14e4175114e45047......,driver=bnxtnet
regtype=native,bus=pci,id=14e4175114e45048......,driver=bnxtnet
regtype=native,bus=pci,id=14e4175114e45049......,driver=bnxtnet
regtype=native,bus=pci,id=14e4175114e45100......,driver=bnxtnet
regtype=native,bus=pci,id=14e4175114e45250......,driver=bnxtnet
regtype=native,bus=pci,id=14e4175114e45425......,driver=bnxtnet
regtype=native,bus=pci,id=14e4175114e4d142......,driver=bnxtnet
regtype=native,bus=pci,id=14e41752..............,driver=bnxtnet
regtype=native,bus=pci,id=14e4175214e41002......,driver=bnxtnet
regtype=native,bus=pci,id=14e4175214e41003......,driver=bnxtnet
regtype=native,bus=pci,id=14e4175214e45150......,driver=bnxtnet
regtype=native,bus=pci,id=14e4175214e45410......,driver=bnxtnet
regtype=native,bus=pci,id=14e41800..............,driver=bnxtnet
regtype=native,bus=pci,id=14e41801..............,driver=bnxtnet
regtype=native,bus=pci,id=14e4180114e41598......,driver=bnxtnet
regtype=native,bus=pci,id=14e4180114e41599......,driver=bnxtnet
regtype=native,bus=pci,id=14e4180114e4d142......,driver=bnxtnet
regtype=native,bus=pci,id=14e41802..............,driver=bnxtnet
regtype=native,bus=pci,id=14e4180214e4d124......,driver=bnxtnet
regtype=native,bus=pci,id=14e4180214e4df24......,driver=bnxtnet
regtype=native,bus=pci,id=14e41803..............,driver=bnxtnet
regtype=native,bus=pci,id=14e41804..............,driver=bnxtnet
regtype=native,bus=pci,id=14e4180414e41598......,driver=bnxtnet
regtype=native,bus=pci,id=14e4180414e41599......,driver=bnxtnet
regtype=native,bus=pci,id=14e4180414e4d142......,driver=bnxtnet
regtype=native,bus=pci,id=14e41805..............,driver=bnxtnet
regtype=native,bus=pci,id=14e4180514e4d124......,driver=bnxtnet
regtype=native,bus=pci,id=14e4180514e4df24......,driver=bnxtnet
regtype=native,bus=pci,id=14e41806..............,driver=bnxtnet
regtype=native,bus=pci,id=14e4180614e41598......,driver=bnxtnet
regtype=native,bus=pci,id=14e4180614e41599......,driver=bnxtnet
regtype=native,bus=pci,id=14e4180614e4d124......,driver=bnxtnet
regtype=native,bus=pci,id=14e4180614e4d142......,driver=bnxtnet
regtype=native,bus=pci,id=14e4180614e4df24......,driver=bnxtnet
regtype=native,bus=pci,id=14e41807..............,driver=bnxtnet
regtype=native,bus=pci,id=14e4180714e41598......,driver=bnxtnet
regtype=native,bus=pci,id=14e4180714e41599......,driver=bnxtnet
regtype=native,bus=pci,id=14e4180714e4d124......,driver=bnxtnet
regtype=native,bus=pci,id=14e4180714e4d142......,driver=bnxtnet
regtype=native,bus=pci,id=14e4180714e4df24......,driver=bnxtnet
regtype=native,bus=pci,id=14e41808..............,driver=bnxtnet
regtype=native,bus=pci,id=14e41809..............,driver=bnxtnet
regtype=native,bus=pci,id=14e4d80214e48021......,driver=bnxtnet
regtype=native,bus=pci,id=14e4d80214e48028......,driver=bnxtnet
regtype=native,bus=pci,id=14e4d82e..............,driver=bnxtnet