regtype=native,bus=pci,id=10df0720..............,driver=elxnet
regtype=native,bus=pci,id=10df0720103c1934......,driver=elxnet
regtype=native,bus=pci,id=10df0720103c1935......,driver=elxnet
regtype=native,bus=pci,id=10df0720103c21d4......,driver=elxnet
regtype=native,bus=pci,id=10df0720103c220a......,driver=elxnet
regtype=native,bus=pci,id=10df0720103c803f......,driver=elxnet
regtype=native,bus=pci,id=10df072015908153......,driver=elxnet
regtype=native,bus=pci,id=19a20221..............,driver=elxnet
regtype=native,bus=pci,id=19a20710..............,driver=elxnet
regtype=native,bus=pci,id=19a20710103c177b......,driver=elxnet
regtype=native,bus=pci,id=19a20710103c17a3......,driver=elxnet
regtype=native,bus=pci,id=19a20710103c17a6......,driver=elxnet
regtype=native,bus=pci,id=19a20710103c184e......,driver=elxnet
regtype=native,bus=pci,id=19a20710103c2151......,driver=elxnet
regtype=native,bus=pci,id=19a20710103c3315......,driver=elxnet
regtype=native,bus=pci,id=19a20710103c3340......,driver=elxnet
regtype=native,bus=pci,id=19a20710103c3341......,driver=elxnet
regtype=native,bus=pci,id=19a20710103c3342......,driver=elxnet
regtype=native,bus=pci,id=19a20710103c3343......,driver=elxnet
regtype=native,bus=pci,id=19a20710103c3344......,driver=elxnet
regtype=native,bus=pci,id=19a20710103c3345......,driver=elxnet
regtype=native,bus=pci,id=19a20710103c3376......,driver=elxnet
regtype=native,bus=pci,id=19a20710103c337b......,driver=elxnet
regtype=native,bus=pci,id=19a20710103c337c......,driver=elxnet
regtype=native,bus=pci,id=19a20710103c3391......,driver=elxnet
regtype=native,bus=pci,id=19a20710103c3392......,driver=elxnet