regtype=native,bus=pci,id=8086101f..............,driver=i40en
regtype=native,bus=pci,id=8086104e..............,driver=i40en
regtype=native,bus=pci,id=8086104f..............,driver=i40en
regtype=native,bus=pci,id=80861572..............,driver=i40en
regtype=native,bus=pci,id=80861580..............,driver=i40en
regtype=native,bus=pci,id=80861581..............,driver=i40en
regtype=native,bus=pci,id=80861583..............,driver=i40en
regtype=native,bus=pci,id=80861584..............,driver=i40en
regtype=native,bus=pci,id=80861585..............,driver=i40en
regtype=native,bus=pci,id=80861586..............,driver=i40en
regtype=native,bus=pci,id=80861589..............,driver=i40en
regtype=native,bus=pci,id=8086158a..............,driver=i40en
regtype=native,bus=pci,id=8086158b..............,driver=i40en
regtype=native,bus=pci,id=808615ff..............,driver=i40en
regtype=native,bus=pci,id=808637cc..............,driver=i40en
regtype=native,bus=pci,id=808637ce..............,driver=i40en
regtype=native,bus=pci,id=808637cf..............,driver=i40en
regtype=native,bus=pci,id=808637d0..............,driver=i40en
regtype=native,bus=pci,id=808637d1..............,driver=i40en
regtype=native,bus=pci,id=808637d2..............,driver=i40en
regtype=native,bus=pci,id=808637d3..............,driver=i40en