regtype=native,bus=pci,id=8086150e..............,driver=igbn
regtype=native,bus=pci,id=8086150f..............,driver=igbn
regtype=native,bus=pci,id=80861510..............,driver=igbn
regtype=native,bus=pci,id=80861511..............,driver=igbn
regtype=native,bus=pci,id=80861516..............,driver=igbn
regtype=native,bus=pci,id=80861521..............,driver=igbn
regtype=native,bus=pci,id=80861522..............,driver=igbn
regtype=native,bus=pci,id=80861523..............,driver=igbn
regtype=native,bus=pci,id=80861524..............,driver=igbn
regtype=native,bus=pci,id=80861527..............,driver=igbn
regtype=native,bus=pci,id=80861533..............,driver=igbn
regtype=native,bus=pci,id=80861536..............,driver=igbn
regtype=native,bus=pci,id=80861537..............,driver=igbn
regtype=native,bus=pci,id=80861538..............,driver=igbn
regtype=native,bus=pci,id=80861539..............,driver=igbn
regtype=native,bus=pci,id=8086157b..............,driver=igbn
regtype=native,bus=pci,id=8086157c..............,driver=igbn
regtype=native,bus=pci,id=80861f40..............,driver=igbn
regtype=native,bus=pci,id=80861f41..............,driver=igbn
regtype=native,bus=pci,id=80861f45..............,driver=igbn