regtype=native,bus=pci,id=808610f7..............,driver=ixgben
regtype=native,bus=pci,id=808610f8..............,driver=ixgben
regtype=native,bus=pci,id=808610f9..............,driver=ixgben
regtype=native,bus=pci,id=808610fb..............,driver=ixgben
regtype=native,bus=pci,id=808610fc..............,driver=ixgben
regtype=native,bus=pci,id=80861507..............,driver=ixgben
regtype=native,bus=pci,id=80861514..............,driver=ixgben
regtype=native,bus=pci,id=80861517..............,driver=ixgben
regtype=native,bus=pci,id=80861528..............,driver=ixgben
regtype=native,bus=pci,id=8086154d..............,driver=ixgben
regtype=native,bus=pci,id=80861557..............,driver=ixgben
regtype=native,bus=pci,id=80861558..............,driver=ixgben
regtype=native,bus=pci,id=80861560..............,driver=ixgben
regtype=native,bus=pci,id=80861563..............,driver=ixgben
regtype=native,bus=pci,id=808615aa..............,driver=ixgben
regtype=native,bus=pci,id=808615ab..............,driver=ixgben
regtype=native,bus=pci,id=808615ac..............,driver=ixgben
regtype=native,bus=pci,id=808615ad..............,driver=ixgben
regtype=native,bus=pci,id=808615ae..............,driver=ixgben
regtype=native,bus=pci,id=808615c2..............,driver=ixgben
regtype=native,bus=pci,id=808615c3..............,driver=ixgben
regtype=native,bus=pci,id=808615c4..............,driver=ixgben
regtype=native,bus=pci,id=808615c6..............,driver=ixgben
regtype=native,bus=pci,id=808615c7..............,driver=ixgben
regtype=native,bus=pci,id=808615c8..............,driver=ixgben
regtype=native,bus=pci,id=808615ce..............,driver=ixgben
regtype=native,bus=pci,id=808615d1..............,driver=ixgben
regtype=native,bus=pci,id=808615e4..............,driver=ixgben
regtype=native,bus=pci,id=808615e5..............,driver=ixgben