regtype=native,bus=pci,id=10000090..............,driver=lsi_msgpt3
regtype=native,bus=pci,id=1000009010281fde......,driver=lsi_msgpt3
regtype=native,bus=pci,id=1000009010281fe2......,driver=lsi_msgpt3
regtype=native,bus=pci,id=10000091..............,driver=lsi_msgpt3
regtype=native,bus=pci,id=10000094..............,driver=lsi_msgpt3
regtype=native,bus=pci,id=10000095..............,driver=lsi_msgpt3
regtype=native,bus=pci,id=10000096..............,driver=lsi_msgpt3
regtype=native,bus=pci,id=10000097..............,driver=lsi_msgpt3
regtype=native,bus=pci,id=1000009710280619......,driver=lsi_msgpt3
regtype=native,bus=pci,id=1000009710281f45......,driver=lsi_msgpt3
regtype=native,bus=pci,id=1000009710281f46......,driver=lsi_msgpt3
regtype=native,bus=pci,id=1000009710281f53......,driver=lsi_msgpt3
regtype=native,bus=pci,id=1000009710281fd2......,driver=lsi_msgpt3
regtype=native,bus=pci,id=1000009710281fd3......,driver=lsi_msgpt3
regtype=native,bus=pci,id=1000009711370154......,driver=lsi_msgpt3
regtype=native,bus=pci,id=100000c0..............,driver=lsi_msgpt3
regtype=native,bus=pci,id=100000c1..............,driver=lsi_msgpt3
regtype=native,bus=pci,id=100000c2..............,driver=lsi_msgpt3
regtype=native,bus=pci,id=100000c3..............,driver=lsi_msgpt3
regtype=native,bus=pci,id=100000c4..............,driver=lsi_msgpt3
regtype=native,bus=pci,id=100000c5..............,driver=lsi_msgpt3
regtype=native,bus=pci,id=100000c6..............,driver=lsi_msgpt3
regtype=native,bus=pci,id=100000c7..............,driver=lsi_msgpt3
regtype=native,bus=pci,id=100000c8..............,driver=lsi_msgpt3
regtype=native,bus=pci,id=100000c811370199......,driver=lsi_msgpt3
regtype=native,bus=pci,id=100000c9..............,driver=lsi_msgpt3