regtype=native,bus=pci,id=10000014..............,driver=lsi_mr3
regtype=native,bus=pci,id=1000001410281f3a......,driver=lsi_mr3
regtype=native,bus=pci,id=1000001410281f3b......,driver=lsi_mr3
regtype=native,bus=pci,id=1000001410281fd4......,driver=lsi_mr3
regtype=native,bus=pci,id=100000141137020e......,driver=lsi_mr3
regtype=native,bus=pci,id=100000141d490602......,driver=lsi_mr3
regtype=native,bus=pci,id=100000141d490604......,driver=lsi_mr3
regtype=native,bus=pci,id=100000141d490607......,driver=lsi_mr3
regtype=native,bus=pci,id=10000015..............,driver=lsi_mr3
regtype=native,bus=pci,id=1000001510281f3c......,driver=lsi_mr3
regtype=native,bus=pci,id=1000001510281f3d......,driver=lsi_mr3
regtype=native,bus=pci,id=100000151d490503......,driver=lsi_mr3
regtype=native,bus=pci,id=10000016..............,driver=lsi_mr3
regtype=native,bus=pci,id=1000001610281fc9......,driver=lsi_mr3
regtype=native,bus=pci,id=1000001610281fca......,driver=lsi_mr3
regtype=native,bus=pci,id=1000001610281fcb......,driver=lsi_mr3
regtype=native,bus=pci,id=1000001610281fcc......,driver=lsi_mr3
regtype=native,bus=pci,id=1000001610281fcd......,driver=lsi_mr3
regtype=native,bus=pci,id=1000001610281fce......,driver=lsi_mr3
regtype=native,bus=pci,id=1000001610281fcf......,driver=lsi_mr3
regtype=native,bus=pci,id=1000001610281fd0......,driver=lsi_mr3
regtype=native,bus=pci,id=1000001611370210......,driver=lsi_mr3
regtype=native,bus=pci,id=1000001611370213......,driver=lsi_mr3
regtype=native,bus=pci,id=1000001611703508......,driver=lsi_mr3
regtype=native,bus=pci,id=100000161d490601......,driver=lsi_mr3
regtype=native,bus=pci,id=100000161d490603......,driver=lsi_mr3
regtype=native,bus=pci,id=10000017..............,driver=lsi_mr3
regtype=native,bus=pci,id=100000171cf27f00......,driver=lsi_mr3
regtype=native,bus=pci,id=100000171d490500......,driver=lsi_mr3
regtype=native,bus=pci,id=100000171d490502......,driver=lsi_mr3
regtype=native,bus=pci,id=1000001780863528......,driver=lsi_mr3
regtype=native,bus=pci,id=1000001780863529......,driver=lsi_mr3
regtype=native,bus=pci,id=1000001b..............,driver=lsi_mr3
regtype=native,bus=pci,id=1000001b1d490605......,driver=lsi_mr3
regtype=native,bus=pci,id=1000001c..............,driver=lsi_mr3
regtype=native,bus=pci,id=1000001c10543090......,driver=lsi_mr3
regtype=native,bus=pci,id=1000001c1d490501......,driver=lsi_mr3
regtype=native,bus=pci,id=10000052..............,driver=lsi_mr3
regtype=native,bus=pci,id=10000053..............,driver=lsi_mr3
regtype=native,bus=pci,id=1000005b..............,driver=lsi_mr3
regtype=native,bus=pci,id=1000005b10281f2d......,driver=lsi_mr3
regtype=native,bus=pci,id=1000005b10281f2e......,driver=lsi_mr3
regtype=native,bus=pci,id=1000005b10281f2f......,driver=lsi_mr3
regtype=native,bus=pci,id=1000005b10281f30......,driver=lsi_mr3
regtype=native,bus=pci,id=1000005b10281f31......,driver=lsi_mr3
regtype=native,bus=pci,id=1000005b10281f33......,driver=lsi_mr3
regtype=native,bus=pci,id=1000005b10281f34......,driver=lsi_mr3
regtype=native,bus=pci,id=1000005b10281f35......,driver=lsi_mr3
regtype=native,bus=pci,id=1000005b10281f37......,driver=lsi_mr3
regtype=native,bus=pci,id=1000005b10281f38......,driver=lsi_mr3
regtype=native,bus=pci,id=1000005d..............,driver=lsi_mr3
regtype=native,bus=pci,id=1000005d10281f41......,driver=lsi_mr3
regtype=native,bus=pci,id=1000005d10281f42......,driver=lsi_mr3
regtype=native,bus=pci,id=1000005d10281f43......,driver=lsi_mr3
regtype=native,bus=pci,id=1000005d10281f47......,driver=lsi_mr3
regtype=native,bus=pci,id=1000005d10281f48......,driver=lsi_mr3
regtype=native,bus=pci,id=1000005d10281f49......,driver=lsi_mr3
regtype=native,bus=pci,id=1000005d10281f4a......,driver=lsi_mr3
regtype=native,bus=pci,id=1000005d10281f4d......,driver=lsi_mr3
regtype=native,bus=pci,id=1000005d10281f4f......,driver=lsi_mr3
regtype=native,bus=pci,id=1000005d10281f54......,driver=lsi_mr3
regtype=native,bus=pci,id=1000005d10281fd1......,driver=lsi_mr3
regtype=native,bus=pci,id=1000005d1d490600......,driver=lsi_mr3
regtype=native,bus=pci,id=1000005d1d490608......,driver=lsi_mr3
regtype=native,bus=pci,id=1000005d1d490609......,driver=lsi_mr3
regtype=native,bus=pci,id=1000005f..............,driver=lsi_mr3
regtype=native,bus=pci,id=1000005f10281f44......,driver=lsi_mr3
regtype=native,bus=pci,id=1000005f10281f4b......,driver=lsi_mr3
regtype=native,bus=pci,id=1000005f10281f4c......,driver=lsi_mr3
regtype=native,bus=pci,id=1000005f10281f4e......,driver=lsi_mr3
regtype=native,bus=pci,id=1000007310281f4e......,driver=lsi_mr3
regtype=native,bus=pci,id=1000007310281f50......,driver=lsi_mr3
regtype=native,bus=pci,id=1000007310281f51......,driver=lsi_mr3
regtype=native,bus=pci,id=1000007310281f52......,driver=lsi_mr3
regtype=native,bus=pci,id=1000007310281f53......,driver=lsi_mr3
regtype=native,bus=pci,id=100000ce..............,driver=lsi_mr3
regtype=native,bus=pci,id=100000ce1137020c......,driver=lsi_mr3
regtype=native,bus=pci,id=100000cf..............,driver=lsi_mr3
regtype=native,bus=pci,id=100000cf1590022c......,driver=lsi_mr3
regtype=native,bus=pci,id=100010e0..............,driver=lsi_mr3
regtype=native,bus=pci,id=100010e1..............,driver=lsi_mr3
regtype=native,bus=pci,id=100010e110281ae0......,driver=lsi_mr3
regtype=native,bus=pci,id=100010e110281ae1......,driver=lsi_mr3
regtype=native,bus=pci,id=100010e2..............,driver=lsi_mr3
regtype=native,bus=pci,id=100010e3..............,driver=lsi_mr3
regtype=native,bus=pci,id=100010e4..............,driver=lsi_mr3
regtype=native,bus=pci,id=100010e5..............,driver=lsi_mr3
regtype=native,bus=pci,id=100010e6..............,driver=lsi_mr3
regtype=native,bus=pci,id=100010e7..............,driver=lsi_mr3