regtype=native,bus=pci,id=100000ab..............,driver=lsi_msgpt35
regtype=native,bus=pci,id=100000ab1137020f......,driver=lsi_msgpt35
regtype=native,bus=pci,id=100000ab80863530......,driver=lsi_msgpt35
regtype=native,bus=pci,id=100000ac..............,driver=lsi_msgpt35
regtype=native,bus=pci,id=100000ac10281fe3......,driver=lsi_msgpt35
regtype=native,bus=pci,id=100000ac10281fe4......,driver=lsi_msgpt35
regtype=native,bus=pci,id=100000ac1d490201......,driver=lsi_msgpt35
regtype=native,bus=pci,id=100000ac1d490203......,driver=lsi_msgpt35
regtype=native,bus=pci,id=100000ac80863000......,driver=lsi_msgpt35
regtype=native,bus=pci,id=100000ac80863020......,driver=lsi_msgpt35
regtype=native,bus=pci,id=100000ae..............,driver=lsi_msgpt35
regtype=native,bus=pci,id=100000ae11370211......,driver=lsi_msgpt35
regtype=native,bus=pci,id=100000af..............,driver=lsi_msgpt35
regtype=native,bus=pci,id=100000af11370212......,driver=lsi_msgpt35
regtype=native,bus=pci,id=100000af1137024f......,driver=lsi_msgpt35
regtype=native,bus=pci,id=100000af1d490200......,driver=lsi_msgpt35
regtype=native,bus=pci,id=100000af1d490202......,driver=lsi_msgpt35
regtype=native,bus=pci,id=100000af1d490204......,driver=lsi_msgpt35
regtype=native,bus=pci,id=100000b2..............,driver=lsi_msgpt35
regtype=native,bus=pci,id=100000d0..............,driver=lsi_msgpt35
regtype=native,bus=pci,id=100000d1..............,driver=lsi_msgpt35
regtype=native,bus=pci,id=100000e0..............,driver=lsi_msgpt35
regtype=native,bus=pci,id=100000e1..............,driver=lsi_msgpt35
regtype=native,bus=pci,id=100000e2..............,driver=lsi_msgpt35
regtype=native,bus=pci,id=100000e3..............,driver=lsi_msgpt35
regtype=native,bus=pci,id=100000e4..............,driver=lsi_msgpt35
regtype=native,bus=pci,id=100000e5..............,driver=lsi_msgpt35
regtype=native,bus=pci,id=100000e6..............,driver=lsi_msgpt35
regtype=native,bus=pci,id=100000e7..............,driver=lsi_msgpt35