regtype=native,bus=pci,id=80861049..............,driver=ne1000
regtype=native,bus=pci,id=8086104a..............,driver=ne1000
regtype=native,bus=pci,id=8086104b..............,driver=ne1000
regtype=native,bus=pci,id=8086104c..............,driver=ne1000
regtype=native,bus=pci,id=8086104d..............,driver=ne1000
regtype=native,bus=pci,id=8086105e..............,driver=ne1000
regtype=native,bus=pci,id=8086105e8086005e......,driver=ne1000
regtype=native,bus=pci,id=8086105e8086105e......,driver=ne1000
regtype=native,bus=pci,id=8086105e8086115e......,driver=ne1000
regtype=native,bus=pci,id=8086105e8086125e......,driver=ne1000
regtype=native,bus=pci,id=8086105e8086135e......,driver=ne1000
regtype=native,bus=pci,id=8086105f..............,driver=ne1000
regtype=native,bus=pci,id=8086105f80860000......,driver=ne1000
regtype=native,bus=pci,id=8086105f8086005a......,driver=ne1000
regtype=native,bus=pci,id=8086105f8086115f......,driver=ne1000
regtype=native,bus=pci,id=8086105f8086125f......,driver=ne1000
regtype=native,bus=pci,id=8086105f8086135f......,driver=ne1000
regtype=native,bus=pci,id=80861060..............,driver=ne1000
regtype=native,bus=pci,id=8086106080860060......,driver=ne1000
regtype=native,bus=pci,id=8086106080861060......,driver=ne1000
regtype=native,bus=pci,id=8086107d..............,driver=ne1000
regtype=native,bus=pci,id=8086107d80861082......,driver=ne1000
regtype=native,bus=pci,id=8086107d80861084......,driver=ne1000
regtype=native,bus=pci,id=8086107d80861092......,driver=ne1000
regtype=native,bus=pci,id=8086107e..............,driver=ne1000
regtype=native,bus=pci,id=8086107e80861084......,driver=ne1000
regtype=native,bus=pci,id=8086107e80861085......,driver=ne1000
regtype=native,bus=pci,id=8086107e80861094......,driver=ne1000
regtype=native,bus=pci,id=8086107f..............,driver=ne1000
regtype=native,bus=pci,id=8086108b..............,driver=ne1000
regtype=native,bus=pci,id=8086108c..............,driver=ne1000
regtype=native,bus=pci,id=80861096..............,driver=ne1000
regtype=native,bus=pci,id=80861098..............,driver=ne1000
regtype=native,bus=pci,id=8086109a..............,driver=ne1000
regtype=native,bus=pci,id=8086109a8086109a......,driver=ne1000
regtype=native,bus=pci,id=808610a4..............,driver=ne1000
regtype=native,bus=pci,id=808610a4808610a4......,driver=ne1000
regtype=native,bus=pci,id=808610a4808611a4......,driver=ne1000
regtype=native,bus=pci,id=808610a5..............,driver=ne1000
regtype=native,bus=pci,id=808610a5808610a5......,driver=ne1000
regtype=native,bus=pci,id=808610a5808610a6......,driver=ne1000
regtype=native,bus=pci,id=808610b9..............,driver=ne1000
regtype=native,bus=pci,id=808610b980861083......,driver=ne1000
regtype=native,bus=pci,id=808610b980861093......,driver=ne1000
regtype=native,bus=pci,id=808610ba..............,driver=ne1000
regtype=native,bus=pci,id=808610bb..............,driver=ne1000
regtype=native,bus=pci,id=808610bc..............,driver=ne1000
regtype=native,bus=pci,id=808610bc808610bc......,driver=ne1000
regtype=native,bus=pci,id=808610bc808611bc......,driver=ne1000
regtype=native,bus=pci,id=808610bd..............,driver=ne1000
regtype=native,bus=pci,id=808610bf..............,driver=ne1000
regtype=native,bus=pci,id=808610c0..............,driver=ne1000
regtype=native,bus=pci,id=808610c2..............,driver=ne1000
regtype=native,bus=pci,id=808610c3..............,driver=ne1000
regtype=native,bus=pci,id=808610c4..............,driver=ne1000
regtype=native,bus=pci,id=808610c5..............,driver=ne1000
regtype=native,bus=pci,id=808610cb..............,driver=ne1000
regtype=native,bus=pci,id=808610cc..............,driver=ne1000
regtype=native,bus=pci,id=808610cd..............,driver=ne1000
regtype=native,bus=pci,id=808610ce..............,driver=ne1000
regtype=native,bus=pci,id=808610d3..............,driver=ne1000
regtype=native,bus=pci,id=808610d315ad07d0......,driver=ne1000
regtype=native,bus=pci,id=808610d380860001......,driver=ne1000
regtype=native,bus=pci,id=808610d38086a01f......,driver=ne1000
regtype=native,bus=pci,id=808610d5..............,driver=ne1000
regtype=native,bus=pci,id=808610d9..............,driver=ne1000
regtype=native,bus=pci,id=808610da..............,driver=ne1000
regtype=native,bus=pci,id=808610de..............,driver=ne1000
regtype=native,bus=pci,id=808610df..............,driver=ne1000
regtype=native,bus=pci,id=808610e5..............,driver=ne1000
regtype=native,bus=pci,id=808610ea..............,driver=ne1000
regtype=native,bus=pci,id=808610eb..............,driver=ne1000
regtype=native,bus=pci,id=808610ef..............,driver=ne1000
regtype=native,bus=pci,id=808610f0..............,driver=ne1000
regtype=native,bus=pci,id=808610f5..............,driver=ne1000
regtype=native,bus=pci,id=808610f6..............,driver=ne1000
regtype=native,bus=pci,id=808610f615ad0760......,driver=ne1000
regtype=native,bus=pci,id=80861501..............,driver=ne1000
regtype=native,bus=pci,id=80861502..............,driver=ne1000
regtype=native,bus=pci,id=80861503..............,driver=ne1000
regtype=native,bus=pci,id=8086150c..............,driver=ne1000
regtype=native,bus=pci,id=80861525..............,driver=ne1000
regtype=native,bus=pci,id=8086153a..............,driver=ne1000
regtype=native,bus=pci,id=8086153b..............,driver=ne1000
regtype=native,bus=pci,id=80861559..............,driver=ne1000
regtype=native,bus=pci,id=8086155a..............,driver=ne1000
regtype=native,bus=pci,id=8086156f..............,driver=ne1000
regtype=native,bus=pci,id=80861570..............,driver=ne1000
regtype=native,bus=pci,id=808615a0..............,driver=ne1000
regtype=native,bus=pci,id=808615a1..............,driver=ne1000
regtype=native,bus=pci,id=808615a2..............,driver=ne1000
regtype=native,bus=pci,id=808615a3..............,driver=ne1000
regtype=native,bus=pci,id=808615b7..............,driver=ne1000
regtype=native,bus=pci,id=808615b8..............,driver=ne1000
regtype=native,bus=pci,id=808615b9..............,driver=ne1000
regtype=native,bus=pci,id=808615bb..............,driver=ne1000
regtype=native,bus=pci,id=808615bc..............,driver=ne1000
regtype=native,bus=pci,id=808615bd..............,driver=ne1000
regtype=native,bus=pci,id=808615be..............,driver=ne1000
regtype=native,bus=pci,id=808615d6..............,driver=ne1000
regtype=native,bus=pci,id=808615d7..............,driver=ne1000
regtype=native,bus=pci,id=808615d8..............,driver=ne1000
regtype=native,bus=pci,id=808615e3..............,driver=ne1000
regtype=native,bus=pci,id=8086294c..............,driver=ne1000