regtype=native,bus=pci,id=103c3230103c323d......,driver=nhpsa
regtype=native,bus=pci,id=103c3239103c21bd......,driver=nhpsa
regtype=native,bus=pci,id=103c3239103c21be......,driver=nhpsa
regtype=native,bus=pci,id=103c3239103c21bf......,driver=nhpsa
regtype=native,bus=pci,id=103c3239103c21c0......,driver=nhpsa
regtype=native,bus=pci,id=103c3239103c21c1......,driver=nhpsa
regtype=native,bus=pci,id=103c3239103c21c2......,driver=nhpsa
regtype=native,bus=pci,id=103c3239103c21c3......,driver=nhpsa
regtype=native,bus=pci,id=103c3239103c21c5......,driver=nhpsa
regtype=native,bus=pci,id=103c3239103c21c6......,driver=nhpsa
regtype=native,bus=pci,id=103c3239103c21c7......,driver=nhpsa
regtype=native,bus=pci,id=103c3239103c21c8......,driver=nhpsa
regtype=native,bus=pci,id=103c3239103c21ca......,driver=nhpsa
regtype=native,bus=pci,id=103c3239103c21cb......,driver=nhpsa
regtype=native,bus=pci,id=103c3239103c21cc......,driver=nhpsa
regtype=native,bus=pci,id=103c3239103c21cd......,driver=nhpsa
regtype=native,bus=pci,id=103c3239103c21ce......,driver=nhpsa
regtype=native,bus=pci,id=103c323a103c3241......,driver=nhpsa
regtype=native,bus=pci,id=103c323a103c3243......,driver=nhpsa
regtype=native,bus=pci,id=103c323a103c3245......,driver=nhpsa
regtype=native,bus=pci,id=103c323a103c3247......,driver=nhpsa
regtype=native,bus=pci,id=103c323a103c3249......,driver=nhpsa
regtype=native,bus=pci,id=103c323a103c324a......,driver=nhpsa
regtype=native,bus=pci,id=103c323a103c324b......,driver=nhpsa
regtype=native,bus=pci,id=103c323b103c3350......,driver=nhpsa
regtype=native,bus=pci,id=103c323b103c3351......,driver=nhpsa
regtype=native,bus=pci,id=103c323b103c3352......,driver=nhpsa
regtype=native,bus=pci,id=103c323b103c3353......,driver=nhpsa
regtype=native,bus=pci,id=103c323b103c3354......,driver=nhpsa
regtype=native,bus=pci,id=103c323b103c3355......,driver=nhpsa
regtype=native,bus=pci,id=103c323b103c3356......,driver=nhpsa
regtype=native,bus=pci,id=103c323c103c1920......,driver=nhpsa
regtype=native,bus=pci,id=103c323c103c1921......,driver=nhpsa
regtype=native,bus=pci,id=103c323c103c1922......,driver=nhpsa
regtype=native,bus=pci,id=103c323c103c1923......,driver=nhpsa
regtype=native,bus=pci,id=103c323c103c1924......,driver=nhpsa
regtype=native,bus=pci,id=103c323c103c1926......,driver=nhpsa
regtype=native,bus=pci,id=103c323c103c1928......,driver=nhpsa