regtype=native,bus=pci,id=15b31013..............,driver=nmlx5_core
regtype=native,bus=pci,id=15b3101315b30003......,driver=nmlx5_core
regtype=native,bus=pci,id=15b3101315b30004......,driver=nmlx5_core
regtype=native,bus=pci,id=15b3101315b30005......,driver=nmlx5_core
regtype=native,bus=pci,id=15b3101315b30006......,driver=nmlx5_core
regtype=native,bus=pci,id=15b3101315b30007......,driver=nmlx5_core
regtype=native,bus=pci,id=15b3101315b30008......,driver=nmlx5_core
regtype=native,bus=pci,id=15b3101315b30009......,driver=nmlx5_core
regtype=native,bus=pci,id=15b3101315b30010......,driver=nmlx5_core
regtype=native,bus=pci,id=15b3101315b30011......,driver=nmlx5_core
regtype=native,bus=pci,id=15b3101315b30012......,driver=nmlx5_core
regtype=native,bus=pci,id=15b3101315b30013......,driver=nmlx5_core
regtype=native,bus=pci,id=15b3101315b30014......,driver=nmlx5_core
regtype=native,bus=pci,id=15b3101315b30020......,driver=nmlx5_core
regtype=native,bus=pci,id=15b3101315b30023......,driver=nmlx5_core
regtype=native,bus=pci,id=15b3101315b30038......,driver=nmlx5_core
regtype=native,bus=pci,id=15b3101315b30039......,driver=nmlx5_core
regtype=native,bus=pci,id=15b3101315b30040......,driver=nmlx5_core
regtype=native,bus=pci,id=15b3101315b30041......,driver=nmlx5_core
regtype=native,bus=pci,id=15b3101315b30044......,driver=nmlx5_core
regtype=native,bus=pci,id=15b3101315b30046......,driver=nmlx5_core
regtype=native,bus=pci,id=15b3101315b30048......,driver=nmlx5_core
regtype=native,bus=pci,id=15b3101315b30049......,driver=nmlx5_core
regtype=native,bus=pci,id=15b31014..............,driver=nmlx5_core
regtype=native,bus=pci,id=15b31015..............,driver=nmlx5_core
regtype=native,bus=pci,id=15b3101515b30001......,driver=nmlx5_core
regtype=native,bus=pci,id=15b3101515b30002......,driver=nmlx5_core
regtype=native,bus=pci,id=15b3101515b30003......,driver=nmlx5_core
regtype=native,bus=pci,id=15b3101515b30004......,driver=nmlx5_core
regtype=native,bus=pci,id=15b3101515b30005......,driver=nmlx5_core
regtype=native,bus=pci,id=15b3101515b30006......,driver=nmlx5_core
regtype=native,bus=pci,id=15b3101515b30008......,driver=nmlx5_core
regtype=native,bus=pci,id=15b3101515b30009......,driver=nmlx5_core
regtype=native,bus=pci,id=15b3101515b30011......,driver=nmlx5_core
regtype=native,bus=pci,id=15b3101515b30013......,driver=nmlx5_core
regtype=native,bus=pci,id=15b3101515b30020......,driver=nmlx5_core
regtype=native,bus=pci,id=15b3101515b30021......,driver=nmlx5_core
regtype=native,bus=pci,id=15b3101515b30047......,driver=nmlx5_core
regtype=native,bus=pci,id=15b3101515b30048......,driver=nmlx5_core
regtype=native,bus=pci,id=15b3101515b30050......,driver=nmlx5_core
regtype=native,bus=pci,id=15b3101515b30069......,driver=nmlx5_core
regtype=native,bus=pci,id=15b3101515b30070......,driver=nmlx5_core
regtype=native,bus=pci,id=15b3101515b30071......,driver=nmlx5_core
regtype=native,bus=pci,id=15b3101515b30073......,driver=nmlx5_core
regtype=native,bus=pci,id=15b3101515b30091......,driver=nmlx5_core
regtype=native,bus=pci,id=15b3101515b30098......,driver=nmlx5_core
regtype=native,bus=pci,id=15b3101515b30102......,driver=nmlx5_core
regtype=native,bus=pci,id=15b3101515b30103......,driver=nmlx5_core
regtype=native,bus=pci,id=15b31016..............,driver=nmlx5_core
regtype=native,bus=pci,id=15b31017..............,driver=nmlx5_core
regtype=native,bus=pci,id=15b3101715b30001......,driver=nmlx5_core
regtype=native,bus=pci,id=15b3101715b30003......,driver=nmlx5_core
regtype=native,bus=pci,id=15b3101715b30004......,driver=nmlx5_core
regtype=native,bus=pci,id=15b3101715b30006......,driver=nmlx5_core
regtype=native,bus=pci,id=15b3101715b30007......,driver=nmlx5_core
regtype=native,bus=pci,id=15b3101715b30009......,driver=nmlx5_core
regtype=native,bus=pci,id=15b3101715b30019......,driver=nmlx5_core
regtype=native,bus=pci,id=15b3101715b30020......,driver=nmlx5_core
regtype=native,bus=pci,id=15b3101715b30021......,driver=nmlx5_core
regtype=native,bus=pci,id=15b3101715b30025......,driver=nmlx5_core
regtype=native,bus=pci,id=15b3101715b30040......,driver=nmlx5_core
regtype=native,bus=pci,id=15b3101715b30045......,driver=nmlx5_core
regtype=native,bus=pci,id=15b3101715b30050......,driver=nmlx5_core
regtype=native,bus=pci,id=15b3101715b30052......,driver=nmlx5_core
regtype=native,bus=pci,id=15b3101715b30060......,driver=nmlx5_core
regtype=native,bus=pci,id=15b3101715b30061......,driver=nmlx5_core
regtype=native,bus=pci,id=15b3101715b30063......,driver=nmlx5_core
regtype=native,bus=pci,id=15b3101715b30068......,driver=nmlx5_core
regtype=native,bus=pci,id=15b3101715b30110......,driver=nmlx5_core
regtype=native,bus=pci,id=15b3101715b30114......,driver=nmlx5_core
regtype=native,bus=pci,id=15b3101715b30117......,driver=nmlx5_core
regtype=native,bus=pci,id=15b3101715b30119......,driver=nmlx5_core
regtype=native,bus=pci,id=15b3101715b30121......,driver=nmlx5_core
regtype=native,bus=pci,id=15b3101715b30122......,driver=nmlx5_core
regtype=native,bus=pci,id=15b3101715b30124......,driver=nmlx5_core
regtype=native,bus=pci,id=15b3101715b30128......,driver=nmlx5_core
regtype=native,bus=pci,id=15b3101715b30130......,driver=nmlx5_core
regtype=native,bus=pci,id=15b3101715b30131......,driver=nmlx5_core
regtype=native,bus=pci,id=15b3101715b30160......,driver=nmlx5_core
regtype=native,bus=pci,id=15b3101715b30193......,driver=nmlx5_core
regtype=native,bus=pci,id=15b31018..............,driver=nmlx5_core
regtype=native,bus=pci,id=15b31019..............,driver=nmlx5_core
regtype=native,bus=pci,id=15b3101915b30002......,driver=nmlx5_core
regtype=native,bus=pci,id=15b3101915b30008......,driver=nmlx5_core
regtype=native,bus=pci,id=15b3101915b30014......,driver=nmlx5_core
regtype=native,bus=pci,id=15b3101915b30035......,driver=nmlx5_core
regtype=native,bus=pci,id=15b3101915b30041......,driver=nmlx5_core
regtype=native,bus=pci,id=15b3101915b30067......,driver=nmlx5_core
regtype=native,bus=pci,id=15b3101915b30090......,driver=nmlx5_core
regtype=native,bus=pci,id=15b3101915b30120......,driver=nmlx5_core
regtype=native,bus=pci,id=15b3101915b30151......,driver=nmlx5_core
regtype=native,bus=pci,id=15b3101915b30195......,driver=nmlx5_core
regtype=native,bus=pci,id=15b3101a..............,driver=nmlx5_core
regtype=native,bus=pci,id=15b3101b..............,driver=nmlx5_core
regtype=native,bus=pci,id=15b3101b15b30006......,driver=nmlx5_core
regtype=native,bus=pci,id=15b3101b15b30007......,driver=nmlx5_core
regtype=native,bus=pci,id=15b3101b15b30008......,driver=nmlx5_core
regtype=native,bus=pci,id=15b3101b15b30009......,driver=nmlx5_core
regtype=native,bus=pci,id=15b3101b15b30028......,driver=nmlx5_core
regtype=native,bus=pci,id=15b3101b15b30070......,driver=nmlx5_core
regtype=native,bus=pci,id=15b3101b15b30071......,driver=nmlx5_core
regtype=native,bus=pci,id=15b3101b15b30072......,driver=nmlx5_core
regtype=native,bus=pci,id=15b3101b15b30073......,driver=nmlx5_core
regtype=native,bus=pci,id=15b3101b15b30078......,driver=nmlx5_core
regtype=native,bus=pci,id=15b3101c..............,driver=nmlx5_core
regtype=native,bus=pci,id=15b3101d..............,driver=nmlx5_core
regtype=native,bus=pci,id=15b3101d15b30004......,driver=nmlx5_core
regtype=native,bus=pci,id=15b3101d15b30005......,driver=nmlx5_core
regtype=native,bus=pci,id=15b3101d15b30006......,driver=nmlx5_core
regtype=native,bus=pci,id=15b3101d15b30011......,driver=nmlx5_core
regtype=native,bus=pci,id=15b3101d15b30012......,driver=nmlx5_core
regtype=native,bus=pci,id=15b3101d15b30013......,driver=nmlx5_core
regtype=native,bus=pci,id=15b3101d15b30016......,driver=nmlx5_core
regtype=native,bus=pci,id=15b3101d15b30018......,driver=nmlx5_core
regtype=native,bus=pci,id=15b3101d15b30019......,driver=nmlx5_core
regtype=native,bus=pci,id=15b3101d15b30031......,driver=nmlx5_core
regtype=native,bus=pci,id=15b3101d15b30032......,driver=nmlx5_core
regtype=native,bus=pci,id=15b3101d15b30034......,driver=nmlx5_core
regtype=native,bus=pci,id=15b3101d15b30035......,driver=nmlx5_core
regtype=native,bus=pci,id=15b3101d15b30037......,driver=nmlx5_core
regtype=native,bus=pci,id=15b3101d15b30039......,driver=nmlx5_core
regtype=native,bus=pci,id=15b3101d15b30041......,driver=nmlx5_core
regtype=native,bus=pci,id=15b3101d15b30042......,driver=nmlx5_core
regtype=native,bus=pci,id=15b3101d15b30043......,driver=nmlx5_core
regtype=native,bus=pci,id=15b3101d15b30044......,driver=nmlx5_core
regtype=native,bus=pci,id=15b3101d15b30047......,driver=nmlx5_core
regtype=native,bus=pci,id=15b3101d15b30048......,driver=nmlx5_core
regtype=native,bus=pci,id=15b3101d15b30049......,driver=nmlx5_core
regtype=native,bus=pci,id=15b3101d15b30052......,driver=nmlx5_core
regtype=native,bus=pci,id=15b3101d15b30054......,driver=nmlx5_core
regtype=native,bus=pci,id=15b3101d15b30055......,driver=nmlx5_core
regtype=native,bus=pci,id=15b3101d15b30059......,driver=nmlx5_core
regtype=native,bus=pci,id=15b3101d15b30060......,driver=nmlx5_core
regtype=native,bus=pci,id=15b3101d15b30065......,driver=nmlx5_core
regtype=native,bus=pci,id=15b3101d15b30066......,driver=nmlx5_core
regtype=native,bus=pci,id=15b3101d15b30083......,driver=nmlx5_core
regtype=native,bus=pci,id=15b3101d15b30084......,driver=nmlx5_core
regtype=native,bus=pci,id=15b3101d15b30085......,driver=nmlx5_core
regtype=native,bus=pci,id=15b3101d15b30095......,driver=nmlx5_core
regtype=native,bus=pci,id=15b3101d15b30100......,driver=nmlx5_core
regtype=native,bus=pci,id=15b3101d15b30103......,driver=nmlx5_core
regtype=native,bus=pci,id=15b3101e..............,driver=nmlx5_core
regtype=native,bus=pci,id=15b3101f..............,driver=nmlx5_core
regtype=native,bus=pci,id=15b3101f15b30001......,driver=nmlx5_core
regtype=native,bus=pci,id=15b3101f15b30002......,driver=nmlx5_core
regtype=native,bus=pci,id=15b3101f15b30003......,driver=nmlx5_core
regtype=native,bus=pci,id=15b3101f15b30004......,driver=nmlx5_core
regtype=native,bus=pci,id=15b3101f15b30005......,driver=nmlx5_core
regtype=native,bus=pci,id=15b3101f15b30008......,driver=nmlx5_core
regtype=native,bus=pci,id=15b3101f15b30009......,driver=nmlx5_core
regtype=native,bus=pci,id=15b3101f15b30010......,driver=nmlx5_core
regtype=native,bus=pci,id=15b3101f15b30011......,driver=nmlx5_core
regtype=native,bus=pci,id=15b3101f15b30016......,driver=nmlx5_core
regtype=native,bus=pci,id=15b3101f15b30017......,driver=nmlx5_core
regtype=native,bus=pci,id=15b3101f15b30018......,driver=nmlx5_core
regtype=native,bus=pci,id=15b3a2d2..............,driver=nmlx5_core
regtype=native,bus=pci,id=15b3a2d215b30001......,driver=nmlx5_core
regtype=native,bus=pci,id=15b3a2d215b30008......,driver=nmlx5_core
regtype=native,bus=pci,id=15b3a2d215b30028......,driver=nmlx5_core
regtype=native,bus=pci,id=15b3a2d215b30029......,driver=nmlx5_core
regtype=native,bus=pci,id=15b3a2d215b30035......,driver=nmlx5_core
regtype=native,bus=pci,id=15b3a2d215b30036......,driver=nmlx5_core
regtype=native,bus=pci,id=15b3a2d215b30037......,driver=nmlx5_core
regtype=native,bus=pci,id=15b3a2d215b30038......,driver=nmlx5_core
regtype=native,bus=pci,id=15b3a2d215b30081......,driver=nmlx5_core
regtype=native,bus=pci,id=15b3a2d215b30082......,driver=nmlx5_core
regtype=native,bus=pci,id=15b3a2d215b30084......,driver=nmlx5_core
regtype=native,bus=pci,id=15b3a2d215b30085......,driver=nmlx5_core
regtype=native,bus=pci,id=15b3a2d3..............,driver=nmlx5_core
regtype=native,bus=pci,id=15b3a2d6..............,driver=nmlx5_core
regtype=native,bus=pci,id=15b3a2d615b30005......,driver=nmlx5_core
regtype=native,bus=pci,id=15b3a2d615b30034......,driver=nmlx5_core
regtype=native,bus=pci,id=15b3a2d615b30035......,driver=nmlx5_core
regtype=native,bus=pci,id=15b3a2d615b30036......,driver=nmlx5_core
regtype=native,bus=pci,id=15b3a2d615b30048......,driver=nmlx5_core
regtype=native,bus=pci,id=15b3a2d615b30049......,driver=nmlx5_core
regtype=native,bus=pci,id=15b3a2d615b30051......,driver=nmlx5_core
regtype=native,bus=pci,id=15b3a2d615b30052......,driver=nmlx5_core
regtype=native,bus=pci,id=15b3a2d615b30055......,driver=nmlx5_core
regtype=native,bus=pci,id=15b3a2d615b30056......,driver=nmlx5_core
regtype=native,bus=pci,id=15b3a2d615b30057......,driver=nmlx5_core
regtype=native,bus=pci,id=15b3a2d615b30060......,driver=nmlx5_core
regtype=native,bus=pci,id=15b3a2d615b30061......,driver=nmlx5_core
regtype=native,bus=pci,id=15b3a2d615b30064......,driver=nmlx5_core
regtype=native,bus=pci,id=15b3a2d615b30065......,driver=nmlx5_core
regtype=native,bus=pci,id=15b3a2d615b30066......,driver=nmlx5_core
regtype=native,bus=pci,id=15b3a2d615b30070......,driver=nmlx5_core
regtype=native,bus=pci,id=15b3a2d615b30071......,driver=nmlx5_core
regtype=native,bus=pci,id=15b3a2d615b30072......,driver=nmlx5_core
regtype=native,bus=pci,id=15b3a2d615b30077......,driver=nmlx5_core
regtype=native,bus=pci,id=15b3a2d615b30078......,driver=nmlx5_core