regtype=native,bus=pci,id=................010802,driver=nvme
regtype=native,bus=pci,id=111d80d0..............,driver=nvme
regtype=native,bus=pci,id=111d80d0111d80d0......,driver=nvme
regtype=native,bus=pci,id=111d80d1..............,driver=nvme
regtype=native,bus=pci,id=111d80d1111d80d1......,driver=nvme
regtype=native,bus=pci,id=111d80d2..............,driver=nvme
regtype=native,bus=pci,id=111d80d2111d80d2......,driver=nvme
regtype=native,bus=pci,id=1179011010281ffb......,driver=nvme
regtype=native,bus=pci,id=1179011010281ffc......,driver=nvme
regtype=native,bus=pci,id=1179011010281ffd......,driver=nvme
regtype=native,bus=pci,id=1179011010281ffe......,driver=nvme
regtype=native,bus=pci,id=13445170..............,driver=nvme
regtype=native,bus=pci,id=13445171..............,driver=nvme
regtype=native,bus=pci,id=144da820..............,driver=nvme
regtype=native,bus=pci,id=144da82010281f95......,driver=nvme
regtype=native,bus=pci,id=144da82010281f96......,driver=nvme
regtype=native,bus=pci,id=144da82010281f97......,driver=nvme
regtype=native,bus=pci,id=144da82010281fa4......,driver=nvme
regtype=native,bus=pci,id=144da82010281fa6......,driver=nvme
regtype=native,bus=pci,id=144da82010281fba......,driver=nvme
regtype=native,bus=pci,id=144da82010281fbb......,driver=nvme
regtype=native,bus=pci,id=144da82010281fbc......,driver=nvme
regtype=native,bus=pci,id=144da820144da800......,driver=nvme
regtype=native,bus=pci,id=144da820144da801......,driver=nvme
regtype=native,bus=pci,id=144da820144da802......,driver=nvme
regtype=native,bus=pci,id=144da820144da804......,driver=nvme
regtype=native,bus=pci,id=144da820144da805......,driver=nvme
regtype=native,bus=pci,id=144da820144da806......,driver=nvme
regtype=native,bus=pci,id=144da820144da809......,driver=nvme
regtype=native,bus=pci,id=144da820144da80a......,driver=nvme
regtype=native,bus=pci,id=144da821..............,driver=nvme
regtype=native,bus=pci,id=144da82110281fb7......,driver=nvme
regtype=native,bus=pci,id=144da82110281fb8......,driver=nvme
regtype=native,bus=pci,id=144da82110281fb9......,driver=nvme
regtype=native,bus=pci,id=144da821144da801......,driver=nvme
regtype=native,bus=pci,id=144da821144da802......,driver=nvme
regtype=native,bus=pci,id=144da821144da803......,driver=nvme
regtype=native,bus=pci,id=144da821144da807......,driver=nvme
regtype=native,bus=pci,id=144da821144da80d......,driver=nvme
regtype=native,bus=pci,id=144da821144da80e......,driver=nvme
regtype=native,bus=pci,id=144da821144da811......,driver=nvme
regtype=native,bus=pci,id=144da821144da812......,driver=nvme
regtype=native,bus=pci,id=144da821144da813......,driver=nvme
regtype=native,bus=pci,id=144da821144da814......,driver=nvme
regtype=native,bus=pci,id=144da821144da81d......,driver=nvme
regtype=native,bus=pci,id=144da821144da81e......,driver=nvme
regtype=native,bus=pci,id=144da821144da81f......,driver=nvme
regtype=native,bus=pci,id=144da82210281ff3......,driver=nvme
regtype=native,bus=pci,id=144da82210281ff4......,driver=nvme
regtype=native,bus=pci,id=144da82210281ff5......,driver=nvme
regtype=native,bus=pci,id=144da82210281ff6......,driver=nvme
regtype=native,bus=pci,id=144da82210281ff7......,driver=nvme
regtype=native,bus=pci,id=144da82210281ff8......,driver=nvme
regtype=native,bus=pci,id=144da82210281ff9......,driver=nvme
regtype=native,bus=pci,id=1b4b2241..............,driver=nvme
regtype=native,bus=pci,id=80860a5410281fee......,driver=nvme
regtype=native,bus=pci,id=80860a5410281fef......,driver=nvme
regtype=native,bus=pci,id=80860a5410281ff0......,driver=nvme
regtype=native,bus=pci,id=80860a5410281fff......,driver=nvme
regtype=native,bus=pci,id=80860a5410282003......,driver=nvme
regtype=native,bus=pci,id=80860a5410282004......,driver=nvme
regtype=native,bus=pci,id=80860a5410282005......,driver=nvme
regtype=native,bus=pci,id=8086270110282000......,driver=nvme
regtype=native,bus=pci,id=8086270110282001......,driver=nvme
regtype=native,bus=pci,id=8086270110282002......,driver=nvme