regtype=native,bus=pci,id=107716a1..............,driver=qfle3
regtype=native,bus=pci,id=107716a4..............,driver=qfle3
regtype=native,bus=pci,id=107716ad..............,driver=qfle3
regtype=native,bus=pci,id=14e4163d..............,driver=qfle3
regtype=native,bus=pci,id=14e4163e..............,driver=qfle3
regtype=native,bus=pci,id=14e41663..............,driver=qfle3
regtype=native,bus=pci,id=14e4168a..............,driver=qfle3
regtype=native,bus=pci,id=14e4168a10281f67......,driver=qfle3
regtype=native,bus=pci,id=14e4168a10281f68......,driver=qfle3
regtype=native,bus=pci,id=14e4168a14e40200......,driver=qfle3
regtype=native,bus=pci,id=14e4168a1bcf805f......,driver=qfle3
regtype=native,bus=pci,id=14e4168e..............,driver=qfle3
regtype=native,bus=pci,id=14e416a1..............,driver=qfle3
regtype=native,bus=pci,id=14e416a2..............,driver=qfle3
regtype=native,bus=pci,id=14e416a2103c22fa......,driver=qfle3
regtype=native,bus=pci,id=14e416a4..............,driver=qfle3
regtype=native,bus=pci,id=14e416a5..............,driver=qfle3
regtype=native,bus=pci,id=14e416ad..............,driver=qfle3
regtype=native,bus=pci,id=14e416ae..............,driver=qfle3