regtype=native,bus=pci,id=10772031..............,driver=qlnativefc
regtype=native,bus=pci,id=10772061..............,driver=qlnativefc
regtype=native,bus=pci,id=10772071..............,driver=qlnativefc
regtype=native,bus=pci,id=1077207110770283......,driver=qlnativefc
regtype=native,bus=pci,id=1077207110770290......,driver=qlnativefc
regtype=native,bus=pci,id=1077207110770295......,driver=qlnativefc
regtype=native,bus=pci,id=1077207110770297......,driver=qlnativefc
regtype=native,bus=pci,id=107720711077029e......,driver=qlnativefc
regtype=native,bus=pci,id=10772071107702a2......,driver=qlnativefc
regtype=native,bus=pci,id=10772071107702a3......,driver=qlnativefc
regtype=native,bus=pci,id=10772071107702a4......,driver=qlnativefc
regtype=native,bus=pci,id=10772071107702a5......,driver=qlnativefc
regtype=native,bus=pci,id=10772071107702ad......,driver=qlnativefc
regtype=native,bus=pci,id=10772081..............,driver=qlnativefc
regtype=native,bus=pci,id=10772081107702e1......,driver=qlnativefc
regtype=native,bus=pci,id=10772081107702e3......,driver=qlnativefc
regtype=native,bus=pci,id=10772089..............,driver=qlnativefc
regtype=native,bus=pci,id=10772261..............,driver=qlnativefc
regtype=native,bus=pci,id=1077226110770299......,driver=qlnativefc
regtype=native,bus=pci,id=107722611077029a......,driver=qlnativefc
regtype=native,bus=pci,id=107722611077029b......,driver=qlnativefc
regtype=native,bus=pci,id=107722611077029c......,driver=qlnativefc
regtype=native,bus=pci,id=10772261107702a7......,driver=qlnativefc
regtype=native,bus=pci,id=10772261107702a8......,driver=qlnativefc
regtype=native,bus=pci,id=10772261107702ab......,driver=qlnativefc
regtype=native,bus=pci,id=10772261107702ac......,driver=qlnativefc
regtype=native,bus=pci,id=10772261107702ae......,driver=qlnativefc
regtype=native,bus=pci,id=10772261107702af......,driver=qlnativefc
regtype=native,bus=pci,id=10772261107702b0......,driver=qlnativefc
regtype=native,bus=pci,id=10772261107702b1......,driver=qlnativefc
regtype=native,bus=pci,id=10772261107702b2......,driver=qlnativefc
regtype=native,bus=pci,id=10772261107702b3......,driver=qlnativefc
regtype=native,bus=pci,id=10772261107702b4......,driver=qlnativefc
regtype=native,bus=pci,id=10772261107702b6......,driver=qlnativefc
regtype=native,bus=pci,id=10772261107702b7......,driver=qlnativefc
regtype=native,bus=pci,id=10772261107702b8......,driver=qlnativefc
regtype=native,bus=pci,id=10772261107702b9......,driver=qlnativefc
regtype=native,bus=pci,id=10772261159000f9......,driver=qlnativefc
regtype=native,bus=pci,id=10772261159000fa......,driver=qlnativefc
regtype=native,bus=pci,id=1077226115900203......,driver=qlnativefc
regtype=native,bus=pci,id=1077226115900204......,driver=qlnativefc
regtype=native,bus=pci,id=10772271..............,driver=qlnativefc
regtype=native,bus=pci,id=10772281..............,driver=qlnativefc
regtype=native,bus=pci,id=10772281107702d3......,driver=qlnativefc
regtype=native,bus=pci,id=10772281107702d4......,driver=qlnativefc
regtype=native,bus=pci,id=10772281107702e2......,driver=qlnativefc
regtype=native,bus=pci,id=10772281107702e4......,driver=qlnativefc
regtype=native,bus=pci,id=10772281107702ee......,driver=qlnativefc
regtype=native,bus=pci,id=10772281107702f0......,driver=qlnativefc
regtype=native,bus=pci,id=10772289..............,driver=qlnativefc
regtype=native,bus=pci,id=10772532..............,driver=qlnativefc
regtype=native,bus=pci,id=10778001..............,driver=qlnativefc
regtype=native,bus=pci,id=10778021..............,driver=qlnativefc
regtype=native,bus=pci,id=10778031..............,driver=qlnativefc