regtype=native,bus=pci,id=9005028f10281fe0......,driver=smartpqi
regtype=native,bus=pci,id=9005028f103c0600......,driver=smartpqi
regtype=native,bus=pci,id=9005028f103c0601......,driver=smartpqi
regtype=native,bus=pci,id=9005028f103c0602......,driver=smartpqi
regtype=native,bus=pci,id=9005028f103c0603......,driver=smartpqi
regtype=native,bus=pci,id=9005028f103c0609......,driver=smartpqi
regtype=native,bus=pci,id=9005028f103c0650......,driver=smartpqi
regtype=native,bus=pci,id=9005028f103c0651......,driver=smartpqi
regtype=native,bus=pci,id=9005028f103c0652......,driver=smartpqi
regtype=native,bus=pci,id=9005028f103c0653......,driver=smartpqi
regtype=native,bus=pci,id=9005028f103c0654......,driver=smartpqi
regtype=native,bus=pci,id=9005028f103c0655......,driver=smartpqi
regtype=native,bus=pci,id=9005028f103c0700......,driver=smartpqi
regtype=native,bus=pci,id=9005028f103c0701......,driver=smartpqi
regtype=native,bus=pci,id=9005028f103c1100......,driver=smartpqi
regtype=native,bus=pci,id=9005028f103c1101......,driver=smartpqi
regtype=native,bus=pci,id=9005028f105b1211......,driver=smartpqi
regtype=native,bus=pci,id=9005028f105b1321......,driver=smartpqi
regtype=native,bus=pci,id=9005028f13fe8312......,driver=smartpqi
regtype=native,bus=pci,id=9005028f14581000......,driver=smartpqi
regtype=native,bus=pci,id=9005028f152d8a22......,driver=smartpqi
regtype=native,bus=pci,id=9005028f152d8a23......,driver=smartpqi
regtype=native,bus=pci,id=9005028f152d8a24......,driver=smartpqi
regtype=native,bus=pci,id=9005028f152d8a36......,driver=smartpqi
regtype=native,bus=pci,id=9005028f152d8a37......,driver=smartpqi
regtype=native,bus=pci,id=9005028f15900294......,driver=smartpqi
regtype=native,bus=pci,id=9005028f159002db......,driver=smartpqi
regtype=native,bus=pci,id=9005028f159002dc......,driver=smartpqi
regtype=native,bus=pci,id=9005028f1590032e......,driver=smartpqi
regtype=native,bus=pci,id=9005028f15900381......,driver=smartpqi
regtype=native,bus=pci,id=9005028f15900382......,driver=smartpqi
regtype=native,bus=pci,id=9005028f15900383......,driver=smartpqi
regtype=native,bus=pci,id=9005028f193d1104......,driver=smartpqi
regtype=native,bus=pci,id=9005028f193d1105......,driver=smartpqi
regtype=native,bus=pci,id=9005028f193d1106......,driver=smartpqi
regtype=native,bus=pci,id=9005028f193d1107......,driver=smartpqi
regtype=native,bus=pci,id=9005028f193d1108......,driver=smartpqi
regtype=native,bus=pci,id=9005028f193d1109......,driver=smartpqi
regtype=native,bus=pci,id=9005028f193d8460......,driver=smartpqi
regtype=native,bus=pci,id=9005028f193d8461......,driver=smartpqi
regtype=native,bus=pci,id=9005028f193dc460......,driver=smartpqi
regtype=native,bus=pci,id=9005028f193dc461......,driver=smartpqi
regtype=native,bus=pci,id=9005028f193df460......,driver=smartpqi
regtype=native,bus=pci,id=9005028f193df461......,driver=smartpqi
regtype=native,bus=pci,id=9005028f19e5d227......,driver=smartpqi
regtype=native,bus=pci,id=9005028f19e5d228......,driver=smartpqi
regtype=native,bus=pci,id=9005028f19e5d229......,driver=smartpqi
regtype=native,bus=pci,id=9005028f19e5d22a......,driver=smartpqi
regtype=native,bus=pci,id=9005028f19e5d22b......,driver=smartpqi
regtype=native,bus=pci,id=9005028f19e5d22c......,driver=smartpqi
regtype=native,bus=pci,id=9005028f1bd40045......,driver=smartpqi
regtype=native,bus=pci,id=9005028f1bd40046......,driver=smartpqi
regtype=native,bus=pci,id=9005028f1bd40047......,driver=smartpqi
regtype=native,bus=pci,id=9005028f1bd40048......,driver=smartpqi
regtype=native,bus=pci,id=9005028f1bd4004a......,driver=smartpqi
regtype=native,bus=pci,id=9005028f1bd4004b......,driver=smartpqi
regtype=native,bus=pci,id=9005028f1bd4004c......,driver=smartpqi
regtype=native,bus=pci,id=9005028f1bd4004f......,driver=smartpqi
regtype=native,bus=pci,id=9005028f1bd40051......,driver=smartpqi
regtype=native,bus=pci,id=9005028f1bd40052......,driver=smartpqi
regtype=native,bus=pci,id=9005028f1bd40053......,driver=smartpqi
regtype=native,bus=pci,id=9005028f1bd40054......,driver=smartpqi
regtype=native,bus=pci,id=9005028f1bd4006b......,driver=smartpqi
regtype=native,bus=pci,id=9005028f1bd4006c......,driver=smartpqi
regtype=native,bus=pci,id=9005028f1bd4006d......,driver=smartpqi
regtype=native,bus=pci,id=9005028f1bd4006f......,driver=smartpqi
regtype=native,bus=pci,id=9005028f1bd40070......,driver=smartpqi
regtype=native,bus=pci,id=9005028f1bd40071......,driver=smartpqi
regtype=native,bus=pci,id=9005028f1bd40072......,driver=smartpqi
regtype=native,bus=pci,id=9005028f1cf20b27......,driver=smartpqi
regtype=native,bus=pci,id=9005028f1cf20b29......,driver=smartpqi
regtype=native,bus=pci,id=9005028f1cf20b45......,driver=smartpqi
regtype=native,bus=pci,id=9005028f1cf25445......,driver=smartpqi
regtype=native,bus=pci,id=9005028f1cf25446......,driver=smartpqi
regtype=native,bus=pci,id=9005028f1cf25447......,driver=smartpqi
regtype=native,bus=pci,id=9005028f1cf25449......,driver=smartpqi
regtype=native,bus=pci,id=9005028f1cf2544a......,driver=smartpqi
regtype=native,bus=pci,id=9005028f1cf2544b......,driver=smartpqi
regtype=native,bus=pci,id=9005028f1cf2544d......,driver=smartpqi
regtype=native,bus=pci,id=9005028f1cf2544e......,driver=smartpqi
regtype=native,bus=pci,id=9005028f1cf2544f......,driver=smartpqi
regtype=native,bus=pci,id=9005028f1d490220......,driver=smartpqi
regtype=native,bus=pci,id=9005028f1d490221......,driver=smartpqi
regtype=native,bus=pci,id=9005028f1d490520......,driver=smartpqi
regtype=native,bus=pci,id=9005028f1d490620......,driver=smartpqi
regtype=native,bus=pci,id=9005028f1d490621......,driver=smartpqi
regtype=native,bus=pci,id=9005028f1d490622......,driver=smartpqi
regtype=native,bus=pci,id=9005028f1d490623......,driver=smartpqi
regtype=native,bus=pci,id=9005028f1d8d0800......,driver=smartpqi
regtype=native,bus=pci,id=9005028f1d8d0806......,driver=smartpqi
regtype=native,bus=pci,id=9005028f1d8d0908......,driver=smartpqi
regtype=native,bus=pci,id=9005028f1d8d0916......,driver=smartpqi
regtype=native,bus=pci,id=9005028f1dfc3161......,driver=smartpqi
regtype=native,bus=pci,id=9005028f1f0c3161......,driver=smartpqi
regtype=native,bus=pci,id=9005028f90050608......,driver=smartpqi
regtype=native,bus=pci,id=9005028f90050800......,driver=smartpqi
regtype=native,bus=pci,id=9005028f90050801......,driver=smartpqi
regtype=native,bus=pci,id=9005028f90050802......,driver=smartpqi
regtype=native,bus=pci,id=9005028f90050803......,driver=smartpqi
regtype=native,bus=pci,id=9005028f90050804......,driver=smartpqi
regtype=native,bus=pci,id=9005028f90050805......,driver=smartpqi
regtype=native,bus=pci,id=9005028f90050806......,driver=smartpqi
regtype=native,bus=pci,id=9005028f90050807......,driver=smartpqi
regtype=native,bus=pci,id=9005028f90050808......,driver=smartpqi
regtype=native,bus=pci,id=9005028f90050809......,driver=smartpqi
regtype=native,bus=pci,id=9005028f9005080a......,driver=smartpqi
regtype=native,bus=pci,id=9005028f90050900......,driver=smartpqi
regtype=native,bus=pci,id=9005028f90050901......,driver=smartpqi
regtype=native,bus=pci,id=9005028f90050902......,driver=smartpqi
regtype=native,bus=pci,id=9005028f90050903......,driver=smartpqi
regtype=native,bus=pci,id=9005028f90050904......,driver=smartpqi
regtype=native,bus=pci,id=9005028f90050905......,driver=smartpqi
regtype=native,bus=pci,id=9005028f90050906......,driver=smartpqi
regtype=native,bus=pci,id=9005028f90050907......,driver=smartpqi
regtype=native,bus=pci,id=9005028f90050908......,driver=smartpqi
regtype=native,bus=pci,id=9005028f9005090a......,driver=smartpqi
regtype=native,bus=pci,id=9005028f90051200......,driver=smartpqi
regtype=native,bus=pci,id=9005028f90051201......,driver=smartpqi
regtype=native,bus=pci,id=9005028f90051202......,driver=smartpqi
regtype=native,bus=pci,id=9005028f90051280......,driver=smartpqi
regtype=native,bus=pci,id=9005028f90051281......,driver=smartpqi
regtype=native,bus=pci,id=9005028f90051282......,driver=smartpqi
regtype=native,bus=pci,id=9005028f90051300......,driver=smartpqi
regtype=native,bus=pci,id=9005028f90051301......,driver=smartpqi
regtype=native,bus=pci,id=9005028f90051302......,driver=smartpqi
regtype=native,bus=pci,id=9005028f90051303......,driver=smartpqi
regtype=native,bus=pci,id=9005028f90051380......,driver=smartpqi
regtype=native,bus=pci,id=9005028f90051400......,driver=smartpqi
regtype=native,bus=pci,id=9005028f90051402......,driver=smartpqi
regtype=native,bus=pci,id=9005028f90051410......,driver=smartpqi
regtype=native,bus=pci,id=9005028f90051411......,driver=smartpqi
regtype=native,bus=pci,id=9005028f90051412......,driver=smartpqi
regtype=native,bus=pci,id=9005028f90051420......,driver=smartpqi
regtype=native,bus=pci,id=9005028f90051430......,driver=smartpqi
regtype=native,bus=pci,id=9005028f90051440......,driver=smartpqi
regtype=native,bus=pci,id=9005028f90051441......,driver=smartpqi
regtype=native,bus=pci,id=9005028f90051450......,driver=smartpqi
regtype=native,bus=pci,id=9005028f90051452......,driver=smartpqi
regtype=native,bus=pci,id=9005028f90051460......,driver=smartpqi
regtype=native,bus=pci,id=9005028f90051461......,driver=smartpqi
regtype=native,bus=pci,id=9005028f90051462......,driver=smartpqi
regtype=native,bus=pci,id=9005028f90051463......,driver=smartpqi
regtype=native,bus=pci,id=9005028f90051470......,driver=smartpqi
regtype=native,bus=pci,id=9005028f90051471......,driver=smartpqi
regtype=native,bus=pci,id=9005028f90051472......,driver=smartpqi
regtype=native,bus=pci,id=9005028f90051473......,driver=smartpqi
regtype=native,bus=pci,id=9005028f90051474......,driver=smartpqi
regtype=native,bus=pci,id=9005028f90051480......,driver=smartpqi
regtype=native,bus=pci,id=9005028f90051490......,driver=smartpqi
regtype=native,bus=pci,id=9005028f90051491......,driver=smartpqi
regtype=native,bus=pci,id=9005028f900514a0......,driver=smartpqi
regtype=native,bus=pci,id=9005028f900514a1......,driver=smartpqi
regtype=native,bus=pci,id=9005028f900514a2......,driver=smartpqi
regtype=native,bus=pci,id=9005028f900514a4......,driver=smartpqi
regtype=native,bus=pci,id=9005028f900514a5......,driver=smartpqi
regtype=native,bus=pci,id=9005028f900514a6......,driver=smartpqi
regtype=native,bus=pci,id=9005028f900514b0......,driver=smartpqi
regtype=native,bus=pci,id=9005028f900514b1......,driver=smartpqi
regtype=native,bus=pci,id=9005028f900514c0......,driver=smartpqi
regtype=native,bus=pci,id=9005028f900514c1......,driver=smartpqi
regtype=native,bus=pci,id=9005028f900514c2......,driver=smartpqi
regtype=native,bus=pci,id=9005028f900514d0......,driver=smartpqi
regtype=native,bus=pci,id=9005028f900514e0......,driver=smartpqi
regtype=native,bus=pci,id=9005028f900514f0......,driver=smartpqi