regtype=native,bus=pci,id=11660240..............,driver=vmkata
regtype=native,bus=pci,id=11660241..............,driver=vmkata
regtype=native,bus=pci,id=11660242..............,driver=vmkata
regtype=native,bus=pci,id=1166024a..............,driver=vmkata
regtype=native,bus=pci,id=1166024b..............,driver=vmkata
regtype=native,bus=pci,id=80861c00..............,driver=vmkata
regtype=native,bus=pci,id=80861c01..............,driver=vmkata
regtype=native,bus=pci,id=80861c08..............,driver=vmkata
regtype=native,bus=pci,id=80861c09..............,driver=vmkata
regtype=native,bus=pci,id=80861d00..............,driver=vmkata
regtype=native,bus=pci,id=80861d08..............,driver=vmkata
regtype=native,bus=pci,id=80861e00..............,driver=vmkata
regtype=native,bus=pci,id=80861e01..............,driver=vmkata
regtype=native,bus=pci,id=80861e08..............,driver=vmkata
regtype=native,bus=pci,id=80861e09..............,driver=vmkata
regtype=native,bus=pci,id=80861f20..............,driver=vmkata
regtype=native,bus=pci,id=80861f21..............,driver=vmkata
regtype=native,bus=pci,id=80861f30..............,driver=vmkata
regtype=native,bus=pci,id=80861f31..............,driver=vmkata
regtype=native,bus=pci,id=808623a1..............,driver=vmkata
regtype=native,bus=pci,id=808623a6..............,driver=vmkata
regtype=native,bus=pci,id=80862411..............,driver=vmkata
regtype=native,bus=pci,id=80862421..............,driver=vmkata
regtype=native,bus=pci,id=8086244a..............,driver=vmkata
regtype=native,bus=pci,id=8086244b..............,driver=vmkata
regtype=native,bus=pci,id=8086245b..............,driver=vmkata
regtype=native,bus=pci,id=8086248a..............,driver=vmkata
regtype=native,bus=pci,id=8086248b..............,driver=vmkata
regtype=native,bus=pci,id=808624ca..............,driver=vmkata
regtype=native,bus=pci,id=808624cb..............,driver=vmkata
regtype=native,bus=pci,id=808624d1..............,driver=vmkata
regtype=native,bus=pci,id=808624db..............,driver=vmkata
regtype=native,bus=pci,id=808624df..............,driver=vmkata
regtype=native,bus=pci,id=808625a2..............,driver=vmkata
regtype=native,bus=pci,id=808625a3..............,driver=vmkata
regtype=native,bus=pci,id=808625b0..............,driver=vmkata
regtype=native,bus=pci,id=80862651..............,driver=vmkata
regtype=native,bus=pci,id=8086266f..............,driver=vmkata
regtype=native,bus=pci,id=80862680..............,driver=vmkata
regtype=native,bus=pci,id=8086269e..............,driver=vmkata
regtype=native,bus=pci,id=808627c0..............,driver=vmkata
regtype=native,bus=pci,id=808627c4..............,driver=vmkata
regtype=native,bus=pci,id=808627df..............,driver=vmkata
regtype=native,bus=pci,id=80862820..............,driver=vmkata
regtype=native,bus=pci,id=80862825..............,driver=vmkata
regtype=native,bus=pci,id=80862828..............,driver=vmkata
regtype=native,bus=pci,id=80862850..............,driver=vmkata
regtype=native,bus=pci,id=80862920..............,driver=vmkata
regtype=native,bus=pci,id=80862921..............,driver=vmkata
regtype=native,bus=pci,id=80862926..............,driver=vmkata
regtype=native,bus=pci,id=80862928..............,driver=vmkata
regtype=native,bus=pci,id=8086292d..............,driver=vmkata
regtype=native,bus=pci,id=8086292e..............,driver=vmkata
regtype=native,bus=pci,id=80863a00..............,driver=vmkata
regtype=native,bus=pci,id=80863a06..............,driver=vmkata
regtype=native,bus=pci,id=80863a20..............,driver=vmkata
regtype=native,bus=pci,id=80863a26..............,driver=vmkata
regtype=native,bus=pci,id=80863b20..............,driver=vmkata
regtype=native,bus=pci,id=80863b21..............,driver=vmkata
regtype=native,bus=pci,id=80863b26..............,driver=vmkata
regtype=native,bus=pci,id=80863b28..............,driver=vmkata
regtype=native,bus=pci,id=80863b2d..............,driver=vmkata
regtype=native,bus=pci,id=80863b2e..............,driver=vmkata
regtype=native,bus=pci,id=80867010..............,driver=vmkata
regtype=native,bus=pci,id=80867111..............,driver=vmkata
regtype=native,bus=pci,id=80867199..............,driver=vmkata
regtype=native,bus=pci,id=80867601..............,driver=vmkata
regtype=native,bus=pci,id=808684ca..............,driver=vmkata
regtype=native,bus=pci,id=80868c00..............,driver=vmkata
regtype=native,bus=pci,id=80868c01..............,driver=vmkata
regtype=native,bus=pci,id=80868c08..............,driver=vmkata
regtype=native,bus=pci,id=80868c09..............,driver=vmkata
regtype=native,bus=pci,id=80868d00..............,driver=vmkata
regtype=native,bus=pci,id=80868d08..............,driver=vmkata
regtype=native,bus=pci,id=80868d60..............,driver=vmkata
regtype=native,bus=pci,id=80868d68..............,driver=vmkata