regtype=native,bus=pci,id=................010601,driver=vmw_ahci
regtype=native,bus=pci,id=10024390..............,driver=vmw_ahci
regtype=native,bus=pci,id=10024391..............,driver=vmw_ahci
regtype=native,bus=pci,id=10024392..............,driver=vmw_ahci
regtype=native,bus=pci,id=10024393..............,driver=vmw_ahci
regtype=native,bus=pci,id=10024394..............,driver=vmw_ahci
regtype=native,bus=pci,id=10227800..............,driver=vmw_ahci
regtype=native,bus=pci,id=10227801..............,driver=vmw_ahci
regtype=native,bus=pci,id=10227804..............,driver=vmw_ahci
regtype=native,bus=pci,id=10227900..............,driver=vmw_ahci
regtype=native,bus=pci,id=10227901..............,driver=vmw_ahci
regtype=native,bus=pci,id=10227904..............,driver=vmw_ahci
regtype=native,bus=pci,id=10b95288..............,driver=vmw_ahci
regtype=native,bus=pci,id=10de0ad0..............,driver=vmw_ahci
regtype=native,bus=pci,id=10de0ad4..............,driver=vmw_ahci
regtype=native,bus=pci,id=10de0d88..............,driver=vmw_ahci
regtype=native,bus=pci,id=144d1600..............,driver=vmw_ahci
regtype=native,bus=pci,id=144da801..............,driver=vmw_ahci
regtype=native,bus=pci,id=15ad07e0..............,driver=vmw_ahci
regtype=native,bus=pci,id=1b210612..............,driver=vmw_ahci
regtype=native,bus=pci,id=1b4b9230..............,driver=vmw_ahci
regtype=native,bus=pci,id=1b4b923010281fd6......,driver=vmw_ahci
regtype=native,bus=pci,id=1b4b923010281fe2......,driver=vmw_ahci
regtype=native,bus=pci,id=1b4b923010282010......,driver=vmw_ahci
regtype=native,bus=pci,id=1b4b92301d490300......,driver=vmw_ahci
regtype=native,bus=pci,id=1b622923..............,driver=vmw_ahci
regtype=native,bus=pci,id=808619b0..............,driver=vmw_ahci
regtype=native,bus=pci,id=808619b1..............,driver=vmw_ahci
regtype=native,bus=pci,id=808619b2..............,driver=vmw_ahci
regtype=native,bus=pci,id=808619b3..............,driver=vmw_ahci
regtype=native,bus=pci,id=808619b4..............,driver=vmw_ahci
regtype=native,bus=pci,id=808619b5..............,driver=vmw_ahci
regtype=native,bus=pci,id=808619b6..............,driver=vmw_ahci
regtype=native,bus=pci,id=808619b7..............,driver=vmw_ahci
regtype=native,bus=pci,id=808619be..............,driver=vmw_ahci
regtype=native,bus=pci,id=808619bf..............,driver=vmw_ahci
regtype=native,bus=pci,id=808619c0..............,driver=vmw_ahci
regtype=native,bus=pci,id=808619c1..............,driver=vmw_ahci
regtype=native,bus=pci,id=808619c2..............,driver=vmw_ahci
regtype=native,bus=pci,id=808619c3..............,driver=vmw_ahci
regtype=native,bus=pci,id=808619c4..............,driver=vmw_ahci
regtype=native,bus=pci,id=808619c5..............,driver=vmw_ahci
regtype=native,bus=pci,id=808619c6..............,driver=vmw_ahci
regtype=native,bus=pci,id=808619c7..............,driver=vmw_ahci
regtype=native,bus=pci,id=808619ce..............,driver=vmw_ahci
regtype=native,bus=pci,id=808619cf..............,driver=vmw_ahci
regtype=native,bus=pci,id=80861c02..............,driver=vmw_ahci
regtype=native,bus=pci,id=80861c03..............,driver=vmw_ahci
regtype=native,bus=pci,id=80861c04..............,driver=vmw_ahci
regtype=native,bus=pci,id=80861c05..............,driver=vmw_ahci
regtype=native,bus=pci,id=80861c06..............,driver=vmw_ahci
regtype=native,bus=pci,id=80861c07..............,driver=vmw_ahci
regtype=native,bus=pci,id=80861d02..............,driver=vmw_ahci
regtype=native,bus=pci,id=80861d04..............,driver=vmw_ahci
regtype=native,bus=pci,id=80861d06..............,driver=vmw_ahci
regtype=native,bus=pci,id=80861e02..............,driver=vmw_ahci
regtype=native,bus=pci,id=80861e03..............,driver=vmw_ahci
regtype=native,bus=pci,id=80861f22..............,driver=vmw_ahci
regtype=native,bus=pci,id=80861f23..............,driver=vmw_ahci
regtype=native,bus=pci,id=80861f24..............,driver=vmw_ahci
regtype=native,bus=pci,id=80861f25..............,driver=vmw_ahci
regtype=native,bus=pci,id=80861f26..............,driver=vmw_ahci
regtype=native,bus=pci,id=80861f27..............,driver=vmw_ahci
regtype=native,bus=pci,id=80861f2e..............,driver=vmw_ahci
regtype=native,bus=pci,id=80861f2f..............,driver=vmw_ahci
regtype=native,bus=pci,id=80861f32..............,driver=vmw_ahci
regtype=native,bus=pci,id=80861f33..............,driver=vmw_ahci
regtype=native,bus=pci,id=80861f34..............,driver=vmw_ahci
regtype=native,bus=pci,id=80861f35..............,driver=vmw_ahci
regtype=native,bus=pci,id=80861f36..............,driver=vmw_ahci
regtype=native,bus=pci,id=80861f37..............,driver=vmw_ahci
regtype=native,bus=pci,id=80861f3e..............,driver=vmw_ahci
regtype=native,bus=pci,id=80861f3f..............,driver=vmw_ahci
regtype=native,bus=pci,id=80862321..............,driver=vmw_ahci
regtype=native,bus=pci,id=80862323..............,driver=vmw_ahci
regtype=native,bus=pci,id=80862326..............,driver=vmw_ahci
regtype=native,bus=pci,id=808623a3..............,driver=vmw_ahci
regtype=native,bus=pci,id=80862652..............,driver=vmw_ahci
regtype=native,bus=pci,id=80862653..............,driver=vmw_ahci
regtype=native,bus=pci,id=80862681..............,driver=vmw_ahci
regtype=native,bus=pci,id=80862682..............,driver=vmw_ahci
regtype=native,bus=pci,id=80862683..............,driver=vmw_ahci
regtype=native,bus=pci,id=808627c1..............,driver=vmw_ahci
regtype=native,bus=pci,id=808627c3..............,driver=vmw_ahci
regtype=native,bus=pci,id=808627c5..............,driver=vmw_ahci
regtype=native,bus=pci,id=808627c6..............,driver=vmw_ahci
regtype=native,bus=pci,id=80862821..............,driver=vmw_ahci
regtype=native,bus=pci,id=80862822..............,driver=vmw_ahci
regtype=native,bus=pci,id=80862823..............,driver=vmw_ahci
regtype=native,bus=pci,id=80862824..............,driver=vmw_ahci
regtype=native,bus=pci,id=80862826..............,driver=vmw_ahci
regtype=native,bus=pci,id=80862827..............,driver=vmw_ahci
regtype=native,bus=pci,id=80862829..............,driver=vmw_ahci
regtype=native,bus=pci,id=8086282a..............,driver=vmw_ahci
regtype=native,bus=pci,id=80862922..............,driver=vmw_ahci
regtype=native,bus=pci,id=80862923..............,driver=vmw_ahci
regtype=native,bus=pci,id=80862924..............,driver=vmw_ahci
regtype=native,bus=pci,id=80862925..............,driver=vmw_ahci
regtype=native,bus=pci,id=80862927..............,driver=vmw_ahci
regtype=native,bus=pci,id=80862929..............,driver=vmw_ahci
regtype=native,bus=pci,id=8086292a..............,driver=vmw_ahci
regtype=native,bus=pci,id=8086292b..............,driver=vmw_ahci
regtype=native,bus=pci,id=8086292f..............,driver=vmw_ahci
regtype=native,bus=pci,id=8086294d..............,driver=vmw_ahci
regtype=native,bus=pci,id=8086294e..............,driver=vmw_ahci
regtype=native,bus=pci,id=80863a02..............,driver=vmw_ahci
regtype=native,bus=pci,id=80863a05..............,driver=vmw_ahci
regtype=native,bus=pci,id=80863a22..............,driver=vmw_ahci
regtype=native,bus=pci,id=80863a25..............,driver=vmw_ahci
regtype=native,bus=pci,id=80863b22..............,driver=vmw_ahci
regtype=native,bus=pci,id=80863b23..............,driver=vmw_ahci
regtype=native,bus=pci,id=80863b24..............,driver=vmw_ahci
regtype=native,bus=pci,id=80863b25..............,driver=vmw_ahci
regtype=native,bus=pci,id=80863b29..............,driver=vmw_ahci
regtype=native,bus=pci,id=80863b2b..............,driver=vmw_ahci
regtype=native,bus=pci,id=80863b2c..............,driver=vmw_ahci
regtype=native,bus=pci,id=80863b2f..............,driver=vmw_ahci
regtype=native,bus=pci,id=80868c02..............,driver=vmw_ahci
regtype=native,bus=pci,id=80868c03..............,driver=vmw_ahci
regtype=native,bus=pci,id=80868c04..............,driver=vmw_ahci
regtype=native,bus=pci,id=80868c05..............,driver=vmw_ahci
regtype=native,bus=pci,id=80868c06..............,driver=vmw_ahci
regtype=native,bus=pci,id=80868c07..............,driver=vmw_ahci
regtype=native,bus=pci,id=80868c0e..............,driver=vmw_ahci
regtype=native,bus=pci,id=80868c0f..............,driver=vmw_ahci
regtype=native,bus=pci,id=80868d02..............,driver=vmw_ahci
regtype=native,bus=pci,id=80868d04..............,driver=vmw_ahci
regtype=native,bus=pci,id=80868d06..............,driver=vmw_ahci
regtype=native,bus=pci,id=80868d0e..............,driver=vmw_ahci
regtype=native,bus=pci,id=80868d62..............,driver=vmw_ahci
regtype=native,bus=pci,id=80868d64..............,driver=vmw_ahci
regtype=native,bus=pci,id=80868d66..............,driver=vmw_ahci
regtype=native,bus=pci,id=80868d6e..............,driver=vmw_ahci
regtype=native,bus=pci,id=80869c03..............,driver=vmw_ahci
regtype=native,bus=pci,id=80869c83..............,driver=vmw_ahci
regtype=native,bus=pci,id=80869d03..............,driver=vmw_ahci
regtype=native,bus=pci,id=80869d05..............,driver=vmw_ahci
regtype=native,bus=pci,id=80869d07..............,driver=vmw_ahci
regtype=native,bus=pci,id=8086a102..............,driver=vmw_ahci
regtype=native,bus=pci,id=8086a103..............,driver=vmw_ahci
regtype=native,bus=pci,id=8086a105..............,driver=vmw_ahci
regtype=native,bus=pci,id=8086a106..............,driver=vmw_ahci
regtype=native,bus=pci,id=8086a107..............,driver=vmw_ahci
regtype=native,bus=pci,id=8086a10f..............,driver=vmw_ahci
regtype=native,bus=pci,id=8086a182..............,driver=vmw_ahci
regtype=native,bus=pci,id=8086a1d2..............,driver=vmw_ahci
regtype=native,bus=pci,id=8086a202..............,driver=vmw_ahci
regtype=native,bus=pci,id=8086a252..............,driver=vmw_ahci
regtype=native,bus=pci,id=8086a282..............,driver=vmw_ahci
regtype=native,bus=pci,id=8086a352..............,driver=vmw_ahci