regtype=linux,bus=pci,id=1011:0046 103c:10c2,driver=aacraid,class=storage
regtype=linux,bus=pci,id=1011:0046 9005:0364,driver=aacraid,class=storage
regtype=linux,bus=pci,id=1011:0046 9005:0365,driver=aacraid,class=storage
regtype=linux,bus=pci,id=1011:0046 9005:1364,driver=aacraid,class=storage
regtype=linux,bus=pci,id=1011:0046 9005:1365,driver=aacraid,class=storage
regtype=linux,bus=pci,id=1028:0001 1028:0001,driver=aacraid,class=storage
regtype=linux,bus=pci,id=1028:0002 1028:0002,driver=aacraid,class=storage
regtype=linux,bus=pci,id=1028:0002 1028:00d1,driver=aacraid,class=storage
regtype=linux,bus=pci,id=1028:0002 1028:00d9,driver=aacraid,class=storage
regtype=linux,bus=pci,id=1028:0003 1028:0003,driver=aacraid,class=storage
regtype=linux,bus=pci,id=1028:0004 1028:00d0,driver=aacraid,class=storage
regtype=linux,bus=pci,id=1028:000a 1028:0106,driver=aacraid,class=storage
regtype=linux,bus=pci,id=1028:000a 1028:011b,driver=aacraid,class=storage
regtype=linux,bus=pci,id=1028:000a 1028:0121,driver=aacraid,class=storage
regtype=linux,bus=pci,id=9005:0200 0900:0200,driver=aacraid,class=storage
regtype=linux,bus=pci,id=9005:0283 9005:0283,driver=aacraid,class=storage
regtype=linux,bus=pci,id=9005:0284 9005:0284,driver=aacraid,class=storage
regtype=linux,bus=pci,id=9005:0285 0000:0000,driver=aacraid,class=storage
regtype=linux,bus=pci,id=9005:0285 1014:02f2,driver=aacraid,class=storage
regtype=linux,bus=pci,id=9005:0285 1028:0287,driver=aacraid,class=storage
regtype=linux,bus=pci,id=9005:0285 1028:0291,driver=aacraid,class=storage
regtype=linux,bus=pci,id=9005:0285 103c:3227,driver=aacraid,class=storage
regtype=linux,bus=pci,id=9005:0285 17aa:0286,driver=aacraid,class=storage
regtype=linux,bus=pci,id=9005:0285 17aa:0287,driver=aacraid,class=storage
regtype=linux,bus=pci,id=9005:0285 9005:0285,driver=aacraid,class=storage
regtype=linux,bus=pci,id=9005:0285 9005:0286,driver=aacraid,class=storage
regtype=linux,bus=pci,id=9005:0285 9005:0287,driver=aacraid,class=storage
regtype=linux,bus=pci,id=9005:0285 9005:0288,driver=aacraid,class=storage
regtype=linux,bus=pci,id=9005:0285 9005:0289,driver=aacraid,class=storage
regtype=linux,bus=pci,id=9005:0285 9005:028a,driver=aacraid,class=storage
regtype=linux,bus=pci,id=9005:0285 9005:028b,driver=aacraid,class=storage
regtype=linux,bus=pci,id=9005:0285 9005:028e,driver=aacraid,class=storage
regtype=linux,bus=pci,id=9005:0285 9005:028f,driver=aacraid,class=storage
regtype=linux,bus=pci,id=9005:0285 9005:0290,driver=aacraid,class=storage
regtype=linux,bus=pci,id=9005:0285 9005:0292,driver=aacraid,class=storage
regtype=linux,bus=pci,id=9005:0285 9005:0293,driver=aacraid,class=storage
regtype=linux,bus=pci,id=9005:0285 9005:0294,driver=aacraid,class=storage
regtype=linux,bus=pci,id=9005:0285 9005:0296,driver=aacraid,class=storage
regtype=linux,bus=pci,id=9005:0285 9005:0297,driver=aacraid,class=storage
regtype=linux,bus=pci,id=9005:0285 9005:0298,driver=aacraid,class=storage
regtype=linux,bus=pci,id=9005:0285 9005:0299,driver=aacraid,class=storage
regtype=linux,bus=pci,id=9005:0285 9005:029a,driver=aacraid,class=storage
regtype=linux,bus=pci,id=9005:0285 9005:02a4,driver=aacraid,class=storage
regtype=linux,bus=pci,id=9005:0285 9005:02a5,driver=aacraid,class=storage
regtype=linux,bus=pci,id=9005:0286 0000:0000,driver=aacraid,class=storage
regtype=linux,bus=pci,id=9005:0286 1014:9540,driver=aacraid,class=storage
regtype=linux,bus=pci,id=9005:0286 1014:9580,driver=aacraid,class=storage
regtype=linux,bus=pci,id=9005:0286 9005:028c,driver=aacraid,class=storage
regtype=linux,bus=pci,id=9005:0286 9005:028d,driver=aacraid,class=storage
regtype=linux,bus=pci,id=9005:0286 9005:029b,driver=aacraid,class=storage
regtype=linux,bus=pci,id=9005:0286 9005:029c,driver=aacraid,class=storage
regtype=linux,bus=pci,id=9005:0286 9005:029d,driver=aacraid,class=storage
regtype=linux,bus=pci,id=9005:0286 9005:029e,driver=aacraid,class=storage
regtype=linux,bus=pci,id=9005:0286 9005:029f,driver=aacraid,class=storage
regtype=linux,bus=pci,id=9005:0286 9005:02a0,driver=aacraid,class=storage
regtype=linux,bus=pci,id=9005:0286 9005:02a1,driver=aacraid,class=storage
regtype=linux,bus=pci,id=9005:0286 9005:02a2,driver=aacraid,class=storage
regtype=linux,bus=pci,id=9005:0286 9005:02a3,driver=aacraid,class=storage
regtype=linux,bus=pci,id=9005:0286 9005:02a6,driver=aacraid,class=storage
regtype=linux,bus=pci,id=9005:0286 9005:0800,driver=aacraid,class=storage
regtype=linux,bus=pci,id=9005:0287 9005:0800,driver=aacraid,class=storage
