regtype=linux,bus=pci,id=1002:4390 0000:0000,driver=ahci,class=storage
regtype=linux,bus=pci,id=1002:4391 0000:0000,driver=ahci,class=storage
regtype=linux,bus=pci,id=1002:4392 0000:0000,driver=ahci,class=storage
regtype=linux,bus=pci,id=1002:4393 0000:0000,driver=ahci,class=storage
regtype=linux,bus=pci,id=1002:4394 0000:0000,driver=ahci,class=storage
regtype=linux,bus=pci,id=1022:7800 0000:0000,driver=ahci,class=storage
regtype=linux,bus=pci,id=1022:7801 0000:0000,driver=ahci,class=storage
regtype=linux,bus=pci,id=1022:7804 0000:0000,driver=ahci,class=storage
regtype=linux,bus=pci,id=1022:7900 0000:0000,driver=ahci,class=storage
regtype=linux,bus=pci,id=1022:7901 0000:0000,driver=ahci,class=storage
regtype=linux,bus=pci,id=1022:7904 0000:0000,driver=ahci,class=storage
regtype=linux,bus=pci,id=10b9:5288 0000:0000,driver=ahci,class=storage
regtype=linux,bus=pci,id=10de:0ad0 0000:0000,driver=ahci,class=storage
regtype=linux,bus=pci,id=10de:0ad4 0000:0000,driver=ahci,class=storage
regtype=linux,bus=pci,id=10de:0d88 0000:0000,driver=ahci,class=storage
regtype=linux,bus=pci,id=144d:1600 0000:0000,driver=ahci,class=storage
regtype=linux,bus=pci,id=144d:a801 0000:0000,driver=ahci,class=storage
regtype=linux,bus=pci,id=1b4b:9230 0000:0000,driver=ahci,class=storage
regtype=linux,bus=pci,id=1b62:2923 0000:0000,driver=ahci,class=storage
regtype=linux,bus=pci,id=8086:1c02 0000:0000,driver=ahci,class=storage
regtype=linux,bus=pci,id=8086:1c03 0000:0000,driver=ahci,class=storage
regtype=linux,bus=pci,id=8086:1c04 0000:0000,driver=ahci,class=storage
regtype=linux,bus=pci,id=8086:1c05 0000:0000,driver=ahci,class=storage
regtype=linux,bus=pci,id=8086:1c06 0000:0000,driver=ahci,class=storage
regtype=linux,bus=pci,id=8086:1c07 0000:0000,driver=ahci,class=storage
regtype=linux,bus=pci,id=8086:1d02 0000:0000,driver=ahci,class=storage
regtype=linux,bus=pci,id=8086:1d04 0000:0000,driver=ahci,class=storage
regtype=linux,bus=pci,id=8086:1d06 0000:0000,driver=ahci,class=storage
regtype=linux,bus=pci,id=8086:1e02 0000:0000,driver=ahci,class=storage
regtype=linux,bus=pci,id=8086:1e03 0000:0000,driver=ahci,class=storage
regtype=linux,bus=pci,id=8086:1f22 0000:0000,driver=ahci,class=storage
regtype=linux,bus=pci,id=8086:1f23 0000:0000,driver=ahci,class=storage
regtype=linux,bus=pci,id=8086:1f24 0000:0000,driver=ahci,class=storage
regtype=linux,bus=pci,id=8086:1f25 0000:0000,driver=ahci,class=storage
regtype=linux,bus=pci,id=8086:1f26 0000:0000,driver=ahci,class=storage
regtype=linux,bus=pci,id=8086:1f27 0000:0000,driver=ahci,class=storage
regtype=linux,bus=pci,id=8086:1f2e 0000:0000,driver=ahci,class=storage
regtype=linux,bus=pci,id=8086:1f2f 0000:0000,driver=ahci,class=storage
regtype=linux,bus=pci,id=8086:1f32 0000:0000,driver=ahci,class=storage
regtype=linux,bus=pci,id=8086:1f33 0000:0000,driver=ahci,class=storage
regtype=linux,bus=pci,id=8086:1f34 0000:0000,driver=ahci,class=storage
regtype=linux,bus=pci,id=8086:1f35 0000:0000,driver=ahci,class=storage
regtype=linux,bus=pci,id=8086:1f36 0000:0000,driver=ahci,class=storage
regtype=linux,bus=pci,id=8086:1f37 0000:0000,driver=ahci,class=storage
regtype=linux,bus=pci,id=8086:1f3e 0000:0000,driver=ahci,class=storage
regtype=linux,bus=pci,id=8086:1f3f 0000:0000,driver=ahci,class=storage
regtype=linux,bus=pci,id=8086:2321 0000:0000,driver=ahci,class=storage
regtype=linux,bus=pci,id=8086:2323 0000:0000,driver=ahci,class=storage
regtype=linux,bus=pci,id=8086:2326 0000:0000,driver=ahci,class=storage
regtype=linux,bus=pci,id=8086:23a3 0000:0000,driver=ahci,class=storage
regtype=linux,bus=pci,id=8086:2652 0000:0000,driver=ahci,class=storage
regtype=linux,bus=pci,id=8086:2653 0000:0000,driver=ahci,class=storage
regtype=linux,bus=pci,id=8086:2681 0000:0000,driver=ahci,class=storage
regtype=linux,bus=pci,id=8086:2682 0000:0000,driver=ahci,class=storage
regtype=linux,bus=pci,id=8086:2683 0000:0000,driver=ahci,class=storage
regtype=linux,bus=pci,id=8086:27c1 0000:0000,driver=ahci,class=storage
regtype=linux,bus=pci,id=8086:27c3 0000:0000,driver=ahci,class=storage
regtype=linux,bus=pci,id=8086:27c5 0000:0000,driver=ahci,class=storage
regtype=linux,bus=pci,id=8086:27c6 0000:0000,driver=ahci,class=storage
regtype=linux,bus=pci,id=8086:2821 0000:0000,driver=ahci,class=storage
regtype=linux,bus=pci,id=8086:2822 0000:0000,driver=ahci,class=storage
regtype=linux,bus=pci,id=8086:2823 0000:0000,driver=ahci,class=storage
regtype=linux,bus=pci,id=8086:2824 0000:0000,driver=ahci,class=storage
regtype=linux,bus=pci,id=8086:2826 0000:0000,driver=ahci,class=storage
regtype=linux,bus=pci,id=8086:2827 0000:0000,driver=ahci,class=storage
regtype=linux,bus=pci,id=8086:2829 0000:0000,driver=ahci,class=storage
regtype=linux,bus=pci,id=8086:282a 0000:0000,driver=ahci,class=storage
regtype=linux,bus=pci,id=8086:2922 0000:0000,driver=ahci,class=storage
regtype=linux,bus=pci,id=8086:2923 0000:0000,driver=ahci,class=storage
regtype=linux,bus=pci,id=8086:2924 0000:0000,driver=ahci,class=storage
regtype=linux,bus=pci,id=8086:2925 0000:0000,driver=ahci,class=storage
regtype=linux,bus=pci,id=8086:2927 0000:0000,driver=ahci,class=storage
regtype=linux,bus=pci,id=8086:2929 0000:0000,driver=ahci,class=storage
regtype=linux,bus=pci,id=8086:292a 0000:0000,driver=ahci,class=storage
regtype=linux,bus=pci,id=8086:292b 0000:0000,driver=ahci,class=storage
regtype=linux,bus=pci,id=8086:292f 0000:0000,driver=ahci,class=storage
regtype=linux,bus=pci,id=8086:294d 0000:0000,driver=ahci,class=storage
regtype=linux,bus=pci,id=8086:294e 0000:0000,driver=ahci,class=storage
regtype=linux,bus=pci,id=8086:3a02 0000:0000,driver=ahci,class=storage
regtype=linux,bus=pci,id=8086:3a05 0000:0000,driver=ahci,class=storage
regtype=linux,bus=pci,id=8086:3a22 0000:0000,driver=ahci,class=storage
regtype=linux,bus=pci,id=8086:3a25 0000:0000,driver=ahci,class=storage
regtype=linux,bus=pci,id=8086:3b22 0000:0000,driver=ahci,class=storage
regtype=linux,bus=pci,id=8086:3b23 0000:0000,driver=ahci,class=storage
regtype=linux,bus=pci,id=8086:3b24 0000:0000,driver=ahci,class=storage
regtype=linux,bus=pci,id=8086:3b25 0000:0000,driver=ahci,class=storage
regtype=linux,bus=pci,id=8086:3b29 0000:0000,driver=ahci,class=storage
regtype=linux,bus=pci,id=8086:3b2b 0000:0000,driver=ahci,class=storage
regtype=linux,bus=pci,id=8086:3b2c 0000:0000,driver=ahci,class=storage
regtype=linux,bus=pci,id=8086:3b2f 0000:0000,driver=ahci,class=storage
regtype=linux,bus=pci,id=8086:8c02 0000:0000,driver=ahci,class=storage
regtype=linux,bus=pci,id=8086:8c03 0000:0000,driver=ahci,class=storage
regtype=linux,bus=pci,id=8086:8c04 0000:0000,driver=ahci,class=storage
regtype=linux,bus=pci,id=8086:8c05 0000:0000,driver=ahci,class=storage
regtype=linux,bus=pci,id=8086:8c06 0000:0000,driver=ahci,class=storage
regtype=linux,bus=pci,id=8086:8c07 0000:0000,driver=ahci,class=storage
regtype=linux,bus=pci,id=8086:8c0e 0000:0000,driver=ahci,class=storage
regtype=linux,bus=pci,id=8086:8c0f 0000:0000,driver=ahci,class=storage
regtype=linux,bus=pci,id=8086:8d02 0000:0000,driver=ahci,class=storage
regtype=linux,bus=pci,id=8086:8d04 0000:0000,driver=ahci,class=storage
regtype=linux,bus=pci,id=8086:8d06 0000:0000,driver=ahci,class=storage
regtype=linux,bus=pci,id=8086:8d0e 0000:0000,driver=ahci,class=storage
regtype=linux,bus=pci,id=8086:8d62 0000:0000,driver=ahci,class=storage
regtype=linux,bus=pci,id=8086:8d64 0000:0000,driver=ahci,class=storage
regtype=linux,bus=pci,id=8086:8d66 0000:0000,driver=ahci,class=storage
regtype=linux,bus=pci,id=8086:8d6e 0000:0000,driver=ahci,class=storage
regtype=linux,bus=pci,id=8086:9c03 0000:0000,driver=ahci,class=storage
regtype=linux,bus=pci,id=8086:9d03 0000:0000,driver=ahci,class=storage
regtype=linux,bus=pci,id=8086:9d05 0000:0000,driver=ahci,class=storage
regtype=linux,bus=pci,id=8086:9d07 0000:0000,driver=ahci,class=storage
regtype=linux,bus=pci,id=8086:a102 0000:0000,driver=ahci,class=storage
regtype=linux,bus=pci,id=8086:a103 0000:0000,driver=ahci,class=storage
regtype=linux,bus=pci,id=8086:a105 0000:0000,driver=ahci,class=storage
regtype=linux,bus=pci,id=8086:a106 0000:0000,driver=ahci,class=storage
regtype=linux,bus=pci,id=8086:a107 0000:0000,driver=ahci,class=storage
regtype=linux,bus=pci,id=8086:a10f 0000:0000,driver=ahci,class=storage
regtype=linux,bus=pci,id=8086:a182 0000:0000,driver=ahci,class=storage
regtype=linux,bus=pci,id=8086:a1d2 0000:0000,driver=ahci,class=storage
regtype=linux,bus=pci,id=8086:a202 0000:0000,driver=ahci,class=storage
regtype=linux,bus=pci,id=8086:a252 0000:0000,driver=ahci,class=storage
regtype=linux,bus=pci,id=8086:a282 0000:0000,driver=ahci,class=storage
