regtype=linux,bus=pci,id=9005:8000 0000:0000,driver=aic79xx,class=storage
regtype=linux,bus=pci,id=9005:800f 0000:0000,driver=aic79xx,class=storage
regtype=linux,bus=pci,id=9005:8010 0000:0000,driver=aic79xx,class=storage
regtype=linux,bus=pci,id=9005:8011 0000:0000,driver=aic79xx,class=storage
regtype=linux,bus=pci,id=9005:8011 0e11:00ac,driver=aic79xx,class=storage
regtype=linux,bus=pci,id=9005:8011 9005:0041,driver=aic79xx,class=storage
regtype=linux,bus=pci,id=9005:8012 0000:0000,driver=aic79xx,class=storage
regtype=linux,bus=pci,id=9005:8013 0000:0000,driver=aic79xx,class=storage
regtype=linux,bus=pci,id=9005:8014 0000:0000,driver=aic79xx,class=storage
regtype=linux,bus=pci,id=9005:8015 0000:0000,driver=aic79xx,class=storage
regtype=linux,bus=pci,id=9005:8016 0000:0000,driver=aic79xx,class=storage
regtype=linux,bus=pci,id=9005:8017 0000:0000,driver=aic79xx,class=storage
regtype=linux,bus=pci,id=9005:801c 0000:0000,driver=aic79xx,class=storage
regtype=linux,bus=pci,id=9005:801d 0000:0000,driver=aic79xx,class=storage
regtype=linux,bus=pci,id=9005:801e 0000:0000,driver=aic79xx,class=storage
regtype=linux,bus=pci,id=9005:801f 0000:0000,driver=aic79xx,class=storage
regtype=linux,bus=pci,id=9005:8094 0000:0000,driver=aic79xx,class=storage
regtype=linux,bus=pci,id=9005:809e 0000:0000,driver=aic79xx,class=storage
regtype=linux,bus=pci,id=9005:809f 0000:0000,driver=aic79xx,class=storage
