regtype=linux,bus=pci,id=8086:1c00 0000:0000,driver=ata_piix,class=storage
regtype=linux,bus=pci,id=8086:1c01 0000:0000,driver=ata_piix,class=storage
regtype=linux,bus=pci,id=8086:1c08 0000:0000,driver=ata_piix,class=storage
regtype=linux,bus=pci,id=8086:1c09 0000:0000,driver=ata_piix,class=storage
regtype=linux,bus=pci,id=8086:1d00 0000:0000,driver=ata_piix,class=storage
regtype=linux,bus=pci,id=8086:1d08 0000:0000,driver=ata_piix,class=storage
regtype=linux,bus=pci,id=8086:1e00 0000:0000,driver=ata_piix,class=storage
regtype=linux,bus=pci,id=8086:1e01 0000:0000,driver=ata_piix,class=storage
regtype=linux,bus=pci,id=8086:1e08 0000:0000,driver=ata_piix,class=storage
regtype=linux,bus=pci,id=8086:1e09 0000:0000,driver=ata_piix,class=storage
regtype=linux,bus=pci,id=8086:1f20 0000:0000,driver=ata_piix,class=storage
regtype=linux,bus=pci,id=8086:1f21 0000:0000,driver=ata_piix,class=storage
regtype=linux,bus=pci,id=8086:1f30 0000:0000,driver=ata_piix,class=storage
regtype=linux,bus=pci,id=8086:1f31 0000:0000,driver=ata_piix,class=storage
regtype=linux,bus=pci,id=8086:23a1 0000:0000,driver=ata_piix,class=storage
regtype=linux,bus=pci,id=8086:23a6 0000:0000,driver=ata_piix,class=storage
regtype=linux,bus=pci,id=8086:2411 0000:0000,driver=ata_piix,class=storage
regtype=linux,bus=pci,id=8086:2421 0000:0000,driver=ata_piix,class=storage
regtype=linux,bus=pci,id=8086:244a 0000:0000,driver=ata_piix,class=storage
regtype=linux,bus=pci,id=8086:244b 0000:0000,driver=ata_piix,class=storage
regtype=linux,bus=pci,id=8086:245b 0000:0000,driver=ata_piix,class=storage
regtype=linux,bus=pci,id=8086:248a 0000:0000,driver=ata_piix,class=storage
regtype=linux,bus=pci,id=8086:248b 0000:0000,driver=ata_piix,class=storage
regtype=linux,bus=pci,id=8086:24ca 0000:0000,driver=ata_piix,class=storage
regtype=linux,bus=pci,id=8086:24cb 0000:0000,driver=ata_piix,class=storage
regtype=linux,bus=pci,id=8086:24d1 0000:0000,driver=ata_piix,class=storage
regtype=linux,bus=pci,id=8086:24db 0000:0000,driver=ata_piix,class=storage
regtype=linux,bus=pci,id=8086:24df 0000:0000,driver=ata_piix,class=storage
regtype=linux,bus=pci,id=8086:25a2 0000:0000,driver=ata_piix,class=storage
regtype=linux,bus=pci,id=8086:25a3 0000:0000,driver=ata_piix,class=storage
regtype=linux,bus=pci,id=8086:25b0 0000:0000,driver=ata_piix,class=storage
regtype=linux,bus=pci,id=8086:2651 0000:0000,driver=ata_piix,class=storage
regtype=linux,bus=pci,id=8086:266f 0000:0000,driver=ata_piix,class=storage
regtype=linux,bus=pci,id=8086:2680 0000:0000,driver=ata_piix,class=storage
regtype=linux,bus=pci,id=8086:269e 0000:0000,driver=ata_piix,class=storage
regtype=linux,bus=pci,id=8086:27c0 0000:0000,driver=ata_piix,class=storage
regtype=linux,bus=pci,id=8086:27c4 0000:0000,driver=ata_piix,class=storage
regtype=linux,bus=pci,id=8086:27df 0000:0000,driver=ata_piix,class=storage
regtype=linux,bus=pci,id=8086:2820 0000:0000,driver=ata_piix,class=storage
regtype=linux,bus=pci,id=8086:2825 0000:0000,driver=ata_piix,class=storage
regtype=linux,bus=pci,id=8086:2828 0000:0000,driver=ata_piix,class=storage
regtype=linux,bus=pci,id=8086:2850 0000:0000,driver=ata_piix,class=storage
regtype=linux,bus=pci,id=8086:2920 0000:0000,driver=ata_piix,class=storage
regtype=linux,bus=pci,id=8086:2921 0000:0000,driver=ata_piix,class=storage
regtype=linux,bus=pci,id=8086:2926 0000:0000,driver=ata_piix,class=storage
regtype=linux,bus=pci,id=8086:2928 0000:0000,driver=ata_piix,class=storage
regtype=linux,bus=pci,id=8086:292d 0000:0000,driver=ata_piix,class=storage
regtype=linux,bus=pci,id=8086:292e 0000:0000,driver=ata_piix,class=storage
regtype=linux,bus=pci,id=8086:3a00 0000:0000,driver=ata_piix,class=storage
regtype=linux,bus=pci,id=8086:3a06 0000:0000,driver=ata_piix,class=storage
regtype=linux,bus=pci,id=8086:3a20 0000:0000,driver=ata_piix,class=storage
regtype=linux,bus=pci,id=8086:3a26 0000:0000,driver=ata_piix,class=storage
regtype=linux,bus=pci,id=8086:3b20 0000:0000,driver=ata_piix,class=storage
regtype=linux,bus=pci,id=8086:3b21 0000:0000,driver=ata_piix,class=storage
regtype=linux,bus=pci,id=8086:3b26 0000:0000,driver=ata_piix,class=storage
regtype=linux,bus=pci,id=8086:3b28 0000:0000,driver=ata_piix,class=storage
regtype=linux,bus=pci,id=8086:3b2d 0000:0000,driver=ata_piix,class=storage
regtype=linux,bus=pci,id=8086:3b2e 0000:0000,driver=ata_piix,class=storage
regtype=linux,bus=pci,id=8086:7010 0000:0000,driver=ata_piix,class=storage
regtype=linux,bus=pci,id=8086:7111 0000:0000,driver=ata_piix,class=storage
regtype=linux,bus=pci,id=8086:7199 0000:0000,driver=ata_piix,class=storage
regtype=linux,bus=pci,id=8086:7601 0000:0000,driver=ata_piix,class=storage
regtype=linux,bus=pci,id=8086:84ca 0000:0000,driver=ata_piix,class=storage
regtype=linux,bus=pci,id=8086:8c00 0000:0000,driver=ata_piix,class=storage
regtype=linux,bus=pci,id=8086:8c01 0000:0000,driver=ata_piix,class=storage
regtype=linux,bus=pci,id=8086:8c08 0000:0000,driver=ata_piix,class=storage
regtype=linux,bus=pci,id=8086:8c09 0000:0000,driver=ata_piix,class=storage
regtype=linux,bus=pci,id=8086:8d00 0000:0000,driver=ata_piix,class=storage
regtype=linux,bus=pci,id=8086:8d08 0000:0000,driver=ata_piix,class=storage
regtype=linux,bus=pci,id=8086:8d60 0000:0000,driver=ata_piix,class=storage
regtype=linux,bus=pci,id=8086:8d68 0000:0000,driver=ata_piix,class=storage
