regtype=linux,bus=pci,id=0e11:0046 0e11:4091,driver=cciss,class=storage
regtype=linux,bus=pci,id=0e11:0046 0e11:409a,driver=cciss,class=storage
regtype=linux,bus=pci,id=0e11:0046 0e11:409b,driver=cciss,class=storage
regtype=linux,bus=pci,id=0e11:0046 0e11:409c,driver=cciss,class=storage
regtype=linux,bus=pci,id=0e11:0046 0e11:409d,driver=cciss,class=storage
regtype=linux,bus=pci,id=0e11:b060 0e11:4070,driver=cciss,class=storage
regtype=linux,bus=pci,id=0e11:b178 0e11:4080,driver=cciss,class=storage
regtype=linux,bus=pci,id=0e11:b178 0e11:4082,driver=cciss,class=storage
regtype=linux,bus=pci,id=0e11:b178 0e11:4083,driver=cciss,class=storage
regtype=linux,bus=pci,id=103c:3220 103c:3225,driver=cciss,class=storage
regtype=linux,bus=pci,id=103c:3230 103c:3223,driver=cciss,class=storage
regtype=linux,bus=pci,id=103c:3230 103c:3225,driver=cciss,class=storage
regtype=linux,bus=pci,id=103c:3230 103c:3234,driver=cciss,class=storage
regtype=linux,bus=pci,id=103c:3230 103c:3235,driver=cciss,class=storage
regtype=linux,bus=pci,id=103c:3230 103c:3237,driver=cciss,class=storage
regtype=linux,bus=pci,id=103c:3238 103c:3211,driver=cciss,class=storage
regtype=linux,bus=pci,id=103c:3238 103c:3212,driver=cciss,class=storage
regtype=linux,bus=pci,id=103c:3238 103c:3213,driver=cciss,class=storage
regtype=linux,bus=pci,id=103c:3238 103c:3214,driver=cciss,class=storage
regtype=linux,bus=pci,id=103c:3238 103c:3215,driver=cciss,class=storage
