regtype=linux,bus=pci,id=10de:0056 0000:0000,driver=forcedeth,class=network
regtype=linux,bus=pci,id=10de:0057 0000:0000,driver=forcedeth,class=network
regtype=linux,bus=pci,id=10de:0268 0000:0000,driver=forcedeth,class=network
regtype=linux,bus=pci,id=10de:0269 0000:0000,driver=forcedeth,class=network
regtype=linux,bus=pci,id=10de:0372 0000:0000,driver=forcedeth,class=network
regtype=linux,bus=pci,id=10de:0373 0000:0000,driver=forcedeth,class=network
regtype=linux,bus=pci,id=10de:054c 0000:0000,driver=forcedeth,class=network
regtype=linux,bus=pci,id=10de:054d 0000:0000,driver=forcedeth,class=network
regtype=linux,bus=pci,id=10de:054e 0000:0000,driver=forcedeth,class=network
regtype=linux,bus=pci,id=10de:054f 0000:0000,driver=forcedeth,class=network
regtype=linux,bus=pci,id=10de:0760 0000:0000,driver=forcedeth,class=network
regtype=linux,bus=pci,id=10de:0761 0000:0000,driver=forcedeth,class=network
regtype=linux,bus=pci,id=10de:0762 0000:0000,driver=forcedeth,class=network
regtype=linux,bus=pci,id=10de:0763 0000:0000,driver=forcedeth,class=network
regtype=linux,bus=pci,id=10de:07dc 0000:0000,driver=forcedeth,class=network
regtype=linux,bus=pci,id=10de:07dd 0000:0000,driver=forcedeth,class=network
regtype=linux,bus=pci,id=10de:07de 0000:0000,driver=forcedeth,class=network
regtype=linux,bus=pci,id=10de:07df 0000:0000,driver=forcedeth,class=network
regtype=linux,bus=pci,id=10de:0ab0 0000:0000,driver=forcedeth,class=network
regtype=linux,bus=pci,id=10de:0ab1 0000:0000,driver=forcedeth,class=network
regtype=linux,bus=pci,id=10de:0ab2 0000:0000,driver=forcedeth,class=network
regtype=linux,bus=pci,id=10de:0ab3 0000:0000,driver=forcedeth,class=network
