regtype=linux,bus=pci,id=8086:0438 0000:0000,driver=igb,class=network
regtype=linux,bus=pci,id=8086:043a 0000:0000,driver=igb,class=network
regtype=linux,bus=pci,id=8086:043c 0000:0000,driver=igb,class=network
regtype=linux,bus=pci,id=8086:0440 0000:0000,driver=igb,class=network
regtype=linux,bus=pci,id=8086:10a7 0000:0000,driver=igb,class=network
regtype=linux,bus=pci,id=8086:10a9 0000:0000,driver=igb,class=network
regtype=linux,bus=pci,id=8086:10c9 0000:0000,driver=igb,class=network
regtype=linux,bus=pci,id=8086:10d6 0000:0000,driver=igb,class=network
regtype=linux,bus=pci,id=8086:10e6 0000:0000,driver=igb,class=network
regtype=linux,bus=pci,id=8086:10e7 0000:0000,driver=igb,class=network
regtype=linux,bus=pci,id=8086:10e8 0000:0000,driver=igb,class=network
regtype=linux,bus=pci,id=8086:150a 0000:0000,driver=igb,class=network
regtype=linux,bus=pci,id=8086:150d 0000:0000,driver=igb,class=network
regtype=linux,bus=pci,id=8086:150e 0000:0000,driver=igb,class=network
regtype=linux,bus=pci,id=8086:150f 0000:0000,driver=igb,class=network
regtype=linux,bus=pci,id=8086:1510 0000:0000,driver=igb,class=network
regtype=linux,bus=pci,id=8086:1511 0000:0000,driver=igb,class=network
regtype=linux,bus=pci,id=8086:1516 0000:0000,driver=igb,class=network
regtype=linux,bus=pci,id=8086:1518 0000:0000,driver=igb,class=network
regtype=linux,bus=pci,id=8086:1521 0000:0000,driver=igb,class=network
regtype=linux,bus=pci,id=8086:1522 0000:0000,driver=igb,class=network
regtype=linux,bus=pci,id=8086:1523 0000:0000,driver=igb,class=network
regtype=linux,bus=pci,id=8086:1524 0000:0000,driver=igb,class=network
regtype=linux,bus=pci,id=8086:1526 0000:0000,driver=igb,class=network
regtype=linux,bus=pci,id=8086:1527 0000:0000,driver=igb,class=network
regtype=linux,bus=pci,id=8086:1533 0000:0000,driver=igb,class=network
regtype=linux,bus=pci,id=8086:1534 0000:0000,driver=igb,class=network
regtype=linux,bus=pci,id=8086:1535 0000:0000,driver=igb,class=network
regtype=linux,bus=pci,id=8086:1536 0000:0000,driver=igb,class=network
regtype=linux,bus=pci,id=8086:1537 0000:0000,driver=igb,class=network
regtype=linux,bus=pci,id=8086:1538 0000:0000,driver=igb,class=network
regtype=linux,bus=pci,id=8086:1539 0000:0000,driver=igb,class=network
regtype=linux,bus=pci,id=8086:157b 0000:0000,driver=igb,class=network
regtype=linux,bus=pci,id=8086:157c 0000:0000,driver=igb,class=network
regtype=linux,bus=pci,id=8086:1f40 0000:0000,driver=igb,class=network
regtype=linux,bus=pci,id=8086:1f41 0000:0000,driver=igb,class=network
regtype=linux,bus=pci,id=8086:1f45 0000:0000,driver=igb,class=network
