regtype=linux,bus=pci,id=8086:10b6 0000:0000,driver=ixgbe,class=network
regtype=linux,bus=pci,id=8086:10c6 0000:0000,driver=ixgbe,class=network
regtype=linux,bus=pci,id=8086:10c7 0000:0000,driver=ixgbe,class=network
regtype=linux,bus=pci,id=8086:10c8 0000:0000,driver=ixgbe,class=network
regtype=linux,bus=pci,id=8086:10db 0000:0000,driver=ixgbe,class=network
regtype=linux,bus=pci,id=8086:10dd 0000:0000,driver=ixgbe,class=network
regtype=linux,bus=pci,id=8086:10e1 0000:0000,driver=ixgbe,class=network
regtype=linux,bus=pci,id=8086:10ec 0000:0000,driver=ixgbe,class=network
regtype=linux,bus=pci,id=8086:10f1 0000:0000,driver=ixgbe,class=network
regtype=linux,bus=pci,id=8086:10f4 0000:0000,driver=ixgbe,class=network
regtype=linux,bus=pci,id=8086:10f7 0000:0000,driver=ixgbe,class=network
regtype=linux,bus=pci,id=8086:10f8 0000:0000,driver=ixgbe,class=network
regtype=linux,bus=pci,id=8086:10f9 0000:0000,driver=ixgbe,class=network
regtype=linux,bus=pci,id=8086:10fb 0000:0000,driver=ixgbe,class=network
regtype=linux,bus=pci,id=8086:10fc 0000:0000,driver=ixgbe,class=network
regtype=linux,bus=pci,id=8086:1507 0000:0000,driver=ixgbe,class=network
regtype=linux,bus=pci,id=8086:1508 0000:0000,driver=ixgbe,class=network
regtype=linux,bus=pci,id=8086:150b 0000:0000,driver=ixgbe,class=network
regtype=linux,bus=pci,id=8086:1514 0000:0000,driver=ixgbe,class=network
regtype=linux,bus=pci,id=8086:1515 0000:0000,driver=ixgbe,class=network
regtype=linux,bus=pci,id=8086:1517 0000:0000,driver=ixgbe,class=network
regtype=linux,bus=pci,id=8086:151c 0000:0000,driver=ixgbe,class=network
regtype=linux,bus=pci,id=8086:1528 0000:0000,driver=ixgbe,class=network
regtype=linux,bus=pci,id=8086:1529 0000:0000,driver=ixgbe,class=network
regtype=linux,bus=pci,id=8086:152a 0000:0000,driver=ixgbe,class=network
regtype=linux,bus=pci,id=8086:154d 0000:0000,driver=ixgbe,class=network
regtype=linux,bus=pci,id=8086:154f 0000:0000,driver=ixgbe,class=network
regtype=linux,bus=pci,id=8086:1557 0000:0000,driver=ixgbe,class=network
