regtype=linux,bus=pci,id=1000:0407 0000:0000,driver=megaraid2,class=storage
regtype=linux,bus=pci,id=1000:0408 0000:0000,driver=megaraid2,class=storage
regtype=linux,bus=pci,id=1000:0408 1028:0002,driver=megaraid2,class=storage
regtype=linux,bus=pci,id=1000:1960 0000:0000,driver=megaraid2,class=storage
regtype=linux,bus=pci,id=1000:1960 1028:0518,driver=megaraid2,class=storage
regtype=linux,bus=pci,id=1000:9010 0000:0000,driver=megaraid2,class=storage
regtype=linux,bus=pci,id=1000:9060 0000:0000,driver=megaraid2,class=storage
regtype=linux,bus=pci,id=101e:1960 0000:0000,driver=megaraid2,class=storage
regtype=linux,bus=pci,id=101e:9010 0000:0000,driver=megaraid2,class=storage
regtype=linux,bus=pci,id=101e:9060 0000:0000,driver=megaraid2,class=storage
regtype=linux,bus=pci,id=1028:000e 0000:0000,driver=megaraid2,class=storage
regtype=linux,bus=pci,id=1028:000f 0000:0000,driver=megaraid2,class=storage
regtype=linux,bus=pci,id=1028:0013 0000:0000,driver=megaraid2,class=storage
regtype=linux,bus=pci,id=8086:1960 101e:0438,driver=megaraid2,class=storage
regtype=linux,bus=pci,id=8086:1960 101e:0466,driver=megaraid2,class=storage
regtype=linux,bus=pci,id=8086:1960 101e:0467,driver=megaraid2,class=storage
regtype=linux,bus=pci,id=8086:1960 101e:09a0,driver=megaraid2,class=storage
regtype=linux,bus=pci,id=8086:1960 1028:0467,driver=megaraid2,class=storage
regtype=linux,bus=pci,id=8086:1960 1028:1111,driver=megaraid2,class=storage
regtype=linux,bus=pci,id=8086:1960 103c:03a2,driver=megaraid2,class=storage
regtype=linux,bus=pci,id=8086:1960 103c:10c6,driver=megaraid2,class=storage
regtype=linux,bus=pci,id=8086:1960 103c:10c7,driver=megaraid2,class=storage
regtype=linux,bus=pci,id=8086:1960 103c:10cc,driver=megaraid2,class=storage
