regtype=linux,bus=pci,id=1000:005b 0000:0000,driver=megaraid_sas,class=storage
regtype=linux,bus=pci,id=1000:005b 1028:1f2d,driver=megaraid_sas,class=storage
regtype=linux,bus=pci,id=1000:005b 1028:1f30,driver=megaraid_sas,class=storage
regtype=linux,bus=pci,id=1000:005b 1028:1f31,driver=megaraid_sas,class=storage
regtype=linux,bus=pci,id=1000:005b 1028:1f32,driver=megaraid_sas,class=storage
regtype=linux,bus=pci,id=1000:005b 1028:1f33,driver=megaraid_sas,class=storage
regtype=linux,bus=pci,id=1000:005b 1028:1f34,driver=megaraid_sas,class=storage
regtype=linux,bus=pci,id=1000:005b 1028:1f35,driver=megaraid_sas,class=storage
regtype=linux,bus=pci,id=1000:005b 1028:1f36,driver=megaraid_sas,class=storage
regtype=linux,bus=pci,id=1000:005b 1028:1f37,driver=megaraid_sas,class=storage
regtype=linux,bus=pci,id=1000:005b 1028:1f38,driver=megaraid_sas,class=storage
regtype=linux,bus=pci,id=1000:0060 0000:0000,driver=megaraid_sas,class=storage
regtype=linux,bus=pci,id=1000:0060 1028:1f0a,driver=megaraid_sas,class=storage
regtype=linux,bus=pci,id=1000:0060 1028:1f0b,driver=megaraid_sas,class=storage
regtype=linux,bus=pci,id=1000:0060 1028:1f0c,driver=megaraid_sas,class=storage
regtype=linux,bus=pci,id=1000:0060 1028:1f0d,driver=megaraid_sas,class=storage
regtype=linux,bus=pci,id=1000:0060 1028:1f11,driver=megaraid_sas,class=storage
regtype=linux,bus=pci,id=1000:0071 0000:0000,driver=megaraid_sas,class=storage
regtype=linux,bus=pci,id=1000:0073 0000:0000,driver=megaraid_sas,class=storage
regtype=linux,bus=pci,id=1000:0073 1028:1f4e,driver=megaraid_sas,class=storage
regtype=linux,bus=pci,id=1000:0073 1028:1f4f,driver=megaraid_sas,class=storage
regtype=linux,bus=pci,id=1000:0073 1028:1f50,driver=megaraid_sas,class=storage
regtype=linux,bus=pci,id=1000:0073 1028:1f51,driver=megaraid_sas,class=storage
regtype=linux,bus=pci,id=1000:0073 1028:1f52,driver=megaraid_sas,class=storage
regtype=linux,bus=pci,id=1000:0073 1028:1f53,driver=megaraid_sas,class=storage
regtype=linux,bus=pci,id=1000:0073 1028:1f54,driver=megaraid_sas,class=storage
regtype=linux,bus=pci,id=1000:0078 0000:0000,driver=megaraid_sas,class=storage
regtype=linux,bus=pci,id=1000:0079 0000:0000,driver=megaraid_sas,class=storage
regtype=linux,bus=pci,id=1000:0079 1028:1f15,driver=megaraid_sas,class=storage
regtype=linux,bus=pci,id=1000:0079 1028:1f16,driver=megaraid_sas,class=storage
regtype=linux,bus=pci,id=1000:0079 1028:1f17,driver=megaraid_sas,class=storage
regtype=linux,bus=pci,id=1000:0079 1028:1f18,driver=megaraid_sas,class=storage
regtype=linux,bus=pci,id=1000:0079 1028:1f19,driver=megaraid_sas,class=storage
regtype=linux,bus=pci,id=1000:0079 1028:1f1a,driver=megaraid_sas,class=storage
regtype=linux,bus=pci,id=1000:0079 1028:1f1b,driver=megaraid_sas,class=storage
regtype=linux,bus=pci,id=1000:007c 0000:0000,driver=megaraid_sas,class=storage
regtype=linux,bus=pci,id=1000:0411 0000:0000,driver=megaraid_sas,class=storage
regtype=linux,bus=pci,id=1000:0413 0000:0000,driver=megaraid_sas,class=storage
regtype=linux,bus=pci,id=1028:0015 0000:0000,driver=megaraid_sas,class=storage
