regtype=linux,bus=pci,id=15b3:0191 0000:0000,driver=mlx4_core,class=network
regtype=linux,bus=pci,id=15b3:01f6 0000:0000,driver=mlx4_core,class=network
regtype=linux,bus=pci,id=15b3:1002 0000:0000,driver=mlx4_core,class=network
regtype=linux,bus=pci,id=15b3:1003 0000:0000,driver=mlx4_core,class=network
regtype=linux,bus=pci,id=15b3:1004 0000:0000,driver=mlx4_core,class=network
regtype=linux,bus=pci,id=15b3:1005 0000:0000,driver=mlx4_core,class=network
regtype=linux,bus=pci,id=15b3:1006 0000:0000,driver=mlx4_core,class=network
regtype=linux,bus=pci,id=15b3:1007 0000:0000,driver=mlx4_core,class=network
regtype=linux,bus=pci,id=15b3:1008 0000:0000,driver=mlx4_core,class=network
regtype=linux,bus=pci,id=15b3:1009 0000:0000,driver=mlx4_core,class=network
regtype=linux,bus=pci,id=15b3:100a 0000:0000,driver=mlx4_core,class=network
regtype=linux,bus=pci,id=15b3:100b 0000:0000,driver=mlx4_core,class=network
regtype=linux,bus=pci,id=15b3:100c 0000:0000,driver=mlx4_core,class=network
regtype=linux,bus=pci,id=15b3:100d 0000:0000,driver=mlx4_core,class=network
regtype=linux,bus=pci,id=15b3:100e 0000:0000,driver=mlx4_core,class=network
regtype=linux,bus=pci,id=15b3:100f 0000:0000,driver=mlx4_core,class=network
regtype=linux,bus=pci,id=15b3:1010 0000:0000,driver=mlx4_core,class=network
regtype=linux,bus=pci,id=15b3:6340 0000:0000,driver=mlx4_core,class=network
regtype=linux,bus=pci,id=15b3:634a 0000:0000,driver=mlx4_core,class=network
regtype=linux,bus=pci,id=15b3:6368 0000:0000,driver=mlx4_core,class=network
regtype=linux,bus=pci,id=15b3:6372 0000:0000,driver=mlx4_core,class=network
regtype=linux,bus=pci,id=15b3:6732 0000:0000,driver=mlx4_core,class=network
regtype=linux,bus=pci,id=15b3:673c 0000:0000,driver=mlx4_core,class=network
regtype=linux,bus=pci,id=15b3:6746 0000:0000,driver=mlx4_core,class=network
regtype=linux,bus=pci,id=15b3:6750 0000:0000,driver=mlx4_core,class=network
regtype=linux,bus=pci,id=15b3:675a 0000:0000,driver=mlx4_core,class=network
regtype=linux,bus=pci,id=15b3:6764 0000:0000,driver=mlx4_core,class=network
regtype=linux,bus=pci,id=15b3:676e 0000:0000,driver=mlx4_core,class=network
regtype=linux,bus=pci,id=15b3:6778 0000:0000,driver=mlx4_core,class=network
