regtype=linux,bus=pci,id=1000:0064 0000:0000,driver=mpt2sas,class=storage
regtype=linux,bus=pci,id=1000:0065 0000:0000,driver=mpt2sas,class=storage
regtype=linux,bus=pci,id=1000:006e 0000:0000,driver=mpt2sas,class=storage
regtype=linux,bus=pci,id=1000:0070 0000:0000,driver=mpt2sas,class=storage
regtype=linux,bus=pci,id=1000:0070 1590:0046,driver=mpt2sas,class=storage
regtype=linux,bus=pci,id=1000:0072 0000:0000,driver=mpt2sas,class=storage
regtype=linux,bus=pci,id=1000:0072 1028:1f1c,driver=mpt2sas,class=storage
regtype=linux,bus=pci,id=1000:0072 1028:1f1d,driver=mpt2sas,class=storage
regtype=linux,bus=pci,id=1000:0072 1028:1f1e,driver=mpt2sas,class=storage
regtype=linux,bus=pci,id=1000:0072 1028:1f1f,driver=mpt2sas,class=storage
regtype=linux,bus=pci,id=1000:0072 1028:1f20,driver=mpt2sas,class=storage
regtype=linux,bus=pci,id=1000:0072 1028:1f21,driver=mpt2sas,class=storage
regtype=linux,bus=pci,id=1000:0072 1028:1f22,driver=mpt2sas,class=storage
regtype=linux,bus=pci,id=1000:0072 8086:3700,driver=mpt2sas,class=storage
regtype=linux,bus=pci,id=1000:0074 0000:0000,driver=mpt2sas,class=storage
regtype=linux,bus=pci,id=1000:0076 0000:0000,driver=mpt2sas,class=storage
regtype=linux,bus=pci,id=1000:0077 0000:0000,driver=mpt2sas,class=storage
regtype=linux,bus=pci,id=1000:007e 0000:0000,driver=mpt2sas,class=storage
regtype=linux,bus=pci,id=1000:0080 0000:0000,driver=mpt2sas,class=storage
regtype=linux,bus=pci,id=1000:0081 0000:0000,driver=mpt2sas,class=storage
regtype=linux,bus=pci,id=1000:0082 0000:0000,driver=mpt2sas,class=storage
regtype=linux,bus=pci,id=1000:0083 0000:0000,driver=mpt2sas,class=storage
regtype=linux,bus=pci,id=1000:0084 0000:0000,driver=mpt2sas,class=storage
regtype=linux,bus=pci,id=1000:0085 0000:0000,driver=mpt2sas,class=storage
regtype=linux,bus=pci,id=1000:0086 0000:0000,driver=mpt2sas,class=storage
regtype=linux,bus=pci,id=1000:0087 0000:0000,driver=mpt2sas,class=storage
regtype=linux,bus=pci,id=1000:0087 1590:0041,driver=mpt2sas,class=storage
regtype=linux,bus=pci,id=1000:0087 1590:0042,driver=mpt2sas,class=storage
regtype=linux,bus=pci,id=1000:0087 1590:0043,driver=mpt2sas,class=storage
regtype=linux,bus=pci,id=1000:0087 1590:0044,driver=mpt2sas,class=storage
