regtype=linux,bus=pci,id=1022:209a 0000:0000,driver=pata_amd,class=storage
regtype=linux,bus=pci,id=1022:7401 0000:0000,driver=pata_amd,class=storage
regtype=linux,bus=pci,id=1022:7409 0000:0000,driver=pata_amd,class=storage
regtype=linux,bus=pci,id=1022:7411 0000:0000,driver=pata_amd,class=storage
regtype=linux,bus=pci,id=1022:7441 0000:0000,driver=pata_amd,class=storage
regtype=linux,bus=pci,id=1022:7469 0000:0000,driver=pata_amd,class=storage
regtype=linux,bus=pci,id=10de:0035 0000:0000,driver=pata_amd,class=storage
regtype=linux,bus=pci,id=10de:0053 0000:0000,driver=pata_amd,class=storage
regtype=linux,bus=pci,id=10de:0065 0000:0000,driver=pata_amd,class=storage
regtype=linux,bus=pci,id=10de:0085 0000:0000,driver=pata_amd,class=storage
regtype=linux,bus=pci,id=10de:00d5 0000:0000,driver=pata_amd,class=storage
regtype=linux,bus=pci,id=10de:00e5 0000:0000,driver=pata_amd,class=storage
regtype=linux,bus=pci,id=10de:01bc 0000:0000,driver=pata_amd,class=storage
regtype=linux,bus=pci,id=10de:0265 0000:0000,driver=pata_amd,class=storage
regtype=linux,bus=pci,id=10de:036e 0000:0000,driver=pata_amd,class=storage
regtype=linux,bus=pci,id=10de:03ec 0000:0000,driver=pata_amd,class=storage
regtype=linux,bus=pci,id=10de:0448 0000:0000,driver=pata_amd,class=storage
regtype=linux,bus=pci,id=10de:0560 0000:0000,driver=pata_amd,class=storage
regtype=linux,bus=pci,id=10de:056c 0000:0000,driver=pata_amd,class=storage
regtype=linux,bus=pci,id=10de:0759 0000:0000,driver=pata_amd,class=storage
