regtype=linux,bus=pci,id=10de:0036 0000:0000,driver=sata_nv,class=storage
regtype=linux,bus=pci,id=10de:003e 0000:0000,driver=sata_nv,class=storage
regtype=linux,bus=pci,id=10de:0054 0000:0000,driver=sata_nv,class=storage
regtype=linux,bus=pci,id=10de:0055 0000:0000,driver=sata_nv,class=storage
regtype=linux,bus=pci,id=10de:008e 0000:0000,driver=sata_nv,class=storage
regtype=linux,bus=pci,id=10de:00e3 0000:0000,driver=sata_nv,class=storage
regtype=linux,bus=pci,id=10de:00ee 0000:0000,driver=sata_nv,class=storage
regtype=linux,bus=pci,id=10de:0266 0000:0000,driver=sata_nv,class=storage
regtype=linux,bus=pci,id=10de:0267 0000:0000,driver=sata_nv,class=storage
regtype=linux,bus=pci,id=10de:037e 0000:0000,driver=sata_nv,class=storage
regtype=linux,bus=pci,id=10de:037f 0000:0000,driver=sata_nv,class=storage
regtype=linux,bus=pci,id=10de:03e7 0000:0000,driver=sata_nv,class=storage
regtype=linux,bus=pci,id=10de:03f6 0000:0000,driver=sata_nv,class=storage
regtype=linux,bus=pci,id=10de:03f7 0000:0000,driver=sata_nv,class=storage
regtype=linux,bus=pci,id=10de:045c 0000:0000,driver=sata_nv,class=storage
regtype=linux,bus=pci,id=10de:045d 0000:0000,driver=sata_nv,class=storage
regtype=linux,bus=pci,id=10de:045e 0000:0000,driver=sata_nv,class=storage
regtype=linux,bus=pci,id=10de:045f 0000:0000,driver=sata_nv,class=storage
regtype=linux,bus=pci,id=10de:0550 0000:0000,driver=sata_nv,class=storage
regtype=linux,bus=pci,id=10de:0551 0000:0000,driver=sata_nv,class=storage
regtype=linux,bus=pci,id=10de:0552 0000:0000,driver=sata_nv,class=storage
regtype=linux,bus=pci,id=10de:0553 0000:0000,driver=sata_nv,class=storage
