regtype=linux,bus=pci,id=14e4:1600 0000:0000,driver=tg3,class=network
regtype=linux,bus=pci,id=14e4:1601 0000:0000,driver=tg3,class=network
regtype=linux,bus=pci,id=14e4:1641 0000:0000,driver=tg3,class=network
regtype=linux,bus=pci,id=14e4:1642 0000:0000,driver=tg3,class=network
regtype=linux,bus=pci,id=14e4:1643 0000:0000,driver=tg3,class=network
regtype=linux,bus=pci,id=14e4:1644 0000:0000,driver=tg3,class=network
regtype=linux,bus=pci,id=14e4:1645 0000:0000,driver=tg3,class=network
regtype=linux,bus=pci,id=14e4:1646 0000:0000,driver=tg3,class=network
regtype=linux,bus=pci,id=14e4:1647 0000:0000,driver=tg3,class=network
regtype=linux,bus=pci,id=14e4:1648 0000:0000,driver=tg3,class=network
regtype=linux,bus=pci,id=14e4:1649 0000:0000,driver=tg3,class=network
regtype=linux,bus=pci,id=14e4:164d 0000:0000,driver=tg3,class=network
regtype=linux,bus=pci,id=14e4:1653 0000:0000,driver=tg3,class=network
regtype=linux,bus=pci,id=14e4:1654 0000:0000,driver=tg3,class=network
regtype=linux,bus=pci,id=14e4:1655 0000:0000,driver=tg3,class=network
regtype=linux,bus=pci,id=14e4:1656 0000:0000,driver=tg3,class=network
regtype=linux,bus=pci,id=14e4:1657 0000:0000,driver=tg3,class=network
regtype=linux,bus=pci,id=14e4:1659 0000:0000,driver=tg3,class=network
regtype=linux,bus=pci,id=14e4:165a 0000:0000,driver=tg3,class=network
regtype=linux,bus=pci,id=14e4:165b 0000:0000,driver=tg3,class=network
regtype=linux,bus=pci,id=14e4:165c 0000:0000,driver=tg3,class=network
regtype=linux,bus=pci,id=14e4:165d 0000:0000,driver=tg3,class=network
regtype=linux,bus=pci,id=14e4:165e 0000:0000,driver=tg3,class=network
regtype=linux,bus=pci,id=14e4:165f 0000:0000,driver=tg3,class=network
regtype=linux,bus=pci,id=14e4:1665 0000:0000,driver=tg3,class=network
regtype=linux,bus=pci,id=14e4:1668 0000:0000,driver=tg3,class=network
regtype=linux,bus=pci,id=14e4:1669 0000:0000,driver=tg3,class=network
regtype=linux,bus=pci,id=14e4:166a 0000:0000,driver=tg3,class=network
regtype=linux,bus=pci,id=14e4:166b 0000:0000,driver=tg3,class=network
regtype=linux,bus=pci,id=14e4:166e 0000:0000,driver=tg3,class=network
regtype=linux,bus=pci,id=14e4:1672 0000:0000,driver=tg3,class=network
regtype=linux,bus=pci,id=14e4:1673 0000:0000,driver=tg3,class=network
regtype=linux,bus=pci,id=14e4:1674 0000:0000,driver=tg3,class=network
regtype=linux,bus=pci,id=14e4:1677 0000:0000,driver=tg3,class=network
regtype=linux,bus=pci,id=14e4:1678 0000:0000,driver=tg3,class=network
regtype=linux,bus=pci,id=14e4:1678 103c:703e,driver=tg3,class=network
regtype=linux,bus=pci,id=14e4:1679 0000:0000,driver=tg3,class=network
regtype=linux,bus=pci,id=14e4:167a 0000:0000,driver=tg3,class=network
regtype=linux,bus=pci,id=14e4:167b 0000:0000,driver=tg3,class=network
regtype=linux,bus=pci,id=14e4:167d 0000:0000,driver=tg3,class=network
regtype=linux,bus=pci,id=14e4:167e 0000:0000,driver=tg3,class=network
regtype=linux,bus=pci,id=14e4:167f 0000:0000,driver=tg3,class=network
regtype=linux,bus=pci,id=14e4:1680 0000:0000,driver=tg3,class=network
regtype=linux,bus=pci,id=14e4:1681 0000:0000,driver=tg3,class=network
regtype=linux,bus=pci,id=14e4:1682 0000:0000,driver=tg3,class=network
regtype=linux,bus=pci,id=14e4:1683 0000:0000,driver=tg3,class=network
regtype=linux,bus=pci,id=14e4:1684 0000:0000,driver=tg3,class=network
regtype=linux,bus=pci,id=14e4:1686 0000:0000,driver=tg3,class=network
regtype=linux,bus=pci,id=14e4:1687 0000:0000,driver=tg3,class=network
regtype=linux,bus=pci,id=14e4:1688 0000:0000,driver=tg3,class=network
regtype=linux,bus=pci,id=14e4:1689 0000:0000,driver=tg3,class=network
regtype=linux,bus=pci,id=14e4:1690 0000:0000,driver=tg3,class=network
regtype=linux,bus=pci,id=14e4:1691 0000:0000,driver=tg3,class=network
regtype=linux,bus=pci,id=14e4:1692 0000:0000,driver=tg3,class=network
regtype=linux,bus=pci,id=14e4:1693 0000:0000,driver=tg3,class=network
regtype=linux,bus=pci,id=14e4:1694 0000:0000,driver=tg3,class=network
regtype=linux,bus=pci,id=14e4:1696 0000:0000,driver=tg3,class=network
regtype=linux,bus=pci,id=14e4:1698 0000:0000,driver=tg3,class=network
regtype=linux,bus=pci,id=14e4:1699 0000:0000,driver=tg3,class=network
regtype=linux,bus=pci,id=14e4:169a 0000:0000,driver=tg3,class=network
regtype=linux,bus=pci,id=14e4:169b 0000:0000,driver=tg3,class=network
regtype=linux,bus=pci,id=14e4:169c 0000:0000,driver=tg3,class=network
regtype=linux,bus=pci,id=14e4:169d 0000:0000,driver=tg3,class=network
regtype=linux,bus=pci,id=14e4:16a0 0000:0000,driver=tg3,class=network
regtype=linux,bus=pci,id=14e4:16a6 0000:0000,driver=tg3,class=network
regtype=linux,bus=pci,id=14e4:16a7 0000:0000,driver=tg3,class=network
regtype=linux,bus=pci,id=14e4:16a8 0000:0000,driver=tg3,class=network
regtype=linux,bus=pci,id=14e4:16b0 0000:0000,driver=tg3,class=network
regtype=linux,bus=pci,id=14e4:16b1 0000:0000,driver=tg3,class=network
regtype=linux,bus=pci,id=14e4:16b2 0000:0000,driver=tg3,class=network
regtype=linux,bus=pci,id=14e4:16b4 0000:0000,driver=tg3,class=network
regtype=linux,bus=pci,id=14e4:16b5 0000:0000,driver=tg3,class=network
regtype=linux,bus=pci,id=14e4:16b6 0000:0000,driver=tg3,class=network
regtype=linux,bus=pci,id=14e4:16c6 0000:0000,driver=tg3,class=network
regtype=linux,bus=pci,id=14e4:16c7 0000:0000,driver=tg3,class=network
regtype=linux,bus=pci,id=14e4:16dd 0000:0000,driver=tg3,class=network
regtype=linux,bus=pci,id=14e4:16f3 0000:0000,driver=tg3,class=network
regtype=linux,bus=pci,id=14e4:16f7 0000:0000,driver=tg3,class=network
regtype=linux,bus=pci,id=14e4:16fd 0000:0000,driver=tg3,class=network
regtype=linux,bus=pci,id=14e4:16fe 0000:0000,driver=tg3,class=network
regtype=linux,bus=pci,id=14e4:170d 0000:0000,driver=tg3,class=network
regtype=linux,bus=pci,id=14e4:170e 0000:0000,driver=tg3,class=network
regtype=linux,bus=pci,id=14e4:1712 0000:0000,driver=tg3,class=network
regtype=linux,bus=pci,id=14e4:1713 0000:0000,driver=tg3,class=network
